ARM GAS  C:\Users\JOSANT~1\AppData\Local\Temp\cc8S33rQ.s 			page 1


   1              		.cpu cortex-m0
   2              		.fpu softvfp
   3              		.eabi_attribute 20, 1
   4              		.eabi_attribute 21, 1
   5              		.eabi_attribute 23, 3
   6              		.eabi_attribute 24, 1
   7              		.eabi_attribute 25, 1
   8              		.eabi_attribute 26, 1
   9              		.eabi_attribute 30, 1
  10              		.eabi_attribute 34, 0
  11              		.eabi_attribute 18, 4
  12              		.code	16
  13              		.file	"cyfitter_cfg.c"
  14              		.text
  15              	.Ltext0:
  16              		.cfi_sections	.debug_frame
  17              		.section	.text.CYMEMZERO,"ax",%progbits
  18              		.align	2
  19              		.code	16
  20              		.thumb_func
  21              		.type	CYMEMZERO, %function
  22              	CYMEMZERO:
  23              	.LFB0:
  24              		.file 1 "Generated_Source\\PSoC4\\cyfitter_cfg.c"
   1:Generated_Source\PSoC4/cyfitter_cfg.c **** /*******************************************************************************
   2:Generated_Source\PSoC4/cyfitter_cfg.c **** * File Name: cyfitter_cfg.c
   3:Generated_Source\PSoC4/cyfitter_cfg.c **** * 
   4:Generated_Source\PSoC4/cyfitter_cfg.c **** * PSoC Creator  4.0 Update 1
   5:Generated_Source\PSoC4/cyfitter_cfg.c **** *
   6:Generated_Source\PSoC4/cyfitter_cfg.c **** * Description:
   7:Generated_Source\PSoC4/cyfitter_cfg.c **** * This file contains device initialization code.
   8:Generated_Source\PSoC4/cyfitter_cfg.c **** * Except for the user defined sections in CyClockStartupError(), this file should not be modified.
   9:Generated_Source\PSoC4/cyfitter_cfg.c **** * This file is automatically generated by PSoC Creator.
  10:Generated_Source\PSoC4/cyfitter_cfg.c **** *
  11:Generated_Source\PSoC4/cyfitter_cfg.c **** ********************************************************************************
  12:Generated_Source\PSoC4/cyfitter_cfg.c **** * Copyright (c) 2007-2016 Cypress Semiconductor.  All rights reserved.
  13:Generated_Source\PSoC4/cyfitter_cfg.c **** * You may use this file only in accordance with the license, terms, conditions, 
  14:Generated_Source\PSoC4/cyfitter_cfg.c **** * disclaimers, and limitations in the end user license agreement accompanying 
  15:Generated_Source\PSoC4/cyfitter_cfg.c **** * the software package with which this file was provided.
  16:Generated_Source\PSoC4/cyfitter_cfg.c **** ********************************************************************************/
  17:Generated_Source\PSoC4/cyfitter_cfg.c **** 
  18:Generated_Source\PSoC4/cyfitter_cfg.c **** #include <string.h>
  19:Generated_Source\PSoC4/cyfitter_cfg.c **** #include "cytypes.h"
  20:Generated_Source\PSoC4/cyfitter_cfg.c **** #include "cydevice_trm.h"
  21:Generated_Source\PSoC4/cyfitter_cfg.c **** #include "cyfitter.h"
  22:Generated_Source\PSoC4/cyfitter_cfg.c **** #include "CyLib.h"
  23:Generated_Source\PSoC4/cyfitter_cfg.c **** #include "cyfitter_cfg.h"
  24:Generated_Source\PSoC4/cyfitter_cfg.c **** #include "cyapicallbacks.h"
  25:Generated_Source\PSoC4/cyfitter_cfg.c **** 
  26:Generated_Source\PSoC4/cyfitter_cfg.c **** 
  27:Generated_Source\PSoC4/cyfitter_cfg.c **** #if defined(__GNUC__) || defined(__ARMCC_VERSION)
  28:Generated_Source\PSoC4/cyfitter_cfg.c ****     #define CYPACKED 
  29:Generated_Source\PSoC4/cyfitter_cfg.c ****     #define CYPACKED_ATTR __attribute__ ((packed))
  30:Generated_Source\PSoC4/cyfitter_cfg.c ****     #define CYALIGNED __attribute__ ((aligned))
  31:Generated_Source\PSoC4/cyfitter_cfg.c ****     #define CY_CFG_UNUSED __attribute__ ((unused))
  32:Generated_Source\PSoC4/cyfitter_cfg.c ****     #ifndef CY_CFG_SECTION
  33:Generated_Source\PSoC4/cyfitter_cfg.c ****         #define CY_CFG_SECTION __attribute__ ((section(".psocinit")))
ARM GAS  C:\Users\JOSANT~1\AppData\Local\Temp\cc8S33rQ.s 			page 2


  34:Generated_Source\PSoC4/cyfitter_cfg.c ****     #endif
  35:Generated_Source\PSoC4/cyfitter_cfg.c ****     
  36:Generated_Source\PSoC4/cyfitter_cfg.c ****     #if defined(__ARMCC_VERSION)
  37:Generated_Source\PSoC4/cyfitter_cfg.c ****         #define CY_CFG_MEMORY_BARRIER() __memory_changed()
  38:Generated_Source\PSoC4/cyfitter_cfg.c ****     #else
  39:Generated_Source\PSoC4/cyfitter_cfg.c ****         #define CY_CFG_MEMORY_BARRIER() __sync_synchronize()
  40:Generated_Source\PSoC4/cyfitter_cfg.c ****     #endif
  41:Generated_Source\PSoC4/cyfitter_cfg.c ****     
  42:Generated_Source\PSoC4/cyfitter_cfg.c **** #elif defined(__ICCARM__)
  43:Generated_Source\PSoC4/cyfitter_cfg.c ****     #include <intrinsics.h>
  44:Generated_Source\PSoC4/cyfitter_cfg.c **** 
  45:Generated_Source\PSoC4/cyfitter_cfg.c ****     #define CYPACKED __packed
  46:Generated_Source\PSoC4/cyfitter_cfg.c ****     #define CYPACKED_ATTR 
  47:Generated_Source\PSoC4/cyfitter_cfg.c ****     #define CYALIGNED _Pragma("data_alignment=4")
  48:Generated_Source\PSoC4/cyfitter_cfg.c ****     #define CY_CFG_UNUSED _Pragma("diag_suppress=Pe177")
  49:Generated_Source\PSoC4/cyfitter_cfg.c ****     #define CY_CFG_SECTION _Pragma("location=\".psocinit\"")
  50:Generated_Source\PSoC4/cyfitter_cfg.c ****     
  51:Generated_Source\PSoC4/cyfitter_cfg.c ****     #define CY_CFG_MEMORY_BARRIER() __DMB()
  52:Generated_Source\PSoC4/cyfitter_cfg.c ****     
  53:Generated_Source\PSoC4/cyfitter_cfg.c **** #else
  54:Generated_Source\PSoC4/cyfitter_cfg.c ****     #error Unsupported toolchain
  55:Generated_Source\PSoC4/cyfitter_cfg.c **** #endif
  56:Generated_Source\PSoC4/cyfitter_cfg.c **** 
  57:Generated_Source\PSoC4/cyfitter_cfg.c **** 
  58:Generated_Source\PSoC4/cyfitter_cfg.c **** CY_CFG_UNUSED
  59:Generated_Source\PSoC4/cyfitter_cfg.c **** static void CYMEMZERO(void *s, size_t n);
  60:Generated_Source\PSoC4/cyfitter_cfg.c **** CY_CFG_UNUSED
  61:Generated_Source\PSoC4/cyfitter_cfg.c **** static void CYMEMZERO(void *s, size_t n)
  62:Generated_Source\PSoC4/cyfitter_cfg.c **** {
  25              		.loc 1 62 0
  26              		.cfi_startproc
  27              	.LVL0:
  28 0000 08B5     		push	{r3, lr}
  29              		.cfi_def_cfa_offset 8
  30              		.cfi_offset 3, -8
  31              		.cfi_offset 14, -4
  32 0002 0A1C     		mov	r2, r1
  63:Generated_Source\PSoC4/cyfitter_cfg.c **** 	(void)memset(s, 0, n);
  33              		.loc 1 63 0
  34 0004 0021     		mov	r1, #0
  35              	.LVL1:
  36 0006 FFF7FEFF 		bl	memset
  37              	.LVL2:
  64:Generated_Source\PSoC4/cyfitter_cfg.c **** }
  38              		.loc 1 64 0
  39              		@ sp needed
  40 000a 08BD     		pop	{r3, pc}
  41              		.cfi_endproc
  42              	.LFE0:
  43              		.size	CYMEMZERO, .-CYMEMZERO
  44              		.section	.psocinit,"ax",%progbits
  45              		.align	2
  46              		.code	16
  47              		.thumb_func
  48              		.type	ClockSetup, %function
  49              	ClockSetup:
  50              	.LFB3:
ARM GAS  C:\Users\JOSANT~1\AppData\Local\Temp\cc8S33rQ.s 			page 3


  65:Generated_Source\PSoC4/cyfitter_cfg.c **** CY_CFG_UNUSED
  66:Generated_Source\PSoC4/cyfitter_cfg.c **** static void CYCONFIGCPY(void *dest, const void *src, size_t n);
  67:Generated_Source\PSoC4/cyfitter_cfg.c **** CY_CFG_UNUSED
  68:Generated_Source\PSoC4/cyfitter_cfg.c **** static void CYCONFIGCPY(void *dest, const void *src, size_t n)
  69:Generated_Source\PSoC4/cyfitter_cfg.c **** {
  70:Generated_Source\PSoC4/cyfitter_cfg.c **** 	(void)memcpy(dest, src, n);
  71:Generated_Source\PSoC4/cyfitter_cfg.c **** }
  72:Generated_Source\PSoC4/cyfitter_cfg.c **** CY_CFG_UNUSED
  73:Generated_Source\PSoC4/cyfitter_cfg.c **** static void CYCONFIGCPYCODE(void *dest, const void *src, size_t n);
  74:Generated_Source\PSoC4/cyfitter_cfg.c **** CY_CFG_UNUSED
  75:Generated_Source\PSoC4/cyfitter_cfg.c **** static void CYCONFIGCPYCODE(void *dest, const void *src, size_t n)
  76:Generated_Source\PSoC4/cyfitter_cfg.c **** {
  77:Generated_Source\PSoC4/cyfitter_cfg.c **** 	(void)memcpy(dest, src, n);
  78:Generated_Source\PSoC4/cyfitter_cfg.c **** }
  79:Generated_Source\PSoC4/cyfitter_cfg.c **** 
  80:Generated_Source\PSoC4/cyfitter_cfg.c **** 
  81:Generated_Source\PSoC4/cyfitter_cfg.c **** 
  82:Generated_Source\PSoC4/cyfitter_cfg.c **** 
  83:Generated_Source\PSoC4/cyfitter_cfg.c **** /* Clock startup error codes                                                   */
  84:Generated_Source\PSoC4/cyfitter_cfg.c **** #define CYCLOCKSTART_NO_ERROR    0u
  85:Generated_Source\PSoC4/cyfitter_cfg.c **** #define CYCLOCKSTART_XTAL_ERROR  1u
  86:Generated_Source\PSoC4/cyfitter_cfg.c **** #define CYCLOCKSTART_32KHZ_ERROR 2u
  87:Generated_Source\PSoC4/cyfitter_cfg.c **** #define CYCLOCKSTART_PLL_ERROR   3u
  88:Generated_Source\PSoC4/cyfitter_cfg.c **** 
  89:Generated_Source\PSoC4/cyfitter_cfg.c **** 
  90:Generated_Source\PSoC4/cyfitter_cfg.c **** #ifdef CY_NEED_CYCLOCKSTARTUPERROR
  91:Generated_Source\PSoC4/cyfitter_cfg.c **** /*******************************************************************************
  92:Generated_Source\PSoC4/cyfitter_cfg.c **** * Function Name: CyClockStartupError
  93:Generated_Source\PSoC4/cyfitter_cfg.c **** ********************************************************************************
  94:Generated_Source\PSoC4/cyfitter_cfg.c **** * Summary:
  95:Generated_Source\PSoC4/cyfitter_cfg.c **** *  If an error is encountered during clock configuration (crystal startup error,
  96:Generated_Source\PSoC4/cyfitter_cfg.c **** *  PLL lock error, etc.), the system will end up here.  Unless reimplemented by
  97:Generated_Source\PSoC4/cyfitter_cfg.c **** *  the customer, this function will stop in an infinite loop.
  98:Generated_Source\PSoC4/cyfitter_cfg.c **** *
  99:Generated_Source\PSoC4/cyfitter_cfg.c **** * Parameters:
 100:Generated_Source\PSoC4/cyfitter_cfg.c **** *   void
 101:Generated_Source\PSoC4/cyfitter_cfg.c **** *
 102:Generated_Source\PSoC4/cyfitter_cfg.c **** * Return:
 103:Generated_Source\PSoC4/cyfitter_cfg.c **** *   void
 104:Generated_Source\PSoC4/cyfitter_cfg.c **** *
 105:Generated_Source\PSoC4/cyfitter_cfg.c **** *******************************************************************************/
 106:Generated_Source\PSoC4/cyfitter_cfg.c **** CY_CFG_UNUSED
 107:Generated_Source\PSoC4/cyfitter_cfg.c **** static void CyClockStartupError(uint8 errorCode);
 108:Generated_Source\PSoC4/cyfitter_cfg.c **** CY_CFG_UNUSED
 109:Generated_Source\PSoC4/cyfitter_cfg.c **** static void CyClockStartupError(uint8 errorCode)
 110:Generated_Source\PSoC4/cyfitter_cfg.c **** {
 111:Generated_Source\PSoC4/cyfitter_cfg.c ****     /* To remove the compiler warning if errorCode not used.                */
 112:Generated_Source\PSoC4/cyfitter_cfg.c ****     errorCode = errorCode;
 113:Generated_Source\PSoC4/cyfitter_cfg.c **** 
 114:Generated_Source\PSoC4/cyfitter_cfg.c ****     /* If we have a clock startup error (bad MHz crystal, PLL lock, etc.),  */
 115:Generated_Source\PSoC4/cyfitter_cfg.c ****     /* we will end up here to allow the customer to implement something to  */
 116:Generated_Source\PSoC4/cyfitter_cfg.c ****     /* deal with the clock condition.                                       */
 117:Generated_Source\PSoC4/cyfitter_cfg.c **** 
 118:Generated_Source\PSoC4/cyfitter_cfg.c **** #ifdef CY_CFG_CLOCK_STARTUP_ERROR_CALLBACK
 119:Generated_Source\PSoC4/cyfitter_cfg.c **** 	CY_CFG_Clock_Startup_ErrorCallback();
 120:Generated_Source\PSoC4/cyfitter_cfg.c **** #else
 121:Generated_Source\PSoC4/cyfitter_cfg.c **** 	/*  If not using CY_CFG_CLOCK_STARTUP_ERROR_CALLBACK, place your clock startup code here. */
ARM GAS  C:\Users\JOSANT~1\AppData\Local\Temp\cc8S33rQ.s 			page 4


 122:Generated_Source\PSoC4/cyfitter_cfg.c ****     /* `#START CyClockStartupError` */
 123:Generated_Source\PSoC4/cyfitter_cfg.c **** 
 124:Generated_Source\PSoC4/cyfitter_cfg.c **** 
 125:Generated_Source\PSoC4/cyfitter_cfg.c **** 
 126:Generated_Source\PSoC4/cyfitter_cfg.c ****     /* `#END` */
 127:Generated_Source\PSoC4/cyfitter_cfg.c **** 
 128:Generated_Source\PSoC4/cyfitter_cfg.c ****     /* If nothing else, stop here since the clocks have not started         */
 129:Generated_Source\PSoC4/cyfitter_cfg.c ****     /* correctly.                                                           */
 130:Generated_Source\PSoC4/cyfitter_cfg.c ****     while(1) {}
 131:Generated_Source\PSoC4/cyfitter_cfg.c **** #endif /* CY_CFG_CLOCK_STARTUP_ERROR_CALLBACK */ 
 132:Generated_Source\PSoC4/cyfitter_cfg.c **** }
 133:Generated_Source\PSoC4/cyfitter_cfg.c **** #endif
 134:Generated_Source\PSoC4/cyfitter_cfg.c **** 
 135:Generated_Source\PSoC4/cyfitter_cfg.c **** 
 136:Generated_Source\PSoC4/cyfitter_cfg.c **** 
 137:Generated_Source\PSoC4/cyfitter_cfg.c **** /*******************************************************************************
 138:Generated_Source\PSoC4/cyfitter_cfg.c **** * Function Name: ClockSetup
 139:Generated_Source\PSoC4/cyfitter_cfg.c **** ********************************************************************************
 140:Generated_Source\PSoC4/cyfitter_cfg.c **** *
 141:Generated_Source\PSoC4/cyfitter_cfg.c **** * Summary:
 142:Generated_Source\PSoC4/cyfitter_cfg.c **** *   Performs the initialization of all of the clocks in the device based on the
 143:Generated_Source\PSoC4/cyfitter_cfg.c **** *   settings in the Clock tab of the DWR.  This includes enabling the requested
 144:Generated_Source\PSoC4/cyfitter_cfg.c **** *   clocks and setting the necessary dividers to produce the desired frequency. 
 145:Generated_Source\PSoC4/cyfitter_cfg.c **** *
 146:Generated_Source\PSoC4/cyfitter_cfg.c **** * Parameters:
 147:Generated_Source\PSoC4/cyfitter_cfg.c **** *   void
 148:Generated_Source\PSoC4/cyfitter_cfg.c **** *
 149:Generated_Source\PSoC4/cyfitter_cfg.c **** * Return:
 150:Generated_Source\PSoC4/cyfitter_cfg.c **** *   void
 151:Generated_Source\PSoC4/cyfitter_cfg.c **** *
 152:Generated_Source\PSoC4/cyfitter_cfg.c **** *******************************************************************************/
 153:Generated_Source\PSoC4/cyfitter_cfg.c **** static void ClockSetup(void);
 154:Generated_Source\PSoC4/cyfitter_cfg.c **** CY_CFG_SECTION
 155:Generated_Source\PSoC4/cyfitter_cfg.c **** static void ClockSetup(void)
 156:Generated_Source\PSoC4/cyfitter_cfg.c **** {
  51              		.loc 1 156 0
  52              		.cfi_startproc
  53 0000 10B5     		push	{r4, lr}
  54              		.cfi_def_cfa_offset 8
  55              		.cfi_offset 4, -8
  56              		.cfi_offset 14, -4
 157:Generated_Source\PSoC4/cyfitter_cfg.c **** 	/* Enable HALF_EN before trimming for the flash accelerator. */
 158:Generated_Source\PSoC4/cyfitter_cfg.c **** 	CY_SET_REG32((void CYXDATA *)(CYREG_CLK_SELECT), (CY_GET_REG32((void *)CYREG_CLK_SELECT) | 0x00040
  57              		.loc 1 158 0
  58 0002 0C4C     		ldr	r4, .L3
  59 0004 2368     		ldr	r3, [r4]
  60 0006 8022     		mov	r2, #128
  61 0008 D202     		lsl	r2, r2, #11
  62 000a 1343     		orr	r3, r2
  63 000c 2360     		str	r3, [r4]
 159:Generated_Source\PSoC4/cyfitter_cfg.c **** 
 160:Generated_Source\PSoC4/cyfitter_cfg.c **** 	/* Setup and trim IMO based on desired frequency. */
 161:Generated_Source\PSoC4/cyfitter_cfg.c **** 	CySysClkWriteImoFreq(24u);
  64              		.loc 1 161 0
  65 000e 1820     		mov	r0, #24
  66 0010 FFF7FEFF 		bl	CySysClkWriteImoFreq
  67              	.LVL3:
ARM GAS  C:\Users\JOSANT~1\AppData\Local\Temp\cc8S33rQ.s 			page 5


 162:Generated_Source\PSoC4/cyfitter_cfg.c **** 
 163:Generated_Source\PSoC4/cyfitter_cfg.c **** 	/* Disable HALF_EN since it is not required at this IMO frequency. */
 164:Generated_Source\PSoC4/cyfitter_cfg.c **** 	CY_SET_REG32((void CYXDATA *)(CYREG_CLK_SELECT), (CY_GET_REG32((void *)CYREG_CLK_SELECT) & 0xFFFBF
  68              		.loc 1 164 0
  69 0014 2268     		ldr	r2, [r4]
  70 0016 084B     		ldr	r3, .L3+4
  71 0018 1340     		and	r3, r2
  72 001a 2360     		str	r3, [r4]
 165:Generated_Source\PSoC4/cyfitter_cfg.c **** 	/* CYDEV_CLK_ILO_CONFIG Starting address: CYDEV_CLK_ILO_CONFIG */
 166:Generated_Source\PSoC4/cyfitter_cfg.c **** 	CY_SET_XTND_REG32((void CYFAR *)(CYREG_CLK_ILO_CONFIG), 0x80000006u);
  73              		.loc 1 166 0
  74 001c 074A     		ldr	r2, .L3+8
  75 001e 084B     		ldr	r3, .L3+12
  76 0020 1A60     		str	r2, [r3]
 167:Generated_Source\PSoC4/cyfitter_cfg.c **** 
 168:Generated_Source\PSoC4/cyfitter_cfg.c **** 
 169:Generated_Source\PSoC4/cyfitter_cfg.c **** 	/* CYDEV_CLK_IMO_CONFIG Starting address: CYDEV_CLK_IMO_CONFIG */
 170:Generated_Source\PSoC4/cyfitter_cfg.c **** 	CY_SET_XTND_REG32((void CYFAR *)(CYREG_CLK_IMO_CONFIG), 0x80000000u);
  77              		.loc 1 170 0
  78 0022 063A     		sub	r2, r2, #6
  79 0024 074B     		ldr	r3, .L3+16
  80 0026 1A60     		str	r2, [r3]
 171:Generated_Source\PSoC4/cyfitter_cfg.c **** 
 172:Generated_Source\PSoC4/cyfitter_cfg.c **** 	/* CYDEV_CLK_SELECT Starting address: CYDEV_CLK_SELECT */
 173:Generated_Source\PSoC4/cyfitter_cfg.c **** 	CY_SET_XTND_REG32((void CYFAR *)(CYREG_CLK_SELECT), 0x00000000u);
  81              		.loc 1 173 0
  82 0028 0023     		mov	r3, #0
  83 002a 2360     		str	r3, [r4]
 174:Generated_Source\PSoC4/cyfitter_cfg.c **** 
 175:Generated_Source\PSoC4/cyfitter_cfg.c **** 	CY_SET_XTND_REG32((void CYFAR *)(CYREG_WDT_CONFIG), 0x00000000u);
  84              		.loc 1 175 0
  85 002c 064A     		ldr	r2, .L3+20
  86 002e 1360     		str	r3, [r2]
 176:Generated_Source\PSoC4/cyfitter_cfg.c **** }
  87              		.loc 1 176 0
  88              		@ sp needed
  89 0030 10BD     		pop	{r4, pc}
  90              	.L4:
  91 0032 C046     		.align	2
  92              	.L3:
  93 0034 00010B40 		.word	1074462976
  94 0038 FFFFFBFF 		.word	-262145
  95 003c 06000080 		.word	-2147483642
  96 0040 04010B40 		.word	1074462980
  97 0044 08010B40 		.word	1074462984
  98 0048 0C020B40 		.word	1074463244
  99              		.cfi_endproc
 100              	.LFE3:
 101              		.size	ClockSetup, .-ClockSetup
 102              		.align	2
 103              		.global	cyfitter_cfg
 104              		.code	16
 105              		.thumb_func
 106              		.type	cyfitter_cfg, %function
 107              	cyfitter_cfg:
 108              	.LFB5:
 177:Generated_Source\PSoC4/cyfitter_cfg.c **** 
ARM GAS  C:\Users\JOSANT~1\AppData\Local\Temp\cc8S33rQ.s 			page 6


 178:Generated_Source\PSoC4/cyfitter_cfg.c **** 
 179:Generated_Source\PSoC4/cyfitter_cfg.c **** /* Analog API Functions */
 180:Generated_Source\PSoC4/cyfitter_cfg.c **** 
 181:Generated_Source\PSoC4/cyfitter_cfg.c **** 
 182:Generated_Source\PSoC4/cyfitter_cfg.c **** /*******************************************************************************
 183:Generated_Source\PSoC4/cyfitter_cfg.c **** * Function Name: AnalogSetDefault
 184:Generated_Source\PSoC4/cyfitter_cfg.c **** ********************************************************************************
 185:Generated_Source\PSoC4/cyfitter_cfg.c **** *
 186:Generated_Source\PSoC4/cyfitter_cfg.c **** * Summary:
 187:Generated_Source\PSoC4/cyfitter_cfg.c **** *  Sets up the analog portions of the chip to default values based on chip
 188:Generated_Source\PSoC4/cyfitter_cfg.c **** *  configuration options from the project.
 189:Generated_Source\PSoC4/cyfitter_cfg.c **** *
 190:Generated_Source\PSoC4/cyfitter_cfg.c **** * Parameters:
 191:Generated_Source\PSoC4/cyfitter_cfg.c **** *  void
 192:Generated_Source\PSoC4/cyfitter_cfg.c **** *
 193:Generated_Source\PSoC4/cyfitter_cfg.c **** * Return:
 194:Generated_Source\PSoC4/cyfitter_cfg.c **** *  void
 195:Generated_Source\PSoC4/cyfitter_cfg.c **** *
 196:Generated_Source\PSoC4/cyfitter_cfg.c **** *******************************************************************************/
 197:Generated_Source\PSoC4/cyfitter_cfg.c **** static void AnalogSetDefault(void);
 198:Generated_Source\PSoC4/cyfitter_cfg.c **** static void AnalogSetDefault(void)
 199:Generated_Source\PSoC4/cyfitter_cfg.c **** {
 200:Generated_Source\PSoC4/cyfitter_cfg.c **** }
 201:Generated_Source\PSoC4/cyfitter_cfg.c **** 
 202:Generated_Source\PSoC4/cyfitter_cfg.c **** #define CY_AMUX_UNUSED CYREG_CM0_ROM_DWT
 203:Generated_Source\PSoC4/cyfitter_cfg.c **** 
 204:Generated_Source\PSoC4/cyfitter_cfg.c **** 
 205:Generated_Source\PSoC4/cyfitter_cfg.c **** /*******************************************************************************
 206:Generated_Source\PSoC4/cyfitter_cfg.c **** * Function Name: cyfitter_cfg
 207:Generated_Source\PSoC4/cyfitter_cfg.c **** ********************************************************************************
 208:Generated_Source\PSoC4/cyfitter_cfg.c **** * Summary:
 209:Generated_Source\PSoC4/cyfitter_cfg.c **** *  This function is called by the start-up code for the selected device. It
 210:Generated_Source\PSoC4/cyfitter_cfg.c **** *  performs all of the necessary device configuration based on the design
 211:Generated_Source\PSoC4/cyfitter_cfg.c **** *  settings.  This includes settings from the Design Wide Resources (DWR) such
 212:Generated_Source\PSoC4/cyfitter_cfg.c **** *  as Clocks and Pins as well as any component configuration that is necessary.
 213:Generated_Source\PSoC4/cyfitter_cfg.c **** *
 214:Generated_Source\PSoC4/cyfitter_cfg.c **** * Parameters:  
 215:Generated_Source\PSoC4/cyfitter_cfg.c **** *   void
 216:Generated_Source\PSoC4/cyfitter_cfg.c **** *
 217:Generated_Source\PSoC4/cyfitter_cfg.c **** * Return:
 218:Generated_Source\PSoC4/cyfitter_cfg.c **** *   void
 219:Generated_Source\PSoC4/cyfitter_cfg.c **** *
 220:Generated_Source\PSoC4/cyfitter_cfg.c **** *******************************************************************************/
 221:Generated_Source\PSoC4/cyfitter_cfg.c **** CY_CFG_SECTION
 222:Generated_Source\PSoC4/cyfitter_cfg.c **** void cyfitter_cfg(void)
 223:Generated_Source\PSoC4/cyfitter_cfg.c **** {
 109              		.loc 1 223 0
 110              		.cfi_startproc
 111 004c 10B5     		push	{r4, lr}
 112              		.cfi_def_cfa_offset 8
 113              		.cfi_offset 4, -8
 114              		.cfi_offset 14, -4
 224:Generated_Source\PSoC4/cyfitter_cfg.c **** 	/* Disable interrupts by default. Let user enable if/when they want. */
 225:Generated_Source\PSoC4/cyfitter_cfg.c **** 	CyGlobalIntDisable;
 115              		.loc 1 225 0
 116              	@ 225 "Generated_Source\PSoC4\cyfitter_cfg.c" 1
 117 004e 72B6     		CPSID   i
ARM GAS  C:\Users\JOSANT~1\AppData\Local\Temp\cc8S33rQ.s 			page 7


 118              	@ 0 "" 2
 119              	.LVL4:
 120              		.code	16
 121              	.LBB2:
 226:Generated_Source\PSoC4/cyfitter_cfg.c **** 
 227:Generated_Source\PSoC4/cyfitter_cfg.c **** 	{
 228:Generated_Source\PSoC4/cyfitter_cfg.c **** 
 229:Generated_Source\PSoC4/cyfitter_cfg.c **** 		CYPACKED typedef struct {
 230:Generated_Source\PSoC4/cyfitter_cfg.c **** 			void CYFAR *address;
 231:Generated_Source\PSoC4/cyfitter_cfg.c **** 			uint16 size;
 232:Generated_Source\PSoC4/cyfitter_cfg.c **** 		} CYPACKED_ATTR cfg_memset_t;
 233:Generated_Source\PSoC4/cyfitter_cfg.c **** 
 234:Generated_Source\PSoC4/cyfitter_cfg.c **** 		static const cfg_memset_t CYCODE cfg_memset_list [] = {
 235:Generated_Source\PSoC4/cyfitter_cfg.c **** 			/* address, size */
 236:Generated_Source\PSoC4/cyfitter_cfg.c **** 			{(void CYFAR *)(CYDEV_UDB_P0_U0_BASE), 1024u},
 237:Generated_Source\PSoC4/cyfitter_cfg.c **** 			{(void CYFAR *)(CYDEV_UDB_DSI0_BASE), 1024u},
 238:Generated_Source\PSoC4/cyfitter_cfg.c **** 		};
 239:Generated_Source\PSoC4/cyfitter_cfg.c **** 
 240:Generated_Source\PSoC4/cyfitter_cfg.c **** 		uint8 CYDATA i;
 241:Generated_Source\PSoC4/cyfitter_cfg.c **** 
 242:Generated_Source\PSoC4/cyfitter_cfg.c **** 		/* Zero out critical memory blocks before beginning configuration */
 243:Generated_Source\PSoC4/cyfitter_cfg.c **** 		for (i = 0u; i < (sizeof(cfg_memset_list)/sizeof(cfg_memset_list[0])); i++)
 122              		.loc 1 243 0
 123 0050 0024     		mov	r4, #0
 124 0052 10E0     		b	.L6
 125              	.LVL5:
 126              	.L7:
 127              	.LBB3:
 244:Generated_Source\PSoC4/cyfitter_cfg.c **** 		{
 245:Generated_Source\PSoC4/cyfitter_cfg.c **** 			const cfg_memset_t CYCODE * CYDATA ms = &cfg_memset_list[i];
 246:Generated_Source\PSoC4/cyfitter_cfg.c **** 			CYMEMZERO(ms->address, (size_t)(uint32)(ms->size));
 128              		.loc 1 246 0 discriminator 3
 129 0054 2348     		ldr	r0, .L8
 130 0056 6300     		lsl	r3, r4, #1
 131 0058 1A19     		add	r2, r3, r4
 132 005a 5200     		lsl	r2, r2, #1
 133 005c 8218     		add	r2, r0, r2
 134 005e 9188     		ldrh	r1, [r2, #4]
 135 0060 1B19     		add	r3, r3, r4
 136 0062 5B00     		lsl	r3, r3, #1
 137 0064 1A5A     		ldrh	r2, [r3, r0]
 138 0066 C318     		add	r3, r0, r3
 139 0068 5888     		ldrh	r0, [r3, #2]
 140 006a 0004     		lsl	r0, r0, #16
 141 006c 1043     		orr	r0, r2
 142 006e FFF7FEFF 		bl	CYMEMZERO
 143              	.LVL6:
 144              	.LBE3:
 243:Generated_Source\PSoC4/cyfitter_cfg.c **** 		{
 145              		.loc 1 243 0 discriminator 3
 146 0072 0134     		add	r4, r4, #1
 147              	.LVL7:
 148 0074 E4B2     		uxtb	r4, r4
 149              	.LVL8:
 150              	.L6:
 243:Generated_Source\PSoC4/cyfitter_cfg.c **** 		{
 151              		.loc 1 243 0 is_stmt 0 discriminator 1
ARM GAS  C:\Users\JOSANT~1\AppData\Local\Temp\cc8S33rQ.s 			page 8


 152 0076 012C     		cmp	r4, #1
 153 0078 ECD9     		bls	.L7
 247:Generated_Source\PSoC4/cyfitter_cfg.c **** 		}
 248:Generated_Source\PSoC4/cyfitter_cfg.c **** 
 249:Generated_Source\PSoC4/cyfitter_cfg.c **** 		/* HSIOM Starting address: CYDEV_HSIOM_BASE */
 250:Generated_Source\PSoC4/cyfitter_cfg.c **** 		CY_SET_XTND_REG32((void CYFAR *)(CYREG_HSIOM_PORT_SEL3), 0x0000EE00u);
 154              		.loc 1 250 0 is_stmt 1
 155 007a EE22     		mov	r2, #238
 156 007c 1202     		lsl	r2, r2, #8
 157 007e 1A4B     		ldr	r3, .L8+4
 158 0080 1A60     		str	r2, [r3]
 251:Generated_Source\PSoC4/cyfitter_cfg.c **** 
 252:Generated_Source\PSoC4/cyfitter_cfg.c **** 		/* UDB_PA_0 Starting address: CYDEV_UDB_PA0_BASE */
 253:Generated_Source\PSoC4/cyfitter_cfg.c **** 		CY_SET_XTND_REG32((void CYFAR *)(CYDEV_UDB_PA0_BASE), 0x00990000u);
 159              		.loc 1 253 0
 160 0082 9923     		mov	r3, #153
 161 0084 1B04     		lsl	r3, r3, #16
 162 0086 194A     		ldr	r2, .L8+8
 163 0088 1360     		str	r3, [r2]
 254:Generated_Source\PSoC4/cyfitter_cfg.c **** 
 255:Generated_Source\PSoC4/cyfitter_cfg.c **** 		/* UDB_PA_1 Starting address: CYDEV_UDB_PA1_BASE */
 256:Generated_Source\PSoC4/cyfitter_cfg.c **** 		CY_SET_XTND_REG32((void CYFAR *)(CYDEV_UDB_PA1_BASE), 0x00990000u);
 164              		.loc 1 256 0
 165 008a 194A     		ldr	r2, .L8+12
 166 008c 1360     		str	r3, [r2]
 257:Generated_Source\PSoC4/cyfitter_cfg.c **** 
 258:Generated_Source\PSoC4/cyfitter_cfg.c **** 		/* UDB_PA_3 Starting address: CYDEV_UDB_PA3_BASE */
 259:Generated_Source\PSoC4/cyfitter_cfg.c **** 		CY_SET_XTND_REG32((void CYFAR *)(CYDEV_UDB_PA3_BASE), 0x00990000u);
 167              		.loc 1 259 0
 168 008e 194A     		ldr	r2, .L8+16
 169 0090 1360     		str	r3, [r2]
 260:Generated_Source\PSoC4/cyfitter_cfg.c **** 
 261:Generated_Source\PSoC4/cyfitter_cfg.c **** 		/* Enable digital routing */
 262:Generated_Source\PSoC4/cyfitter_cfg.c **** 		CY_SET_XTND_REG8((void *)CYREG_UDB_UDBIF_BANK_CTL, CY_GET_XTND_REG8((void *)CYREG_UDB_UDBIF_BANK_
 170              		.loc 1 262 0
 171 0092 194B     		ldr	r3, .L8+20
 172 0094 1978     		ldrb	r1, [r3]
 173 0096 0222     		mov	r2, #2
 174 0098 0A43     		orr	r2, r1
 175 009a 1A70     		strb	r2, [r3]
 263:Generated_Source\PSoC4/cyfitter_cfg.c **** 
 264:Generated_Source\PSoC4/cyfitter_cfg.c **** 		/* Enable UDB array */
 265:Generated_Source\PSoC4/cyfitter_cfg.c **** 		CY_SET_XTND_REG8((void *)CYREG_UDB_UDBIF_WAIT_CFG, (uint8)((CY_GET_XTND_REG8((void *)CYREG_UDB_UD
 176              		.loc 1 265 0
 177 009c 1748     		ldr	r0, .L8+24
 178 009e 0278     		ldrb	r2, [r0]
 179 00a0 3C21     		mov	r1, #60
 180 00a2 8A43     		bic	r2, r1
 181 00a4 2839     		sub	r1, r1, #40
 182 00a6 0A43     		orr	r2, r1
 183 00a8 0270     		strb	r2, [r0]
 266:Generated_Source\PSoC4/cyfitter_cfg.c **** 		CY_SET_XTND_REG8((void *)CYREG_UDB_UDBIF_BANK_CTL, (uint8)(CY_GET_XTND_REG8((void *)CYREG_UDB_UDB
 184              		.loc 1 266 0
 185 00aa 1978     		ldrb	r1, [r3]
 186 00ac 1622     		mov	r2, #22
 187 00ae 0A43     		orr	r2, r1
 188 00b0 1A70     		strb	r2, [r3]
ARM GAS  C:\Users\JOSANT~1\AppData\Local\Temp\cc8S33rQ.s 			page 9


 189              	.LBE2:
 267:Generated_Source\PSoC4/cyfitter_cfg.c **** 	}
 268:Generated_Source\PSoC4/cyfitter_cfg.c **** 
 269:Generated_Source\PSoC4/cyfitter_cfg.c **** 	/* Perform second pass device configuration. These items must be configured in specific order afte
 270:Generated_Source\PSoC4/cyfitter_cfg.c **** 	/* IOPINS0_0 Starting address: CYDEV_PRT0_BASE */
 271:Generated_Source\PSoC4/cyfitter_cfg.c **** 	CY_SET_XTND_REG32((void CYFAR *)(CYDEV_PRT0_BASE), 0x00000084u);
 190              		.loc 1 271 0
 191 00b2 8422     		mov	r2, #132
 192 00b4 124B     		ldr	r3, .L8+28
 193 00b6 1A60     		str	r2, [r3]
 272:Generated_Source\PSoC4/cyfitter_cfg.c **** 	CY_SET_XTND_REG32((void CYFAR *)(CYREG_PRT0_PC), 0x00400180u);
 194              		.loc 1 272 0
 195 00b8 124A     		ldr	r2, .L8+32
 196 00ba 134B     		ldr	r3, .L8+36
 197 00bc 1A60     		str	r2, [r3]
 273:Generated_Source\PSoC4/cyfitter_cfg.c **** 	CY_SET_XTND_REG32((void CYFAR *)(CYREG_PRT0_INTCFG), 0x00008000u);
 198              		.loc 1 273 0
 199 00be 8022     		mov	r2, #128
 200 00c0 1202     		lsl	r2, r2, #8
 201 00c2 124B     		ldr	r3, .L8+40
 202 00c4 1A60     		str	r2, [r3]
 274:Generated_Source\PSoC4/cyfitter_cfg.c **** 
 275:Generated_Source\PSoC4/cyfitter_cfg.c **** 	/* IOPINS0_1 Starting address: CYDEV_PRT1_BASE */
 276:Generated_Source\PSoC4/cyfitter_cfg.c **** 	CY_SET_XTND_REG32((void CYFAR *)(CYDEV_PRT1_BASE), 0x00000040u);
 203              		.loc 1 276 0
 204 00c6 4022     		mov	r2, #64
 205 00c8 114B     		ldr	r3, .L8+44
 206 00ca 1A60     		str	r2, [r3]
 277:Generated_Source\PSoC4/cyfitter_cfg.c **** 	CY_SET_XTND_REG32((void CYFAR *)(CYREG_PRT1_PC), 0x00180000u);
 207              		.loc 1 277 0
 208 00cc C022     		mov	r2, #192
 209 00ce 5203     		lsl	r2, r2, #13
 210 00d0 104B     		ldr	r3, .L8+48
 211 00d2 1A60     		str	r2, [r3]
 278:Generated_Source\PSoC4/cyfitter_cfg.c **** 
 279:Generated_Source\PSoC4/cyfitter_cfg.c **** 	/* IOPINS0_3 Starting address: CYDEV_PRT3_BASE */
 280:Generated_Source\PSoC4/cyfitter_cfg.c **** 	CY_SET_XTND_REG32((void CYFAR *)(CYREG_PRT3_PC), 0x00000D80u);
 212              		.loc 1 280 0
 213 00d4 D822     		mov	r2, #216
 214 00d6 1201     		lsl	r2, r2, #4
 215 00d8 0F4B     		ldr	r3, .L8+52
 216 00da 1A60     		str	r2, [r3]
 281:Generated_Source\PSoC4/cyfitter_cfg.c **** 
 282:Generated_Source\PSoC4/cyfitter_cfg.c **** 
 283:Generated_Source\PSoC4/cyfitter_cfg.c **** 	/* Setup clocks based on selections from Clock DWR */
 284:Generated_Source\PSoC4/cyfitter_cfg.c **** 	ClockSetup();
 217              		.loc 1 284 0
 218 00dc FFF790FF 		bl	ClockSetup
 219              	.LVL9:
 285:Generated_Source\PSoC4/cyfitter_cfg.c **** 
 286:Generated_Source\PSoC4/cyfitter_cfg.c **** 	/* Perform basic analog initialization to defaults */
 287:Generated_Source\PSoC4/cyfitter_cfg.c **** 	AnalogSetDefault();
 288:Generated_Source\PSoC4/cyfitter_cfg.c **** 
 289:Generated_Source\PSoC4/cyfitter_cfg.c **** }
 220              		.loc 1 289 0
 221              		@ sp needed
 222              	.LVL10:
ARM GAS  C:\Users\JOSANT~1\AppData\Local\Temp\cc8S33rQ.s 			page 10


 223 00e0 10BD     		pop	{r4, pc}
 224              	.L9:
 225 00e2 C046     		.align	2
 226              	.L8:
 227 00e4 00000000 		.word	.LANCHOR0
 228 00e8 0C000140 		.word	1073807372
 229 00ec 00500F40 		.word	1074745344
 230 00f0 10500F40 		.word	1074745360
 231 00f4 30500F40 		.word	1074745392
 232 00f8 00700F40 		.word	1074753536
 233 00fc 01700F40 		.word	1074753537
 234 0100 00000440 		.word	1074003968
 235 0104 80014000 		.word	4194688
 236 0108 08000440 		.word	1074003976
 237 010c 0C000440 		.word	1074003980
 238 0110 00010440 		.word	1074004224
 239 0114 08010440 		.word	1074004232
 240 0118 08030440 		.word	1074004744
 241              		.cfi_endproc
 242              	.LFE5:
 243              		.size	cyfitter_cfg, .-cyfitter_cfg
 244              		.section	.rodata
 245              		.align	2
 246              		.set	.LANCHOR0,. + 0
 247              		.type	cfg_memset_list.4725, %object
 248              		.size	cfg_memset_list.4725, 12
 249              	cfg_memset_list.4725:
 250 0000 00300F40 		.word	1074737152
 251 0004 0004     		.short	1024
 252 0006 00400F40 		.4byte	1074741248
 253 000a 0004     		.short	1024
 254              		.text
 255              	.Letext0:
 256              		.file 2 "c:\\program files (x86)\\cypress\\psoc creator\\4.0\\psoc creator\\import\\gnu\\arm\\4.9.
 257              		.file 3 "Generated_Source\\PSoC4\\cytypes.h"
 258              		.file 4 "Generated_Source\\PSoC4\\CyLib.h"
 259              		.section	.debug_info,"",%progbits
 260              	.Ldebug_info0:
 261 0000 2B020000 		.4byte	0x22b
 262 0004 0400     		.2byte	0x4
 263 0006 00000000 		.4byte	.Ldebug_abbrev0
 264 000a 04       		.byte	0x4
 265 000b 01       		.uleb128 0x1
 266 000c 2D010000 		.4byte	.LASF25
 267 0010 01       		.byte	0x1
 268 0011 EF010000 		.4byte	.LASF26
 269 0015 A4000000 		.4byte	.LASF27
 270 0019 00000000 		.4byte	.Ldebug_ranges0+0
 271 001d 00000000 		.4byte	0
 272 0021 00000000 		.4byte	.Ldebug_line0
 273 0025 02       		.uleb128 0x2
 274 0026 04       		.byte	0x4
 275 0027 05       		.byte	0x5
 276 0028 696E7400 		.ascii	"int\000"
 277 002c 03       		.uleb128 0x3
 278 002d 06000000 		.4byte	.LASF11
 279 0031 02       		.byte	0x2
ARM GAS  C:\Users\JOSANT~1\AppData\Local\Temp\cc8S33rQ.s 			page 11


 280 0032 D4       		.byte	0xd4
 281 0033 37000000 		.4byte	0x37
 282 0037 04       		.uleb128 0x4
 283 0038 04       		.byte	0x4
 284 0039 07       		.byte	0x7
 285 003a D8000000 		.4byte	.LASF0
 286 003e 04       		.uleb128 0x4
 287 003f 01       		.byte	0x1
 288 0040 06       		.byte	0x6
 289 0041 E3010000 		.4byte	.LASF1
 290 0045 04       		.uleb128 0x4
 291 0046 01       		.byte	0x1
 292 0047 08       		.byte	0x8
 293 0048 6D000000 		.4byte	.LASF2
 294 004c 04       		.uleb128 0x4
 295 004d 02       		.byte	0x2
 296 004e 05       		.byte	0x5
 297 004f BB010000 		.4byte	.LASF3
 298 0053 04       		.uleb128 0x4
 299 0054 02       		.byte	0x2
 300 0055 07       		.byte	0x7
 301 0056 28000000 		.4byte	.LASF4
 302 005a 04       		.uleb128 0x4
 303 005b 04       		.byte	0x4
 304 005c 05       		.byte	0x5
 305 005d DA010000 		.4byte	.LASF5
 306 0061 04       		.uleb128 0x4
 307 0062 04       		.byte	0x4
 308 0063 07       		.byte	0x7
 309 0064 4B000000 		.4byte	.LASF6
 310 0068 04       		.uleb128 0x4
 311 0069 08       		.byte	0x8
 312 006a 05       		.byte	0x5
 313 006b 1A010000 		.4byte	.LASF7
 314 006f 04       		.uleb128 0x4
 315 0070 08       		.byte	0x8
 316 0071 07       		.byte	0x7
 317 0072 ED000000 		.4byte	.LASF8
 318 0076 04       		.uleb128 0x4
 319 0077 04       		.byte	0x4
 320 0078 07       		.byte	0x7
 321 0079 11010000 		.4byte	.LASF9
 322 007d 05       		.uleb128 0x5
 323 007e 04       		.byte	0x4
 324 007f 04       		.uleb128 0x4
 325 0080 01       		.byte	0x1
 326 0081 08       		.byte	0x8
 327 0082 28010000 		.4byte	.LASF10
 328 0086 06       		.uleb128 0x6
 329 0087 5D000000 		.4byte	.LASF12
 330 008b 03       		.byte	0x3
 331 008c B901     		.2byte	0x1b9
 332 008e 45000000 		.4byte	0x45
 333 0092 06       		.uleb128 0x6
 334 0093 96000000 		.4byte	.LASF13
 335 0097 03       		.byte	0x3
 336 0098 BA01     		.2byte	0x1ba
ARM GAS  C:\Users\JOSANT~1\AppData\Local\Temp\cc8S33rQ.s 			page 12


 337 009a 53000000 		.4byte	0x53
 338 009e 06       		.uleb128 0x6
 339 009f 9D000000 		.4byte	.LASF14
 340 00a3 03       		.byte	0x3
 341 00a4 BB01     		.2byte	0x1bb
 342 00a6 61000000 		.4byte	0x61
 343 00aa 04       		.uleb128 0x4
 344 00ab 04       		.byte	0x4
 345 00ac 04       		.byte	0x4
 346 00ad 3B000000 		.4byte	.LASF15
 347 00b1 04       		.uleb128 0x4
 348 00b2 08       		.byte	0x8
 349 00b3 04       		.byte	0x4
 350 00b4 82000000 		.4byte	.LASF16
 351 00b8 06       		.uleb128 0x6
 352 00b9 46000000 		.4byte	.LASF17
 353 00bd 03       		.byte	0x3
 354 00be 6302     		.2byte	0x263
 355 00c0 C4000000 		.4byte	0xc4
 356 00c4 07       		.uleb128 0x7
 357 00c5 86000000 		.4byte	0x86
 358 00c9 06       		.uleb128 0x6
 359 00ca 00000000 		.4byte	.LASF18
 360 00ce 03       		.byte	0x3
 361 00cf 6502     		.2byte	0x265
 362 00d1 D5000000 		.4byte	0xd5
 363 00d5 07       		.uleb128 0x7
 364 00d6 9E000000 		.4byte	0x9e
 365 00da 08       		.uleb128 0x8
 366 00db 63000000 		.4byte	.LASF19
 367 00df 01       		.byte	0x1
 368 00e0 3D       		.byte	0x3d
 369 00e1 00000000 		.4byte	.LFB0
 370 00e5 0C000000 		.4byte	.LFE0-.LFB0
 371 00e9 01       		.uleb128 0x1
 372 00ea 9C       		.byte	0x9c
 373 00eb 27010000 		.4byte	0x127
 374 00ef 09       		.uleb128 0x9
 375 00f0 7300     		.ascii	"s\000"
 376 00f2 01       		.byte	0x1
 377 00f3 3D       		.byte	0x3d
 378 00f4 7D000000 		.4byte	0x7d
 379 00f8 00000000 		.4byte	.LLST0
 380 00fc 09       		.uleb128 0x9
 381 00fd 6E00     		.ascii	"n\000"
 382 00ff 01       		.byte	0x1
 383 0100 3D       		.byte	0x3d
 384 0101 2C000000 		.4byte	0x2c
 385 0105 21000000 		.4byte	.LLST1
 386 0109 0A       		.uleb128 0xa
 387 010a 0A000000 		.4byte	.LVL2
 388 010e 04020000 		.4byte	0x204
 389 0112 0B       		.uleb128 0xb
 390 0113 01       		.uleb128 0x1
 391 0114 52       		.byte	0x52
 392 0115 03       		.uleb128 0x3
 393 0116 F3       		.byte	0xf3
ARM GAS  C:\Users\JOSANT~1\AppData\Local\Temp\cc8S33rQ.s 			page 13


 394 0117 01       		.uleb128 0x1
 395 0118 51       		.byte	0x51
 396 0119 0B       		.uleb128 0xb
 397 011a 01       		.uleb128 0x1
 398 011b 51       		.byte	0x51
 399 011c 01       		.uleb128 0x1
 400 011d 30       		.byte	0x30
 401 011e 0B       		.uleb128 0xb
 402 011f 01       		.uleb128 0x1
 403 0120 50       		.byte	0x50
 404 0121 03       		.uleb128 0x3
 405 0122 F3       		.byte	0xf3
 406 0123 01       		.uleb128 0x1
 407 0124 50       		.byte	0x50
 408 0125 00       		.byte	0
 409 0126 00       		.byte	0
 410 0127 08       		.uleb128 0x8
 411 0128 1D000000 		.4byte	.LASF20
 412 012c 01       		.byte	0x1
 413 012d 9B       		.byte	0x9b
 414 012e 00000000 		.4byte	.LFB3
 415 0132 4C000000 		.4byte	.LFE3-.LFB3
 416 0136 01       		.uleb128 0x1
 417 0137 9C       		.byte	0x9c
 418 0138 4C010000 		.4byte	0x14c
 419 013c 0A       		.uleb128 0xa
 420 013d 14000000 		.4byte	.LVL3
 421 0141 21020000 		.4byte	0x221
 422 0145 0B       		.uleb128 0xb
 423 0146 01       		.uleb128 0x1
 424 0147 50       		.byte	0x50
 425 0148 01       		.uleb128 0x1
 426 0149 48       		.byte	0x48
 427 014a 00       		.byte	0
 428 014b 00       		.byte	0
 429 014c 0C       		.uleb128 0xc
 430 014d 89000000 		.4byte	.LASF28
 431 0151 01       		.byte	0x1
 432 0152 DE       		.byte	0xde
 433 0153 4C000000 		.4byte	.LFB5
 434 0157 D0000000 		.4byte	.LFE5-.LFB5
 435 015b 01       		.uleb128 0x1
 436 015c 9C       		.byte	0x9c
 437 015d 04020000 		.4byte	0x204
 438 0161 0D       		.uleb128 0xd
 439 0162 50000000 		.4byte	.LBB2
 440 0166 62000000 		.4byte	.LBE2-.LBB2
 441 016a FA010000 		.4byte	0x1fa
 442 016e 0E       		.uleb128 0xe
 443 016f 06       		.byte	0x6
 444 0170 01       		.byte	0x1
 445 0171 E5       		.byte	0xe5
 446 0172 8F010000 		.4byte	0x18f
 447 0176 0F       		.uleb128 0xf
 448 0177 E5000000 		.4byte	.LASF21
 449 017b 01       		.byte	0x1
 450 017c E6       		.byte	0xe6
ARM GAS  C:\Users\JOSANT~1\AppData\Local\Temp\cc8S33rQ.s 			page 14


 451 017d 7D000000 		.4byte	0x7d
 452 0181 00       		.byte	0
 453 0182 0F       		.uleb128 0xf
 454 0183 41000000 		.4byte	.LASF22
 455 0187 01       		.byte	0x1
 456 0188 E7       		.byte	0xe7
 457 0189 92000000 		.4byte	0x92
 458 018d 04       		.byte	0x4
 459 018e 00       		.byte	0
 460 018f 03       		.uleb128 0x3
 461 0190 04010000 		.4byte	.LASF23
 462 0194 01       		.byte	0x1
 463 0195 E8       		.byte	0xe8
 464 0196 6E010000 		.4byte	0x16e
 465 019a 10       		.uleb128 0x10
 466 019b 8F010000 		.4byte	0x18f
 467 019f AA010000 		.4byte	0x1aa
 468 01a3 11       		.uleb128 0x11
 469 01a4 76000000 		.4byte	0x76
 470 01a8 01       		.byte	0x1
 471 01a9 00       		.byte	0
 472 01aa 12       		.uleb128 0x12
 473 01ab 0D000000 		.4byte	.LASF24
 474 01af 01       		.byte	0x1
 475 01b0 EA       		.byte	0xea
 476 01b1 BB010000 		.4byte	0x1bb
 477 01b5 05       		.uleb128 0x5
 478 01b6 03       		.byte	0x3
 479 01b7 00000000 		.4byte	cfg_memset_list.4725
 480 01bb 13       		.uleb128 0x13
 481 01bc 9A010000 		.4byte	0x19a
 482 01c0 14       		.uleb128 0x14
 483 01c1 6900     		.ascii	"i\000"
 484 01c3 01       		.byte	0x1
 485 01c4 F0       		.byte	0xf0
 486 01c5 86000000 		.4byte	0x86
 487 01c9 4D000000 		.4byte	.LLST2
 488 01cd 15       		.uleb128 0x15
 489 01ce 54000000 		.4byte	.LBB3
 490 01d2 1E000000 		.4byte	.LBE3-.LBB3
 491 01d6 14       		.uleb128 0x14
 492 01d7 6D7300   		.ascii	"ms\000"
 493 01da 01       		.byte	0x1
 494 01db F5       		.byte	0xf5
 495 01dc E4010000 		.4byte	0x1e4
 496 01e0 77000000 		.4byte	.LLST3
 497 01e4 16       		.uleb128 0x16
 498 01e5 04       		.byte	0x4
 499 01e6 EA010000 		.4byte	0x1ea
 500 01ea 13       		.uleb128 0x13
 501 01eb 8F010000 		.4byte	0x18f
 502 01ef 17       		.uleb128 0x17
 503 01f0 72000000 		.4byte	.LVL6
 504 01f4 DA000000 		.4byte	0xda
 505 01f8 00       		.byte	0
 506 01f9 00       		.byte	0
 507 01fa 17       		.uleb128 0x17
ARM GAS  C:\Users\JOSANT~1\AppData\Local\Temp\cc8S33rQ.s 			page 15


 508 01fb E0000000 		.4byte	.LVL9
 509 01ff 27010000 		.4byte	0x127
 510 0203 00       		.byte	0
 511 0204 18       		.uleb128 0x18
 512 0205 7B000000 		.4byte	.LASF29
 513 0209 7D000000 		.4byte	0x7d
 514 020d 21020000 		.4byte	0x221
 515 0211 19       		.uleb128 0x19
 516 0212 7D000000 		.4byte	0x7d
 517 0216 19       		.uleb128 0x19
 518 0217 25000000 		.4byte	0x25
 519 021b 19       		.uleb128 0x19
 520 021c 76000000 		.4byte	0x76
 521 0220 00       		.byte	0
 522 0221 1A       		.uleb128 0x1a
 523 0222 C5010000 		.4byte	.LASF30
 524 0226 04       		.byte	0x4
 525 0227 6C       		.byte	0x6c
 526 0228 19       		.uleb128 0x19
 527 0229 9E000000 		.4byte	0x9e
 528 022d 00       		.byte	0
 529 022e 00       		.byte	0
 530              		.section	.debug_abbrev,"",%progbits
 531              	.Ldebug_abbrev0:
 532 0000 01       		.uleb128 0x1
 533 0001 11       		.uleb128 0x11
 534 0002 01       		.byte	0x1
 535 0003 25       		.uleb128 0x25
 536 0004 0E       		.uleb128 0xe
 537 0005 13       		.uleb128 0x13
 538 0006 0B       		.uleb128 0xb
 539 0007 03       		.uleb128 0x3
 540 0008 0E       		.uleb128 0xe
 541 0009 1B       		.uleb128 0x1b
 542 000a 0E       		.uleb128 0xe
 543 000b 55       		.uleb128 0x55
 544 000c 17       		.uleb128 0x17
 545 000d 11       		.uleb128 0x11
 546 000e 01       		.uleb128 0x1
 547 000f 10       		.uleb128 0x10
 548 0010 17       		.uleb128 0x17
 549 0011 00       		.byte	0
 550 0012 00       		.byte	0
 551 0013 02       		.uleb128 0x2
 552 0014 24       		.uleb128 0x24
 553 0015 00       		.byte	0
 554 0016 0B       		.uleb128 0xb
 555 0017 0B       		.uleb128 0xb
 556 0018 3E       		.uleb128 0x3e
 557 0019 0B       		.uleb128 0xb
 558 001a 03       		.uleb128 0x3
 559 001b 08       		.uleb128 0x8
 560 001c 00       		.byte	0
 561 001d 00       		.byte	0
 562 001e 03       		.uleb128 0x3
 563 001f 16       		.uleb128 0x16
 564 0020 00       		.byte	0
ARM GAS  C:\Users\JOSANT~1\AppData\Local\Temp\cc8S33rQ.s 			page 16


 565 0021 03       		.uleb128 0x3
 566 0022 0E       		.uleb128 0xe
 567 0023 3A       		.uleb128 0x3a
 568 0024 0B       		.uleb128 0xb
 569 0025 3B       		.uleb128 0x3b
 570 0026 0B       		.uleb128 0xb
 571 0027 49       		.uleb128 0x49
 572 0028 13       		.uleb128 0x13
 573 0029 00       		.byte	0
 574 002a 00       		.byte	0
 575 002b 04       		.uleb128 0x4
 576 002c 24       		.uleb128 0x24
 577 002d 00       		.byte	0
 578 002e 0B       		.uleb128 0xb
 579 002f 0B       		.uleb128 0xb
 580 0030 3E       		.uleb128 0x3e
 581 0031 0B       		.uleb128 0xb
 582 0032 03       		.uleb128 0x3
 583 0033 0E       		.uleb128 0xe
 584 0034 00       		.byte	0
 585 0035 00       		.byte	0
 586 0036 05       		.uleb128 0x5
 587 0037 0F       		.uleb128 0xf
 588 0038 00       		.byte	0
 589 0039 0B       		.uleb128 0xb
 590 003a 0B       		.uleb128 0xb
 591 003b 00       		.byte	0
 592 003c 00       		.byte	0
 593 003d 06       		.uleb128 0x6
 594 003e 16       		.uleb128 0x16
 595 003f 00       		.byte	0
 596 0040 03       		.uleb128 0x3
 597 0041 0E       		.uleb128 0xe
 598 0042 3A       		.uleb128 0x3a
 599 0043 0B       		.uleb128 0xb
 600 0044 3B       		.uleb128 0x3b
 601 0045 05       		.uleb128 0x5
 602 0046 49       		.uleb128 0x49
 603 0047 13       		.uleb128 0x13
 604 0048 00       		.byte	0
 605 0049 00       		.byte	0
 606 004a 07       		.uleb128 0x7
 607 004b 35       		.uleb128 0x35
 608 004c 00       		.byte	0
 609 004d 49       		.uleb128 0x49
 610 004e 13       		.uleb128 0x13
 611 004f 00       		.byte	0
 612 0050 00       		.byte	0
 613 0051 08       		.uleb128 0x8
 614 0052 2E       		.uleb128 0x2e
 615 0053 01       		.byte	0x1
 616 0054 03       		.uleb128 0x3
 617 0055 0E       		.uleb128 0xe
 618 0056 3A       		.uleb128 0x3a
 619 0057 0B       		.uleb128 0xb
 620 0058 3B       		.uleb128 0x3b
 621 0059 0B       		.uleb128 0xb
ARM GAS  C:\Users\JOSANT~1\AppData\Local\Temp\cc8S33rQ.s 			page 17


 622 005a 27       		.uleb128 0x27
 623 005b 19       		.uleb128 0x19
 624 005c 11       		.uleb128 0x11
 625 005d 01       		.uleb128 0x1
 626 005e 12       		.uleb128 0x12
 627 005f 06       		.uleb128 0x6
 628 0060 40       		.uleb128 0x40
 629 0061 18       		.uleb128 0x18
 630 0062 9742     		.uleb128 0x2117
 631 0064 19       		.uleb128 0x19
 632 0065 01       		.uleb128 0x1
 633 0066 13       		.uleb128 0x13
 634 0067 00       		.byte	0
 635 0068 00       		.byte	0
 636 0069 09       		.uleb128 0x9
 637 006a 05       		.uleb128 0x5
 638 006b 00       		.byte	0
 639 006c 03       		.uleb128 0x3
 640 006d 08       		.uleb128 0x8
 641 006e 3A       		.uleb128 0x3a
 642 006f 0B       		.uleb128 0xb
 643 0070 3B       		.uleb128 0x3b
 644 0071 0B       		.uleb128 0xb
 645 0072 49       		.uleb128 0x49
 646 0073 13       		.uleb128 0x13
 647 0074 02       		.uleb128 0x2
 648 0075 17       		.uleb128 0x17
 649 0076 00       		.byte	0
 650 0077 00       		.byte	0
 651 0078 0A       		.uleb128 0xa
 652 0079 898201   		.uleb128 0x4109
 653 007c 01       		.byte	0x1
 654 007d 11       		.uleb128 0x11
 655 007e 01       		.uleb128 0x1
 656 007f 31       		.uleb128 0x31
 657 0080 13       		.uleb128 0x13
 658 0081 00       		.byte	0
 659 0082 00       		.byte	0
 660 0083 0B       		.uleb128 0xb
 661 0084 8A8201   		.uleb128 0x410a
 662 0087 00       		.byte	0
 663 0088 02       		.uleb128 0x2
 664 0089 18       		.uleb128 0x18
 665 008a 9142     		.uleb128 0x2111
 666 008c 18       		.uleb128 0x18
 667 008d 00       		.byte	0
 668 008e 00       		.byte	0
 669 008f 0C       		.uleb128 0xc
 670 0090 2E       		.uleb128 0x2e
 671 0091 01       		.byte	0x1
 672 0092 3F       		.uleb128 0x3f
 673 0093 19       		.uleb128 0x19
 674 0094 03       		.uleb128 0x3
 675 0095 0E       		.uleb128 0xe
 676 0096 3A       		.uleb128 0x3a
 677 0097 0B       		.uleb128 0xb
 678 0098 3B       		.uleb128 0x3b
ARM GAS  C:\Users\JOSANT~1\AppData\Local\Temp\cc8S33rQ.s 			page 18


 679 0099 0B       		.uleb128 0xb
 680 009a 27       		.uleb128 0x27
 681 009b 19       		.uleb128 0x19
 682 009c 11       		.uleb128 0x11
 683 009d 01       		.uleb128 0x1
 684 009e 12       		.uleb128 0x12
 685 009f 06       		.uleb128 0x6
 686 00a0 40       		.uleb128 0x40
 687 00a1 18       		.uleb128 0x18
 688 00a2 9742     		.uleb128 0x2117
 689 00a4 19       		.uleb128 0x19
 690 00a5 01       		.uleb128 0x1
 691 00a6 13       		.uleb128 0x13
 692 00a7 00       		.byte	0
 693 00a8 00       		.byte	0
 694 00a9 0D       		.uleb128 0xd
 695 00aa 0B       		.uleb128 0xb
 696 00ab 01       		.byte	0x1
 697 00ac 11       		.uleb128 0x11
 698 00ad 01       		.uleb128 0x1
 699 00ae 12       		.uleb128 0x12
 700 00af 06       		.uleb128 0x6
 701 00b0 01       		.uleb128 0x1
 702 00b1 13       		.uleb128 0x13
 703 00b2 00       		.byte	0
 704 00b3 00       		.byte	0
 705 00b4 0E       		.uleb128 0xe
 706 00b5 13       		.uleb128 0x13
 707 00b6 01       		.byte	0x1
 708 00b7 0B       		.uleb128 0xb
 709 00b8 0B       		.uleb128 0xb
 710 00b9 3A       		.uleb128 0x3a
 711 00ba 0B       		.uleb128 0xb
 712 00bb 3B       		.uleb128 0x3b
 713 00bc 0B       		.uleb128 0xb
 714 00bd 01       		.uleb128 0x1
 715 00be 13       		.uleb128 0x13
 716 00bf 00       		.byte	0
 717 00c0 00       		.byte	0
 718 00c1 0F       		.uleb128 0xf
 719 00c2 0D       		.uleb128 0xd
 720 00c3 00       		.byte	0
 721 00c4 03       		.uleb128 0x3
 722 00c5 0E       		.uleb128 0xe
 723 00c6 3A       		.uleb128 0x3a
 724 00c7 0B       		.uleb128 0xb
 725 00c8 3B       		.uleb128 0x3b
 726 00c9 0B       		.uleb128 0xb
 727 00ca 49       		.uleb128 0x49
 728 00cb 13       		.uleb128 0x13
 729 00cc 38       		.uleb128 0x38
 730 00cd 0B       		.uleb128 0xb
 731 00ce 00       		.byte	0
 732 00cf 00       		.byte	0
 733 00d0 10       		.uleb128 0x10
 734 00d1 01       		.uleb128 0x1
 735 00d2 01       		.byte	0x1
ARM GAS  C:\Users\JOSANT~1\AppData\Local\Temp\cc8S33rQ.s 			page 19


 736 00d3 49       		.uleb128 0x49
 737 00d4 13       		.uleb128 0x13
 738 00d5 01       		.uleb128 0x1
 739 00d6 13       		.uleb128 0x13
 740 00d7 00       		.byte	0
 741 00d8 00       		.byte	0
 742 00d9 11       		.uleb128 0x11
 743 00da 21       		.uleb128 0x21
 744 00db 00       		.byte	0
 745 00dc 49       		.uleb128 0x49
 746 00dd 13       		.uleb128 0x13
 747 00de 2F       		.uleb128 0x2f
 748 00df 0B       		.uleb128 0xb
 749 00e0 00       		.byte	0
 750 00e1 00       		.byte	0
 751 00e2 12       		.uleb128 0x12
 752 00e3 34       		.uleb128 0x34
 753 00e4 00       		.byte	0
 754 00e5 03       		.uleb128 0x3
 755 00e6 0E       		.uleb128 0xe
 756 00e7 3A       		.uleb128 0x3a
 757 00e8 0B       		.uleb128 0xb
 758 00e9 3B       		.uleb128 0x3b
 759 00ea 0B       		.uleb128 0xb
 760 00eb 49       		.uleb128 0x49
 761 00ec 13       		.uleb128 0x13
 762 00ed 02       		.uleb128 0x2
 763 00ee 18       		.uleb128 0x18
 764 00ef 00       		.byte	0
 765 00f0 00       		.byte	0
 766 00f1 13       		.uleb128 0x13
 767 00f2 26       		.uleb128 0x26
 768 00f3 00       		.byte	0
 769 00f4 49       		.uleb128 0x49
 770 00f5 13       		.uleb128 0x13
 771 00f6 00       		.byte	0
 772 00f7 00       		.byte	0
 773 00f8 14       		.uleb128 0x14
 774 00f9 34       		.uleb128 0x34
 775 00fa 00       		.byte	0
 776 00fb 03       		.uleb128 0x3
 777 00fc 08       		.uleb128 0x8
 778 00fd 3A       		.uleb128 0x3a
 779 00fe 0B       		.uleb128 0xb
 780 00ff 3B       		.uleb128 0x3b
 781 0100 0B       		.uleb128 0xb
 782 0101 49       		.uleb128 0x49
 783 0102 13       		.uleb128 0x13
 784 0103 02       		.uleb128 0x2
 785 0104 17       		.uleb128 0x17
 786 0105 00       		.byte	0
 787 0106 00       		.byte	0
 788 0107 15       		.uleb128 0x15
 789 0108 0B       		.uleb128 0xb
 790 0109 01       		.byte	0x1
 791 010a 11       		.uleb128 0x11
 792 010b 01       		.uleb128 0x1
ARM GAS  C:\Users\JOSANT~1\AppData\Local\Temp\cc8S33rQ.s 			page 20


 793 010c 12       		.uleb128 0x12
 794 010d 06       		.uleb128 0x6
 795 010e 00       		.byte	0
 796 010f 00       		.byte	0
 797 0110 16       		.uleb128 0x16
 798 0111 0F       		.uleb128 0xf
 799 0112 00       		.byte	0
 800 0113 0B       		.uleb128 0xb
 801 0114 0B       		.uleb128 0xb
 802 0115 49       		.uleb128 0x49
 803 0116 13       		.uleb128 0x13
 804 0117 00       		.byte	0
 805 0118 00       		.byte	0
 806 0119 17       		.uleb128 0x17
 807 011a 898201   		.uleb128 0x4109
 808 011d 00       		.byte	0
 809 011e 11       		.uleb128 0x11
 810 011f 01       		.uleb128 0x1
 811 0120 31       		.uleb128 0x31
 812 0121 13       		.uleb128 0x13
 813 0122 00       		.byte	0
 814 0123 00       		.byte	0
 815 0124 18       		.uleb128 0x18
 816 0125 2E       		.uleb128 0x2e
 817 0126 01       		.byte	0x1
 818 0127 3F       		.uleb128 0x3f
 819 0128 19       		.uleb128 0x19
 820 0129 03       		.uleb128 0x3
 821 012a 0E       		.uleb128 0xe
 822 012b 27       		.uleb128 0x27
 823 012c 19       		.uleb128 0x19
 824 012d 49       		.uleb128 0x49
 825 012e 13       		.uleb128 0x13
 826 012f 34       		.uleb128 0x34
 827 0130 19       		.uleb128 0x19
 828 0131 3C       		.uleb128 0x3c
 829 0132 19       		.uleb128 0x19
 830 0133 01       		.uleb128 0x1
 831 0134 13       		.uleb128 0x13
 832 0135 00       		.byte	0
 833 0136 00       		.byte	0
 834 0137 19       		.uleb128 0x19
 835 0138 05       		.uleb128 0x5
 836 0139 00       		.byte	0
 837 013a 49       		.uleb128 0x49
 838 013b 13       		.uleb128 0x13
 839 013c 00       		.byte	0
 840 013d 00       		.byte	0
 841 013e 1A       		.uleb128 0x1a
 842 013f 2E       		.uleb128 0x2e
 843 0140 01       		.byte	0x1
 844 0141 3F       		.uleb128 0x3f
 845 0142 19       		.uleb128 0x19
 846 0143 03       		.uleb128 0x3
 847 0144 0E       		.uleb128 0xe
 848 0145 3A       		.uleb128 0x3a
 849 0146 0B       		.uleb128 0xb
ARM GAS  C:\Users\JOSANT~1\AppData\Local\Temp\cc8S33rQ.s 			page 21


 850 0147 3B       		.uleb128 0x3b
 851 0148 0B       		.uleb128 0xb
 852 0149 27       		.uleb128 0x27
 853 014a 19       		.uleb128 0x19
 854 014b 3C       		.uleb128 0x3c
 855 014c 19       		.uleb128 0x19
 856 014d 00       		.byte	0
 857 014e 00       		.byte	0
 858 014f 00       		.byte	0
 859              		.section	.debug_loc,"",%progbits
 860              	.Ldebug_loc0:
 861              	.LLST0:
 862 0000 00000000 		.4byte	.LVL0
 863 0004 09000000 		.4byte	.LVL2-1
 864 0008 0100     		.2byte	0x1
 865 000a 50       		.byte	0x50
 866 000b 09000000 		.4byte	.LVL2-1
 867 000f 0C000000 		.4byte	.LFE0
 868 0013 0400     		.2byte	0x4
 869 0015 F3       		.byte	0xf3
 870 0016 01       		.uleb128 0x1
 871 0017 50       		.byte	0x50
 872 0018 9F       		.byte	0x9f
 873 0019 00000000 		.4byte	0
 874 001d 00000000 		.4byte	0
 875              	.LLST1:
 876 0021 00000000 		.4byte	.LVL0
 877 0025 06000000 		.4byte	.LVL1
 878 0029 0100     		.2byte	0x1
 879 002b 51       		.byte	0x51
 880 002c 06000000 		.4byte	.LVL1
 881 0030 09000000 		.4byte	.LVL2-1
 882 0034 0100     		.2byte	0x1
 883 0036 52       		.byte	0x52
 884 0037 09000000 		.4byte	.LVL2-1
 885 003b 0C000000 		.4byte	.LFE0
 886 003f 0400     		.2byte	0x4
 887 0041 F3       		.byte	0xf3
 888 0042 01       		.uleb128 0x1
 889 0043 51       		.byte	0x51
 890 0044 9F       		.byte	0x9f
 891 0045 00000000 		.4byte	0
 892 0049 00000000 		.4byte	0
 893              	.LLST2:
 894 004d 50000000 		.4byte	.LVL4
 895 0051 54000000 		.4byte	.LVL5
 896 0055 0200     		.2byte	0x2
 897 0057 30       		.byte	0x30
 898 0058 9F       		.byte	0x9f
 899 0059 54000000 		.4byte	.LVL5
 900 005d 74000000 		.4byte	.LVL7
 901 0061 0100     		.2byte	0x1
 902 0063 54       		.byte	0x54
 903 0064 76000000 		.4byte	.LVL8
 904 0068 E0000000 		.4byte	.LVL10
 905 006c 0100     		.2byte	0x1
 906 006e 54       		.byte	0x54
ARM GAS  C:\Users\JOSANT~1\AppData\Local\Temp\cc8S33rQ.s 			page 22


 907 006f 00000000 		.4byte	0
 908 0073 00000000 		.4byte	0
 909              	.LLST3:
 910 0077 54000000 		.4byte	.LVL5
 911 007b 74000000 		.4byte	.LVL7
 912 007f 0B00     		.2byte	0xb
 913 0081 74       		.byte	0x74
 914 0082 00       		.sleb128 0
 915 0083 36       		.byte	0x36
 916 0084 1E       		.byte	0x1e
 917 0085 03       		.byte	0x3
 918 0086 00000000 		.4byte	cfg_memset_list.4725
 919 008a 22       		.byte	0x22
 920 008b 9F       		.byte	0x9f
 921 008c 74000000 		.4byte	.LVL7
 922 0090 76000000 		.4byte	.LVL8
 923 0094 0B00     		.2byte	0xb
 924 0096 74       		.byte	0x74
 925 0097 7F       		.sleb128 -1
 926 0098 36       		.byte	0x36
 927 0099 1E       		.byte	0x1e
 928 009a 03       		.byte	0x3
 929 009b 00000000 		.4byte	cfg_memset_list.4725
 930 009f 22       		.byte	0x22
 931 00a0 9F       		.byte	0x9f
 932 00a1 00000000 		.4byte	0
 933 00a5 00000000 		.4byte	0
 934              		.section	.debug_aranges,"",%progbits
 935 0000 2C000000 		.4byte	0x2c
 936 0004 0200     		.2byte	0x2
 937 0006 00000000 		.4byte	.Ldebug_info0
 938 000a 04       		.byte	0x4
 939 000b 00       		.byte	0
 940 000c 0000     		.2byte	0
 941 000e 0000     		.2byte	0
 942 0010 00000000 		.4byte	.LFB0
 943 0014 0C000000 		.4byte	.LFE0-.LFB0
 944 0018 00000000 		.4byte	.LFB3
 945 001c 4C000000 		.4byte	.LFE3-.LFB3
 946 0020 4C000000 		.4byte	.LFB5
 947 0024 D0000000 		.4byte	.LFE5-.LFB5
 948 0028 00000000 		.4byte	0
 949 002c 00000000 		.4byte	0
 950              		.section	.debug_ranges,"",%progbits
 951              	.Ldebug_ranges0:
 952 0000 00000000 		.4byte	.LFB0
 953 0004 0C000000 		.4byte	.LFE0
 954 0008 00000000 		.4byte	.LFB3
 955 000c 4C000000 		.4byte	.LFE3
 956 0010 4C000000 		.4byte	.LFB5
 957 0014 1C010000 		.4byte	.LFE5
 958 0018 00000000 		.4byte	0
 959 001c 00000000 		.4byte	0
 960              		.section	.debug_line,"",%progbits
 961              	.Ldebug_line0:
 962 0000 2C010000 		.section	.debug_str,"MS",%progbits,1
 962      0200D600 
ARM GAS  C:\Users\JOSANT~1\AppData\Local\Temp\cc8S33rQ.s 			page 23


 962      00000201 
 962      FB0E0D00 
 962      01010101 
 963              	.LASF18:
 964 0000 72656733 		.ascii	"reg32\000"
 964      3200
 965              	.LASF11:
 966 0006 73697A65 		.ascii	"size_t\000"
 966      5F7400
 967              	.LASF24:
 968 000d 6366675F 		.ascii	"cfg_memset_list\000"
 968      6D656D73 
 968      65745F6C 
 968      69737400 
 969              	.LASF20:
 970 001d 436C6F63 		.ascii	"ClockSetup\000"
 970      6B536574 
 970      757000
 971              	.LASF4:
 972 0028 73686F72 		.ascii	"short unsigned int\000"
 972      7420756E 
 972      7369676E 
 972      65642069 
 972      6E7400
 973              	.LASF15:
 974 003b 666C6F61 		.ascii	"float\000"
 974      7400
 975              	.LASF22:
 976 0041 73697A65 		.ascii	"size\000"
 976      00
 977              	.LASF17:
 978 0046 72656738 		.ascii	"reg8\000"
 978      00
 979              	.LASF6:
 980 004b 6C6F6E67 		.ascii	"long unsigned int\000"
 980      20756E73 
 980      69676E65 
 980      6420696E 
 980      7400
 981              	.LASF12:
 982 005d 75696E74 		.ascii	"uint8\000"
 982      3800
 983              	.LASF19:
 984 0063 43594D45 		.ascii	"CYMEMZERO\000"
 984      4D5A4552 
 984      4F00
 985              	.LASF2:
 986 006d 756E7369 		.ascii	"unsigned char\000"
 986      676E6564 
 986      20636861 
 986      7200
 987              	.LASF29:
 988 007b 6D656D73 		.ascii	"memset\000"
 988      657400
 989              	.LASF16:
 990 0082 646F7562 		.ascii	"double\000"
 990      6C6500
ARM GAS  C:\Users\JOSANT~1\AppData\Local\Temp\cc8S33rQ.s 			page 24


 991              	.LASF28:
 992 0089 63796669 		.ascii	"cyfitter_cfg\000"
 992      74746572 
 992      5F636667 
 992      00
 993              	.LASF13:
 994 0096 75696E74 		.ascii	"uint16\000"
 994      313600
 995              	.LASF14:
 996 009d 75696E74 		.ascii	"uint32\000"
 996      333200
 997              	.LASF27:
 998 00a4 433A5C50 		.ascii	"C:\\Practicas\\LedJoselito\\Interrupts_Example01.cy"
 998      72616374 
 998      69636173 
 998      5C4C6564 
 998      4A6F7365 
 999 00d4 64736E00 		.ascii	"dsn\000"
 1000              	.LASF0:
 1001 00d8 756E7369 		.ascii	"unsigned int\000"
 1001      676E6564 
 1001      20696E74 
 1001      00
 1002              	.LASF21:
 1003 00e5 61646472 		.ascii	"address\000"
 1003      65737300 
 1004              	.LASF8:
 1005 00ed 6C6F6E67 		.ascii	"long long unsigned int\000"
 1005      206C6F6E 
 1005      6720756E 
 1005      7369676E 
 1005      65642069 
 1006              	.LASF23:
 1007 0104 6366675F 		.ascii	"cfg_memset_t\000"
 1007      6D656D73 
 1007      65745F74 
 1007      00
 1008              	.LASF9:
 1009 0111 73697A65 		.ascii	"sizetype\000"
 1009      74797065 
 1009      00
 1010              	.LASF7:
 1011 011a 6C6F6E67 		.ascii	"long long int\000"
 1011      206C6F6E 
 1011      6720696E 
 1011      7400
 1012              	.LASF10:
 1013 0128 63686172 		.ascii	"char\000"
 1013      00
 1014              	.LASF25:
 1015 012d 474E5520 		.ascii	"GNU C 4.9.3 20150303 (release) [ARM/embedded-4_9-br"
 1015      4320342E 
 1015      392E3320 
 1015      32303135 
 1015      30333033 
 1016 0160 616E6368 		.ascii	"anch revision 221220] -mcpu=cortex-m0 -mthumb -g -O"
 1016      20726576 
ARM GAS  C:\Users\JOSANT~1\AppData\Local\Temp\cc8S33rQ.s 			page 25


 1016      6973696F 
 1016      6E203232 
 1016      31323230 
 1017 0193 67202D66 		.ascii	"g -ffunction-sections -ffat-lto-objects\000"
 1017      66756E63 
 1017      74696F6E 
 1017      2D736563 
 1017      74696F6E 
 1018              	.LASF3:
 1019 01bb 73686F72 		.ascii	"short int\000"
 1019      7420696E 
 1019      7400
 1020              	.LASF30:
 1021 01c5 43795379 		.ascii	"CySysClkWriteImoFreq\000"
 1021      73436C6B 
 1021      57726974 
 1021      65496D6F 
 1021      46726571 
 1022              	.LASF5:
 1023 01da 6C6F6E67 		.ascii	"long int\000"
 1023      20696E74 
 1023      00
 1024              	.LASF1:
 1025 01e3 7369676E 		.ascii	"signed char\000"
 1025      65642063 
 1025      68617200 
 1026              	.LASF26:
 1027 01ef 47656E65 		.ascii	"Generated_Source\\PSoC4\\cyfitter_cfg.c\000"
 1027      72617465 
 1027      645F536F 
 1027      75726365 
 1027      5C50536F 
 1028              		.ident	"GCC: (GNU Tools for ARM Embedded Processors) 4.9.3 20150303 (release) [ARM/embedded-4_9-br
