Archive member included because of file (symbol)

.\CortexM0\ARM_GCC_493\Debug\Interrupts_Example01.a(cyfitter_cfg.o)
                              .\CortexM0\ARM_GCC_493\Debug\Cm0Start.o (cyfitter_cfg)
.\CortexM0\ARM_GCC_493\Debug\Interrupts_Example01.a(isr_GPIO.o)
                              .\CortexM0\ARM_GCC_493\Debug\main.o (isr_GPIO_SetPriority)
.\CortexM0\ARM_GCC_493\Debug\Interrupts_Example01.a(Pin_Sw.o)
                              .\CortexM0\ARM_GCC_493\Debug\main.o (Pin_Sw_ClearInterrupt)
.\CortexM0\ARM_GCC_493\Debug\Interrupts_Example01.a(LED_Isr.o)
                              .\CortexM0\ARM_GCC_493\Debug\main.o (LED_Isr_Write)
.\CortexM0\ARM_GCC_493\Debug\Interrupts_Example01.a(LED_Nested.o)
                              .\CortexM0\ARM_GCC_493\Debug\main.o (LED_Nested_Write)
.\CortexM0\ARM_GCC_493\Debug\Interrupts_Example01.a(CyLib.o)
                              .\CortexM0\ARM_GCC_493\Debug\main.o (CyIntEnable)
.\CortexM0\ARM_GCC_493\Debug\Interrupts_Example01.a(CyBootAsmGnu.o)
                              .\CortexM0\ARM_GCC_493\Debug\Interrupts_Example01.a(CyLib.o) (CyDelayCycles)
c:/program files (x86)/cypress/psoc creator/4.0/psoc creator/import/gnu/arm/4.9.3/bin/../lib/gcc/arm-none-eabi/4.9.3/armv6-m\libgcc.a(_udivsi3.o)
                              .\CortexM0\ARM_GCC_493\Debug\Interrupts_Example01.a(CyLib.o) (__aeabi_uidiv)
c:/program files (x86)/cypress/psoc creator/4.0/psoc creator/import/gnu/arm/4.9.3/bin/../lib/gcc/arm-none-eabi/4.9.3/armv6-m\libgcc.a(_dvmd_tls.o)
                              c:/program files (x86)/cypress/psoc creator/4.0/psoc creator/import/gnu/arm/4.9.3/bin/../lib/gcc/arm-none-eabi/4.9.3/armv6-m\libgcc.a(_udivsi3.o) (__aeabi_idiv0)
c:/program files (x86)/cypress/psoc creator/4.0/psoc creator/import/gnu/arm/4.9.3/bin/../lib/gcc/arm-none-eabi/4.9.3/../../../../arm-none-eabi/lib/armv6-m\libg_nano.a(lib_a-errno.o)
                              .\CortexM0\ARM_GCC_493\Debug\Cm0Start.o (__errno)
c:/program files (x86)/cypress/psoc creator/4.0/psoc creator/import/gnu/arm/4.9.3/bin/../lib/gcc/arm-none-eabi/4.9.3/../../../../arm-none-eabi/lib/armv6-m\libg_nano.a(lib_a-exit.o)
                              c:/program files (x86)/cypress/psoc creator/4.0/psoc creator/import/gnu/arm/4.9.3/bin/../lib/gcc/arm-none-eabi/4.9.3/../../../../arm-none-eabi/lib/armv6-m/crt0.o (exit)
c:/program files (x86)/cypress/psoc creator/4.0/psoc creator/import/gnu/arm/4.9.3/bin/../lib/gcc/arm-none-eabi/4.9.3/../../../../arm-none-eabi/lib/armv6-m\libg_nano.a(lib_a-impure.o)
                              c:/program files (x86)/cypress/psoc creator/4.0/psoc creator/import/gnu/arm/4.9.3/bin/../lib/gcc/arm-none-eabi/4.9.3/../../../../arm-none-eabi/lib/armv6-m\libg_nano.a(lib_a-exit.o) (_global_impure_ptr)
c:/program files (x86)/cypress/psoc creator/4.0/psoc creator/import/gnu/arm/4.9.3/bin/../lib/gcc/arm-none-eabi/4.9.3/../../../../arm-none-eabi/lib/armv6-m\libg_nano.a(lib_a-init.o)
                              c:/program files (x86)/cypress/psoc creator/4.0/psoc creator/import/gnu/arm/4.9.3/bin/../lib/gcc/arm-none-eabi/4.9.3/../../../../arm-none-eabi/lib/armv6-m/crt0.o (__libc_init_array)
c:/program files (x86)/cypress/psoc creator/4.0/psoc creator/import/gnu/arm/4.9.3/bin/../lib/gcc/arm-none-eabi/4.9.3/../../../../arm-none-eabi/lib/armv6-m\libg_nano.a(lib_a-memset.o)
                              c:/program files (x86)/cypress/psoc creator/4.0/psoc creator/import/gnu/arm/4.9.3/bin/../lib/gcc/arm-none-eabi/4.9.3/../../../../arm-none-eabi/lib/armv6-m/crt0.o (memset)

Discarded input sections

 .text          0x00000000        0x0 c:/program files (x86)/cypress/psoc creator/4.0/psoc creator/import/gnu/arm/4.9.3/bin/../lib/gcc/arm-none-eabi/4.9.3/armv6-m/crti.o
 .data          0x00000000        0x0 c:/program files (x86)/cypress/psoc creator/4.0/psoc creator/import/gnu/arm/4.9.3/bin/../lib/gcc/arm-none-eabi/4.9.3/armv6-m/crti.o
 .bss           0x00000000        0x0 c:/program files (x86)/cypress/psoc creator/4.0/psoc creator/import/gnu/arm/4.9.3/bin/../lib/gcc/arm-none-eabi/4.9.3/armv6-m/crti.o
 .data          0x00000000        0x4 c:/program files (x86)/cypress/psoc creator/4.0/psoc creator/import/gnu/arm/4.9.3/bin/../lib/gcc/arm-none-eabi/4.9.3/armv6-m/crtbegin.o
 .text          0x00000000       0x78 c:/program files (x86)/cypress/psoc creator/4.0/psoc creator/import/gnu/arm/4.9.3/bin/../lib/gcc/arm-none-eabi/4.9.3/../../../../arm-none-eabi/lib/armv6-m/crt0.o
 .data          0x00000000        0x0 c:/program files (x86)/cypress/psoc creator/4.0/psoc creator/import/gnu/arm/4.9.3/bin/../lib/gcc/arm-none-eabi/4.9.3/../../../../arm-none-eabi/lib/armv6-m/crt0.o
 .bss           0x00000000        0x0 c:/program files (x86)/cypress/psoc creator/4.0/psoc creator/import/gnu/arm/4.9.3/bin/../lib/gcc/arm-none-eabi/4.9.3/../../../../arm-none-eabi/lib/armv6-m/crt0.o
 .ARM.extab     0x00000000        0x0 c:/program files (x86)/cypress/psoc creator/4.0/psoc creator/import/gnu/arm/4.9.3/bin/../lib/gcc/arm-none-eabi/4.9.3/../../../../arm-none-eabi/lib/armv6-m/crt0.o
 .ARM.exidx     0x00000000        0x8 c:/program files (x86)/cypress/psoc creator/4.0/psoc creator/import/gnu/arm/4.9.3/bin/../lib/gcc/arm-none-eabi/4.9.3/../../../../arm-none-eabi/lib/armv6-m/crt0.o
 .text          0x00000000        0x0 .\CortexM0\ARM_GCC_493\Debug\main.o
 .data          0x00000000        0x0 .\CortexM0\ARM_GCC_493\Debug\main.o
 .bss           0x00000000        0x0 .\CortexM0\ARM_GCC_493\Debug\main.o
 .text          0x00000000        0x0 .\CortexM0\ARM_GCC_493\Debug\cymetadata.o
 .data          0x00000000        0x0 .\CortexM0\ARM_GCC_493\Debug\cymetadata.o
 .bss           0x00000000        0x0 .\CortexM0\ARM_GCC_493\Debug\cymetadata.o
 .text          0x00000000        0x0 .\CortexM0\ARM_GCC_493\Debug\Cm0Start.o
 .data          0x00000000        0x4 .\CortexM0\ARM_GCC_493\Debug\Cm0Start.o
 .bss           0x00000000        0x0 .\CortexM0\ARM_GCC_493\Debug\Cm0Start.o
 .text._exit    0x00000000        0xc .\CortexM0\ARM_GCC_493\Debug\Cm0Start.o
 .text._sbrk    0x00000000       0x30 .\CortexM0\ARM_GCC_493\Debug\Cm0Start.o
 .text          0x00000000        0x0 .\CortexM0\ARM_GCC_493\Debug\Interrupts_Example01.a(cyfitter_cfg.o)
 .data          0x00000000        0x0 .\CortexM0\ARM_GCC_493\Debug\Interrupts_Example01.a(cyfitter_cfg.o)
 .bss           0x00000000        0x0 .\CortexM0\ARM_GCC_493\Debug\Interrupts_Example01.a(cyfitter_cfg.o)
 .text          0x00000000        0x0 .\CortexM0\ARM_GCC_493\Debug\Interrupts_Example01.a(isr_GPIO.o)
 .data          0x00000000        0x0 .\CortexM0\ARM_GCC_493\Debug\Interrupts_Example01.a(isr_GPIO.o)
 .bss           0x00000000        0x0 .\CortexM0\ARM_GCC_493\Debug\Interrupts_Example01.a(isr_GPIO.o)
 .text.isr_GPIO_Interrupt
                0x00000000        0x4 .\CortexM0\ARM_GCC_493\Debug\Interrupts_Example01.a(isr_GPIO.o)
 .text.isr_GPIO_GetVector
                0x00000000        0xc .\CortexM0\ARM_GCC_493\Debug\Interrupts_Example01.a(isr_GPIO.o)
 .text.isr_GPIO_GetPriority
                0x00000000       0x10 .\CortexM0\ARM_GCC_493\Debug\Interrupts_Example01.a(isr_GPIO.o)
 .text.isr_GPIO_GetState
                0x00000000       0x10 .\CortexM0\ARM_GCC_493\Debug\Interrupts_Example01.a(isr_GPIO.o)
 .text.isr_GPIO_Start
                0x00000000       0x1c .\CortexM0\ARM_GCC_493\Debug\Interrupts_Example01.a(isr_GPIO.o)
 .text.isr_GPIO_Stop
                0x00000000       0x14 .\CortexM0\ARM_GCC_493\Debug\Interrupts_Example01.a(isr_GPIO.o)
 .text.isr_GPIO_SetPending
                0x00000000        0xc .\CortexM0\ARM_GCC_493\Debug\Interrupts_Example01.a(isr_GPIO.o)
 .text          0x00000000        0x0 .\CortexM0\ARM_GCC_493\Debug\Interrupts_Example01.a(Pin_Sw.o)
 .data          0x00000000        0x0 .\CortexM0\ARM_GCC_493\Debug\Interrupts_Example01.a(Pin_Sw.o)
 .bss           0x00000000        0x0 .\CortexM0\ARM_GCC_493\Debug\Interrupts_Example01.a(Pin_Sw.o)
 .text.Pin_Sw_SetDriveMode
                0x00000000       0x18 .\CortexM0\ARM_GCC_493\Debug\Interrupts_Example01.a(Pin_Sw.o)
 .text.Pin_Sw_Write
                0x00000000       0x18 .\CortexM0\ARM_GCC_493\Debug\Interrupts_Example01.a(Pin_Sw.o)
 .text.Pin_Sw_Read
                0x00000000       0x10 .\CortexM0\ARM_GCC_493\Debug\Interrupts_Example01.a(Pin_Sw.o)
 .text.Pin_Sw_ReadDataReg
                0x00000000       0x10 .\CortexM0\ARM_GCC_493\Debug\Interrupts_Example01.a(Pin_Sw.o)
 .text.Pin_Sw_SetInterruptMode
                0x00000000       0x14 .\CortexM0\ARM_GCC_493\Debug\Interrupts_Example01.a(Pin_Sw.o)
 .text          0x00000000        0x0 .\CortexM0\ARM_GCC_493\Debug\Interrupts_Example01.a(LED_Isr.o)
 .data          0x00000000        0x0 .\CortexM0\ARM_GCC_493\Debug\Interrupts_Example01.a(LED_Isr.o)
 .bss           0x00000000        0x0 .\CortexM0\ARM_GCC_493\Debug\Interrupts_Example01.a(LED_Isr.o)
 .text.LED_Isr_SetDriveMode
                0x00000000       0x18 .\CortexM0\ARM_GCC_493\Debug\Interrupts_Example01.a(LED_Isr.o)
 .text.LED_Isr_Read
                0x00000000       0x10 .\CortexM0\ARM_GCC_493\Debug\Interrupts_Example01.a(LED_Isr.o)
 .text.LED_Isr_ReadDataReg
                0x00000000       0x10 .\CortexM0\ARM_GCC_493\Debug\Interrupts_Example01.a(LED_Isr.o)
 .text.LED_Isr_SetInterruptMode
                0x00000000       0x14 .\CortexM0\ARM_GCC_493\Debug\Interrupts_Example01.a(LED_Isr.o)
 .text.LED_Isr_ClearInterrupt
                0x00000000       0x14 .\CortexM0\ARM_GCC_493\Debug\Interrupts_Example01.a(LED_Isr.o)
 .text          0x00000000        0x0 .\CortexM0\ARM_GCC_493\Debug\Interrupts_Example01.a(LED_Nested.o)
 .data          0x00000000        0x0 .\CortexM0\ARM_GCC_493\Debug\Interrupts_Example01.a(LED_Nested.o)
 .bss           0x00000000        0x0 .\CortexM0\ARM_GCC_493\Debug\Interrupts_Example01.a(LED_Nested.o)
 .text.LED_Nested_SetDriveMode
                0x00000000       0x18 .\CortexM0\ARM_GCC_493\Debug\Interrupts_Example01.a(LED_Nested.o)
 .text.LED_Nested_Read
                0x00000000       0x10 .\CortexM0\ARM_GCC_493\Debug\Interrupts_Example01.a(LED_Nested.o)
 .text.LED_Nested_ReadDataReg
                0x00000000       0x10 .\CortexM0\ARM_GCC_493\Debug\Interrupts_Example01.a(LED_Nested.o)
 .text.LED_Nested_SetInterruptMode
                0x00000000       0x14 .\CortexM0\ARM_GCC_493\Debug\Interrupts_Example01.a(LED_Nested.o)
 .text.LED_Nested_ClearInterrupt
                0x00000000       0x14 .\CortexM0\ARM_GCC_493\Debug\Interrupts_Example01.a(LED_Nested.o)
 .text          0x00000000        0x0 .\CortexM0\ARM_GCC_493\Debug\Interrupts_Example01.a(CyLib.o)
 .bss           0x00000000       0x18 .\CortexM0\ARM_GCC_493\Debug\Interrupts_Example01.a(CyLib.o)
 .text.CySysClkImoStart
                0x00000000       0x14 .\CortexM0\ARM_GCC_493\Debug\Interrupts_Example01.a(CyLib.o)
 .text.CySysClkImoStop
                0x00000000       0x10 .\CortexM0\ARM_GCC_493\Debug\Interrupts_Example01.a(CyLib.o)
 .text.CySysClkWriteHfclkDirect
                0x00000000       0x20 .\CortexM0\ARM_GCC_493\Debug\Interrupts_Example01.a(CyLib.o)
 .text.CySysEnablePumpClock
                0x00000000       0x38 .\CortexM0\ARM_GCC_493\Debug\Interrupts_Example01.a(CyLib.o)
 .text.CySysClkGetSysclkSource
                0x00000000       0x1c .\CortexM0\ARM_GCC_493\Debug\Interrupts_Example01.a(CyLib.o)
 .text.CySysClkWriteSysclkDiv
                0x00000000       0x28 .\CortexM0\ARM_GCC_493\Debug\Interrupts_Example01.a(CyLib.o)
 .text.CySysLvdDisable
                0x00000000       0x20 .\CortexM0\ARM_GCC_493\Debug\Interrupts_Example01.a(CyLib.o)
 .text.CySysLvdGetInterruptSource
                0x00000000       0x10 .\CortexM0\ARM_GCC_493\Debug\Interrupts_Example01.a(CyLib.o)
 .text.CySysLvdClearInterrupt
                0x00000000        0xc .\CortexM0\ARM_GCC_493\Debug\Interrupts_Example01.a(CyLib.o)
 .text.CySysGetResetReason
                0x00000000       0x14 .\CortexM0\ARM_GCC_493\Debug\Interrupts_Example01.a(CyLib.o)
 .text.CyDisableInts
                0x00000000       0x10 .\CortexM0\ARM_GCC_493\Debug\Interrupts_Example01.a(CyLib.o)
 .text.CyEnableInts
                0x00000000        0xc .\CortexM0\ARM_GCC_493\Debug\Interrupts_Example01.a(CyLib.o)
 .text.CyIntGetState
                0x00000000       0x18 .\CortexM0\ARM_GCC_493\Debug\Interrupts_Example01.a(CyLib.o)
 .text.CyIntDisable
                0x00000000       0x14 .\CortexM0\ARM_GCC_493\Debug\Interrupts_Example01.a(CyLib.o)
 .text.CyIntSetSysVector
                0x00000000       0x20 .\CortexM0\ARM_GCC_493\Debug\Interrupts_Example01.a(CyLib.o)
 .text.CyIntGetSysVector
                0x00000000       0x1c .\CortexM0\ARM_GCC_493\Debug\Interrupts_Example01.a(CyLib.o)
 .text.CyIntGetVector
                0x00000000       0x20 .\CortexM0\ARM_GCC_493\Debug\Interrupts_Example01.a(CyLib.o)
 .text.CyIntGetPriority
                0x00000000       0x2c .\CortexM0\ARM_GCC_493\Debug\Interrupts_Example01.a(CyLib.o)
 .text.CySoftwareReset
                0x00000000       0x18 .\CortexM0\ARM_GCC_493\Debug\Interrupts_Example01.a(CyLib.o)
 .text.CySysLvdEnable
                0x00000000       0x44 .\CortexM0\ARM_GCC_493\Debug\Interrupts_Example01.a(CyLib.o)
 .text.CyDelayFreq
                0x00000000       0x4c .\CortexM0\ARM_GCC_493\Debug\Interrupts_Example01.a(CyLib.o)
 .text.CySysTickStop
                0x00000000       0x10 .\CortexM0\ARM_GCC_493\Debug\Interrupts_Example01.a(CyLib.o)
 .text.CySysTickEnableInterrupt
                0x00000000       0x10 .\CortexM0\ARM_GCC_493\Debug\Interrupts_Example01.a(CyLib.o)
 .text.CySysTickEnable
                0x00000000       0x18 .\CortexM0\ARM_GCC_493\Debug\Interrupts_Example01.a(CyLib.o)
 .text.CySysTickDisableInterrupt
                0x00000000       0x10 .\CortexM0\ARM_GCC_493\Debug\Interrupts_Example01.a(CyLib.o)
 .text.CySysTickSetReload
                0x00000000       0x10 .\CortexM0\ARM_GCC_493\Debug\Interrupts_Example01.a(CyLib.o)
 .text.CySysTickGetReload
                0x00000000       0x10 .\CortexM0\ARM_GCC_493\Debug\Interrupts_Example01.a(CyLib.o)
 .text.CySysTickGetValue
                0x00000000       0x10 .\CortexM0\ARM_GCC_493\Debug\Interrupts_Example01.a(CyLib.o)
 .text.CySysTickGetCountFlag
                0x00000000       0x10 .\CortexM0\ARM_GCC_493\Debug\Interrupts_Example01.a(CyLib.o)
 .text.CySysTickServiceCallbacks
                0x00000000       0x28 .\CortexM0\ARM_GCC_493\Debug\Interrupts_Example01.a(CyLib.o)
 .text.CySysTickClear
                0x00000000        0xc .\CortexM0\ARM_GCC_493\Debug\Interrupts_Example01.a(CyLib.o)
 .text.CySysTickInit
                0x00000000       0x44 .\CortexM0\ARM_GCC_493\Debug\Interrupts_Example01.a(CyLib.o)
 .text.CySysTickStart
                0x00000000       0x20 .\CortexM0\ARM_GCC_493\Debug\Interrupts_Example01.a(CyLib.o)
 .text.CySysTickSetCallback
                0x00000000       0x10 .\CortexM0\ARM_GCC_493\Debug\Interrupts_Example01.a(CyLib.o)
 .text.CySysTickGetCallback
                0x00000000        0xc .\CortexM0\ARM_GCC_493\Debug\Interrupts_Example01.a(CyLib.o)
 .text.CyGetUniqueId
                0x00000000       0x70 .\CortexM0\ARM_GCC_493\Debug\Interrupts_Example01.a(CyLib.o)
 .data          0x00000000        0x0 .\CortexM0\ARM_GCC_493\Debug\Interrupts_Example01.a(CyBootAsmGnu.o)
 .bss           0x00000000        0x0 .\CortexM0\ARM_GCC_493\Debug\Interrupts_Example01.a(CyBootAsmGnu.o)
 .text          0x00000000      0x120 c:/program files (x86)/cypress/psoc creator/4.0/psoc creator/import/gnu/arm/4.9.3/bin/../lib/gcc/arm-none-eabi/4.9.3/armv6-m\libgcc.a(_udivsi3.o)
 .data          0x00000000        0x0 c:/program files (x86)/cypress/psoc creator/4.0/psoc creator/import/gnu/arm/4.9.3/bin/../lib/gcc/arm-none-eabi/4.9.3/armv6-m\libgcc.a(_udivsi3.o)
 .bss           0x00000000        0x0 c:/program files (x86)/cypress/psoc creator/4.0/psoc creator/import/gnu/arm/4.9.3/bin/../lib/gcc/arm-none-eabi/4.9.3/armv6-m\libgcc.a(_udivsi3.o)
 .text          0x00000000        0x4 c:/program files (x86)/cypress/psoc creator/4.0/psoc creator/import/gnu/arm/4.9.3/bin/../lib/gcc/arm-none-eabi/4.9.3/armv6-m\libgcc.a(_dvmd_tls.o)
 .data          0x00000000        0x0 c:/program files (x86)/cypress/psoc creator/4.0/psoc creator/import/gnu/arm/4.9.3/bin/../lib/gcc/arm-none-eabi/4.9.3/armv6-m\libgcc.a(_dvmd_tls.o)
 .bss           0x00000000        0x0 c:/program files (x86)/cypress/psoc creator/4.0/psoc creator/import/gnu/arm/4.9.3/bin/../lib/gcc/arm-none-eabi/4.9.3/armv6-m\libgcc.a(_dvmd_tls.o)
 .text          0x00000000        0x0 c:/program files (x86)/cypress/psoc creator/4.0/psoc creator/import/gnu/arm/4.9.3/bin/../lib/gcc/arm-none-eabi/4.9.3/../../../../arm-none-eabi/lib/armv6-m\libg_nano.a(lib_a-errno.o)
 .data          0x00000000        0x0 c:/program files (x86)/cypress/psoc creator/4.0/psoc creator/import/gnu/arm/4.9.3/bin/../lib/gcc/arm-none-eabi/4.9.3/../../../../arm-none-eabi/lib/armv6-m\libg_nano.a(lib_a-errno.o)
 .bss           0x00000000        0x0 c:/program files (x86)/cypress/psoc creator/4.0/psoc creator/import/gnu/arm/4.9.3/bin/../lib/gcc/arm-none-eabi/4.9.3/../../../../arm-none-eabi/lib/armv6-m\libg_nano.a(lib_a-errno.o)
 .text          0x00000000        0x0 c:/program files (x86)/cypress/psoc creator/4.0/psoc creator/import/gnu/arm/4.9.3/bin/../lib/gcc/arm-none-eabi/4.9.3/../../../../arm-none-eabi/lib/armv6-m\libg_nano.a(lib_a-exit.o)
 .data          0x00000000        0x0 c:/program files (x86)/cypress/psoc creator/4.0/psoc creator/import/gnu/arm/4.9.3/bin/../lib/gcc/arm-none-eabi/4.9.3/../../../../arm-none-eabi/lib/armv6-m\libg_nano.a(lib_a-exit.o)
 .bss           0x00000000        0x0 c:/program files (x86)/cypress/psoc creator/4.0/psoc creator/import/gnu/arm/4.9.3/bin/../lib/gcc/arm-none-eabi/4.9.3/../../../../arm-none-eabi/lib/armv6-m\libg_nano.a(lib_a-exit.o)
 .text.exit     0x00000000       0x2c c:/program files (x86)/cypress/psoc creator/4.0/psoc creator/import/gnu/arm/4.9.3/bin/../lib/gcc/arm-none-eabi/4.9.3/../../../../arm-none-eabi/lib/armv6-m\libg_nano.a(lib_a-exit.o)
 .text          0x00000000        0x0 c:/program files (x86)/cypress/psoc creator/4.0/psoc creator/import/gnu/arm/4.9.3/bin/../lib/gcc/arm-none-eabi/4.9.3/../../../../arm-none-eabi/lib/armv6-m\libg_nano.a(lib_a-impure.o)
 .data          0x00000000        0x0 c:/program files (x86)/cypress/psoc creator/4.0/psoc creator/import/gnu/arm/4.9.3/bin/../lib/gcc/arm-none-eabi/4.9.3/../../../../arm-none-eabi/lib/armv6-m\libg_nano.a(lib_a-impure.o)
 .bss           0x00000000        0x0 c:/program files (x86)/cypress/psoc creator/4.0/psoc creator/import/gnu/arm/4.9.3/bin/../lib/gcc/arm-none-eabi/4.9.3/../../../../arm-none-eabi/lib/armv6-m\libg_nano.a(lib_a-impure.o)
 .rodata._global_impure_ptr
                0x00000000        0x4 c:/program files (x86)/cypress/psoc creator/4.0/psoc creator/import/gnu/arm/4.9.3/bin/../lib/gcc/arm-none-eabi/4.9.3/../../../../arm-none-eabi/lib/armv6-m\libg_nano.a(lib_a-impure.o)
 .text          0x00000000        0x0 c:/program files (x86)/cypress/psoc creator/4.0/psoc creator/import/gnu/arm/4.9.3/bin/../lib/gcc/arm-none-eabi/4.9.3/../../../../arm-none-eabi/lib/armv6-m\libg_nano.a(lib_a-init.o)
 .data          0x00000000        0x0 c:/program files (x86)/cypress/psoc creator/4.0/psoc creator/import/gnu/arm/4.9.3/bin/../lib/gcc/arm-none-eabi/4.9.3/../../../../arm-none-eabi/lib/armv6-m\libg_nano.a(lib_a-init.o)
 .bss           0x00000000        0x0 c:/program files (x86)/cypress/psoc creator/4.0/psoc creator/import/gnu/arm/4.9.3/bin/../lib/gcc/arm-none-eabi/4.9.3/../../../../arm-none-eabi/lib/armv6-m\libg_nano.a(lib_a-init.o)
 .text          0x00000000        0x0 c:/program files (x86)/cypress/psoc creator/4.0/psoc creator/import/gnu/arm/4.9.3/bin/../lib/gcc/arm-none-eabi/4.9.3/../../../../arm-none-eabi/lib/armv6-m\libg_nano.a(lib_a-memset.o)
 .data          0x00000000        0x0 c:/program files (x86)/cypress/psoc creator/4.0/psoc creator/import/gnu/arm/4.9.3/bin/../lib/gcc/arm-none-eabi/4.9.3/../../../../arm-none-eabi/lib/armv6-m\libg_nano.a(lib_a-memset.o)
 .bss           0x00000000        0x0 c:/program files (x86)/cypress/psoc creator/4.0/psoc creator/import/gnu/arm/4.9.3/bin/../lib/gcc/arm-none-eabi/4.9.3/../../../../arm-none-eabi/lib/armv6-m\libg_nano.a(lib_a-memset.o)
 .text          0x00000000        0x0 c:/program files (x86)/cypress/psoc creator/4.0/psoc creator/import/gnu/arm/4.9.3/bin/../lib/gcc/arm-none-eabi/4.9.3/armv6-m/crtend.o
 .data          0x00000000        0x0 c:/program files (x86)/cypress/psoc creator/4.0/psoc creator/import/gnu/arm/4.9.3/bin/../lib/gcc/arm-none-eabi/4.9.3/armv6-m/crtend.o
 .bss           0x00000000        0x0 c:/program files (x86)/cypress/psoc creator/4.0/psoc creator/import/gnu/arm/4.9.3/bin/../lib/gcc/arm-none-eabi/4.9.3/armv6-m/crtend.o
 .text          0x00000000        0x0 c:/program files (x86)/cypress/psoc creator/4.0/psoc creator/import/gnu/arm/4.9.3/bin/../lib/gcc/arm-none-eabi/4.9.3/armv6-m/crtn.o
 .data          0x00000000        0x0 c:/program files (x86)/cypress/psoc creator/4.0/psoc creator/import/gnu/arm/4.9.3/bin/../lib/gcc/arm-none-eabi/4.9.3/armv6-m/crtn.o
 .bss           0x00000000        0x0 c:/program files (x86)/cypress/psoc creator/4.0/psoc creator/import/gnu/arm/4.9.3/bin/../lib/gcc/arm-none-eabi/4.9.3/armv6-m/crtn.o

Memory Configuration

Name             Origin             Length             Attributes
rom              0x00000000         0x00008000         xr
ram              0x20000000         0x00001000         xrw
*default*        0x00000000         0xffffffff

Linker script and memory map

LOAD c:/program files (x86)/cypress/psoc creator/4.0/psoc creator/import/gnu/arm/4.9.3/bin/../lib/gcc/arm-none-eabi/4.9.3/armv6-m/crti.o
LOAD c:/program files (x86)/cypress/psoc creator/4.0/psoc creator/import/gnu/arm/4.9.3/bin/../lib/gcc/arm-none-eabi/4.9.3/armv6-m/crtbegin.o
LOAD c:/program files (x86)/cypress/psoc creator/4.0/psoc creator/import/gnu/arm/4.9.3/bin/../lib/gcc/arm-none-eabi/4.9.3/../../../../arm-none-eabi/lib/armv6-m/crt0.o
START GROUP
LOAD .\CortexM0\ARM_GCC_493\Debug\main.o
LOAD .\CortexM0\ARM_GCC_493\Debug\cymetadata.o
LOAD .\CortexM0\ARM_GCC_493\Debug\Cm0Start.o
LOAD .\CortexM0\ARM_GCC_493\Debug\Interrupts_Example01.a
LOAD C:\Program Files (x86)\Cypress\PSoC Creator\4.0\PSoC Creator\psoc\content\cycomponentlibrary\CyComponentLibrary.cylib\CortexM0\ARM_GCC_493\Debug\CyComponentLibrary.a
END GROUP
START GROUP
LOAD c:/program files (x86)/cypress/psoc creator/4.0/psoc creator/import/gnu/arm/4.9.3/bin/../lib/gcc/arm-none-eabi/4.9.3/armv6-m\libgcc.a
LOAD c:/program files (x86)/cypress/psoc creator/4.0/psoc creator/import/gnu/arm/4.9.3/bin/../lib/gcc/arm-none-eabi/4.9.3/../../../../arm-none-eabi/lib/armv6-m\libg_nano.a
LOAD c:/program files (x86)/cypress/psoc creator/4.0/psoc creator/import/gnu/arm/4.9.3/bin/../lib/gcc/arm-none-eabi/4.9.3/../../../../arm-none-eabi/lib/armv6-m\libc_nano.a
END GROUP
START GROUP
LOAD c:/program files (x86)/cypress/psoc creator/4.0/psoc creator/import/gnu/arm/4.9.3/bin/../lib/gcc/arm-none-eabi/4.9.3/armv6-m\libgcc.a
LOAD c:/program files (x86)/cypress/psoc creator/4.0/psoc creator/import/gnu/arm/4.9.3/bin/../lib/gcc/arm-none-eabi/4.9.3/../../../../arm-none-eabi/lib/armv6-m\libc_nano.a
END GROUP
LOAD c:/program files (x86)/cypress/psoc creator/4.0/psoc creator/import/gnu/arm/4.9.3/bin/../lib/gcc/arm-none-eabi/4.9.3/armv6-m/crtend.o
LOAD c:/program files (x86)/cypress/psoc creator/4.0/psoc creator/import/gnu/arm/4.9.3/bin/../lib/gcc/arm-none-eabi/4.9.3/armv6-m/crtn.o
START GROUP
LOAD c:/program files (x86)/cypress/psoc creator/4.0/psoc creator/import/gnu/arm/4.9.3/bin/../lib/gcc/arm-none-eabi/4.9.3/armv6-m\libgcc.a
LOAD c:/program files (x86)/cypress/psoc creator/4.0/psoc creator/import/gnu/arm/4.9.3/bin/../lib/gcc/arm-none-eabi/4.9.3/../../../../arm-none-eabi/lib/armv6-m\libc.a
LOAD c:/program files (x86)/cypress/psoc creator/4.0/psoc creator/import/gnu/arm/4.9.3/bin/../lib/gcc/arm-none-eabi/4.9.3/../../../../arm-none-eabi/lib/armv6-m\libnosys.a
END GROUP
                0x00000000                CY_APPL_ORIGIN = 0x0
                0x00000080                CY_FLASH_ROW_SIZE = 0x80
                0x00000001                CY_APPL_NUM = 0x1
                0x00000001                CY_APPL_MAX = 0x1
                0x00000040                CY_METADATA_SIZE = 0x40
                0x00000000                CY_APPL_LOADABLE = 0x0
                0x00000000                CY_CHECKSUM_EXCLUDE_SIZE = ALIGN (0x0, CY_FLASH_ROW_SIZE)
                0x00000000                CY_APP_FOR_STACK_AND_COPIER = 0x0
                0x20000168                PROVIDE (__cy_heap_start, _end)
                0x00000001                PROVIDE (__cy_region_num, ((__cy_regions_end - __cy_regions) / 0x10))
                0x20001000                PROVIDE (__cy_stack, (ORIGIN (ram) + 0x1000))
                0x20000c00                PROVIDE (__cy_heap_end, (__cy_stack - 0x400))

.cybootloader   0x00000000        0x0
 *(.cybootloader)
                0x00000000                appl1_start = CY_APPL_ORIGIN?CY_APPL_ORIGIN:ALIGN (CY_FLASH_ROW_SIZE)
                0x00003f80                appl2_start = (appl1_start + ALIGN ((((0x8000 - appl1_start) - (0x2 * CY_FLASH_ROW_SIZE)) / 0x2), CY_FLASH_ROW_SIZE))
                0x00000000                appl_start = (CY_APPL_NUM == 0x1)?appl1_start:appl2_start
                0x00000001                cy_project_type_bootloader = (appl_start == 0x0)?0x1:0x0
                0x00000000                cy_project_type_app_for_stack_and_copier = (CY_APP_FOR_STACK_AND_COPIER == 0x1)?0x1:0x0

.text           0x00000000      0x668
 CREATE_OBJECT_SYMBOLS
                0x00000000                PROVIDE (__cy_interrupt_vector, RomVectors)
 *(.romvectors)
 .romvectors    0x00000000       0x10 .\CortexM0\ARM_GCC_493\Debug\Cm0Start.o
                0x00000000                RomVectors
                0x00000001                ASSERT ((. != __cy_interrupt_vector), No interrupt vector)
                0x00000001                ASSERT (CY_APPL_ORIGIN?(SIZEOF (.cybootloader) <= CY_APPL_ORIGIN):0x1, Wrong image location)
                0x00000010                PROVIDE (__cy_reset, Reset)
 *(.text.Reset)
 .text.Reset    0x00000010        0x8 .\CortexM0\ARM_GCC_493\Debug\Cm0Start.o
                0x00000010                Reset
                0x00000001                ASSERT ((. != __cy_reset), No reset code)
 *(.psocinit)
 .psocinit      0x00000018      0x11c .\CortexM0\ARM_GCC_493\Debug\Interrupts_Example01.a(cyfitter_cfg.o)
                0x00000064                cyfitter_cfg
                0x00000134                . = MAX (., 0x100)
 *(.text .text.* .gnu.linkonce.t.*)
 .text          0x00000134       0x60 c:/program files (x86)/cypress/psoc creator/4.0/psoc creator/import/gnu/arm/4.9.3/bin/../lib/gcc/arm-none-eabi/4.9.3/armv6-m/crtbegin.o
 .text.GPIOIsrHandler
                0x00000194       0x28 .\CortexM0\ARM_GCC_493\Debug\main.o
                0x00000194                GPIOIsrHandler
 .text.NestedIsrHandler
                0x000001bc       0x28 .\CortexM0\ARM_GCC_493\Debug\main.o
                0x000001bc                NestedIsrHandler
 .text.main     0x000001e4       0x3c .\CortexM0\ARM_GCC_493\Debug\main.o
                0x000001e4                main
 .text.IntDefaultHandler
                0x00000220       0x10 .\CortexM0\ARM_GCC_493\Debug\Cm0Start.o
                0x00000220                IntDefaultHandler
 .text.Start_c  0x00000230       0x48 .\CortexM0\ARM_GCC_493\Debug\Cm0Start.o
                0x00000230                Start_c
 .text.initialize_psoc
                0x00000278       0x48 .\CortexM0\ARM_GCC_493\Debug\Cm0Start.o
                0x00000278                initialize_psoc
 .text.CYMEMZERO
                0x000002c0        0xc .\CortexM0\ARM_GCC_493\Debug\Interrupts_Example01.a(cyfitter_cfg.o)
 .text.isr_GPIO_SetVector
                0x000002cc        0xc .\CortexM0\ARM_GCC_493\Debug\Interrupts_Example01.a(isr_GPIO.o)
                0x000002cc                isr_GPIO_SetVector
 .text.isr_GPIO_SetPriority
                0x000002d8       0x20 .\CortexM0\ARM_GCC_493\Debug\Interrupts_Example01.a(isr_GPIO.o)
                0x000002d8                isr_GPIO_SetPriority
 .text.isr_GPIO_Enable
                0x000002f8        0xc .\CortexM0\ARM_GCC_493\Debug\Interrupts_Example01.a(isr_GPIO.o)
                0x000002f8                isr_GPIO_Enable
 .text.isr_GPIO_Disable
                0x00000304        0xc .\CortexM0\ARM_GCC_493\Debug\Interrupts_Example01.a(isr_GPIO.o)
                0x00000304                isr_GPIO_Disable
 .text.isr_GPIO_StartEx
                0x00000310       0x1c .\CortexM0\ARM_GCC_493\Debug\Interrupts_Example01.a(isr_GPIO.o)
                0x00000310                isr_GPIO_StartEx
 .text.isr_GPIO_ClearPending
                0x0000032c        0xc .\CortexM0\ARM_GCC_493\Debug\Interrupts_Example01.a(isr_GPIO.o)
                0x0000032c                isr_GPIO_ClearPending
 .text.Pin_Sw_ClearInterrupt
                0x00000338       0x14 .\CortexM0\ARM_GCC_493\Debug\Interrupts_Example01.a(Pin_Sw.o)
                0x00000338                Pin_Sw_ClearInterrupt
 .text.LED_Isr_Write
                0x0000034c       0x18 .\CortexM0\ARM_GCC_493\Debug\Interrupts_Example01.a(LED_Isr.o)
                0x0000034c                LED_Isr_Write
 .text.LED_Nested_Write
                0x00000364       0x18 .\CortexM0\ARM_GCC_493\Debug\Interrupts_Example01.a(LED_Nested.o)
                0x00000364                LED_Nested_Write
 .text.CyIntEnable
                0x0000037c       0x14 .\CortexM0\ARM_GCC_493\Debug\Interrupts_Example01.a(CyLib.o)
                0x0000037c                CyIntEnable
 .text.CyIntSetPending
                0x00000390       0x14 .\CortexM0\ARM_GCC_493\Debug\Interrupts_Example01.a(CyLib.o)
                0x00000390                CyIntSetPending
 .text.CyIntClearPending
                0x000003a4       0x14 .\CortexM0\ARM_GCC_493\Debug\Interrupts_Example01.a(CyLib.o)
                0x000003a4                CyIntClearPending
 .text.CyHalt   0x000003b8        0x4 .\CortexM0\ARM_GCC_493\Debug\Interrupts_Example01.a(CyLib.o)
                0x000003b8                CyHalt
 .text.CyIntSetVector
                0x000003bc       0x24 .\CortexM0\ARM_GCC_493\Debug\Interrupts_Example01.a(CyLib.o)
                0x000003bc                CyIntSetVector
 .text.CyIntSetPriority
                0x000003e0       0x4c .\CortexM0\ARM_GCC_493\Debug\Interrupts_Example01.a(CyLib.o)
                0x000003e0                CyIntSetPriority
 .text.CyDelay  0x0000042c       0x30 .\CortexM0\ARM_GCC_493\Debug\Interrupts_Example01.a(CyLib.o)
                0x0000042c                CyDelay
 .text.CyDelayUs
                0x0000045c       0x14 .\CortexM0\ARM_GCC_493\Debug\Interrupts_Example01.a(CyLib.o)
                0x0000045c                CyDelayUs
 .text.CySysClkWriteImoFreq
                0x00000470      0x164 .\CortexM0\ARM_GCC_493\Debug\Interrupts_Example01.a(CyLib.o)
                0x00000470                CySysClkWriteImoFreq
 *fill*         0x000005d4        0x4 
 .text          0x000005d8       0x28 .\CortexM0\ARM_GCC_493\Debug\Interrupts_Example01.a(CyBootAsmGnu.o)
                0x000005d8                CyDelayCycles
                0x000005ec                CyEnterCriticalSection
                0x000005f4                CyExitCriticalSection
 .text.__errno  0x00000600        0xc c:/program files (x86)/cypress/psoc creator/4.0/psoc creator/import/gnu/arm/4.9.3/bin/../lib/gcc/arm-none-eabi/4.9.3/../../../../arm-none-eabi/lib/armv6-m\libg_nano.a(lib_a-errno.o)
                0x00000600                __errno
 .text.__libc_init_array
                0x0000060c       0x4c c:/program files (x86)/cypress/psoc creator/4.0/psoc creator/import/gnu/arm/4.9.3/bin/../lib/gcc/arm-none-eabi/4.9.3/../../../../arm-none-eabi/lib/armv6-m\libg_nano.a(lib_a-init.o)
                0x0000060c                __libc_init_array
 .text.memset   0x00000658       0x10 c:/program files (x86)/cypress/psoc creator/4.0/psoc creator/import/gnu/arm/4.9.3/bin/../lib/gcc/arm-none-eabi/4.9.3/../../../../arm-none-eabi/lib/armv6-m\libg_nano.a(lib_a-memset.o)
                0x00000658                memset
 *(.plt)
 *(.gnu.warning)
 *(.glue_7t)
 .glue_7t       0x00000000        0x0 linker stubs
 *(.glue_7)
 .glue_7        0x00000000        0x0 linker stubs
 *(.vfp11_veneer)
 .vfp11_veneer  0x00000000        0x0 linker stubs
 *(.bootloader)
 *(.ARM.extab* .gnu.linkonce.armextab.*)
 *(.gcc_except_table)

.v4_bx          0x00000668        0x0
 .v4_bx         0x00000000        0x0 linker stubs

.iplt           0x00000668        0x0
 .iplt          0x00000000        0x0 c:/program files (x86)/cypress/psoc creator/4.0/psoc creator/import/gnu/arm/4.9.3/bin/../lib/gcc/arm-none-eabi/4.9.3/armv6-m/crtbegin.o

.eh_frame_hdr
 *(.eh_frame_hdr)

.eh_frame       0x00000668        0x4
 *(.eh_frame)
 .eh_frame      0x00000668        0x0 c:/program files (x86)/cypress/psoc creator/4.0/psoc creator/import/gnu/arm/4.9.3/bin/../lib/gcc/arm-none-eabi/4.9.3/armv6-m/crtbegin.o
 .eh_frame      0x00000668        0x4 c:/program files (x86)/cypress/psoc creator/4.0/psoc creator/import/gnu/arm/4.9.3/bin/../lib/gcc/arm-none-eabi/4.9.3/armv6-m/crtend.o
                0x0000066c                PROVIDE (__exidx_start, .)

.ARM.exidx
 *(.ARM.exidx* .gnu.linkonce.armexidx.*)
                0x0000066c                __exidx_end = .

.rodata         0x0000066c       0x74
 *(.rodata .rodata.* .gnu.linkonce.r.*)
 .rodata        0x0000066c        0xc .\CortexM0\ARM_GCC_493\Debug\Interrupts_Example01.a(cyfitter_cfg.o)
 .rodata        0x00000678       0x30 .\CortexM0\ARM_GCC_493\Debug\Interrupts_Example01.a(CyLib.o)
                0x00000678                cyImoFreqMhz2Reg
 .rodata.str1.1
                0x000006a8        0x2 c:/program files (x86)/cypress/psoc creator/4.0/psoc creator/import/gnu/arm/4.9.3/bin/../lib/gcc/arm-none-eabi/4.9.3/../../../../arm-none-eabi/lib/armv6-m\libg_nano.a(lib_a-impure.o)
                0x000006ac                . = ALIGN (0x4)
 *fill*         0x000006aa        0x2 
 *(.init)
 .init          0x000006ac        0x4 c:/program files (x86)/cypress/psoc creator/4.0/psoc creator/import/gnu/arm/4.9.3/bin/../lib/gcc/arm-none-eabi/4.9.3/armv6-m/crti.o
                0x000006ac                _init
 .init          0x000006b0        0x8 c:/program files (x86)/cypress/psoc creator/4.0/psoc creator/import/gnu/arm/4.9.3/bin/../lib/gcc/arm-none-eabi/4.9.3/armv6-m/crtn.o
                0x000006b8                . = ALIGN (0x4)
                0x000006b8                __preinit_array_start = .
 *(.preinit_array)
                0x000006b8                __preinit_array_end = .
                0x000006b8                . = ALIGN (0x4)
                0x000006b8                __init_array_start = .
 *(SORT(.init_array.*))
 *(.init_array)
 .init_array    0x000006b8        0x4 c:/program files (x86)/cypress/psoc creator/4.0/psoc creator/import/gnu/arm/4.9.3/bin/../lib/gcc/arm-none-eabi/4.9.3/armv6-m/crtbegin.o
 .init_array    0x000006bc        0x4 .\CortexM0\ARM_GCC_493\Debug\Cm0Start.o
                0x000006c0                __init_array_end = .
                0x000006c0                . = ALIGN (0x4)
 *(.fini)
 .fini          0x000006c0        0x4 c:/program files (x86)/cypress/psoc creator/4.0/psoc creator/import/gnu/arm/4.9.3/bin/../lib/gcc/arm-none-eabi/4.9.3/armv6-m/crti.o
                0x000006c0                _fini
 .fini          0x000006c4        0x8 c:/program files (x86)/cypress/psoc creator/4.0/psoc creator/import/gnu/arm/4.9.3/bin/../lib/gcc/arm-none-eabi/4.9.3/armv6-m/crtn.o
                0x000006cc                . = ALIGN (0x4)
                0x000006cc                __fini_array_start = .
 *(.fini_array)
 .fini_array    0x000006cc        0x4 c:/program files (x86)/cypress/psoc creator/4.0/psoc creator/import/gnu/arm/4.9.3/bin/../lib/gcc/arm-none-eabi/4.9.3/armv6-m/crtbegin.o
 *(SORT(.fini_array.*))
                0x000006d0                __fini_array_end = .
                0x000006d0                . = ALIGN (0x4)
 *crtbegin.o(.ctors)
 *(EXCLUDE_FILE(*crtend.o) .ctors)
 *(SORT(.ctors.*))
 *crtend.o(.ctors)
                0x000006d0                . = ALIGN (0x4)
 *crtbegin.o(.dtors)
 *(EXCLUDE_FILE(*crtend.o) .dtors)
 *(SORT(.dtors.*))
 *crtend.o(.dtors)
                0x000006d0                . = ALIGN (0x4)
                0x000006d0                __cy_regions = .
                0x000006d0        0x4 LONG 0x6e0 __cy_region_init_ram
                0x000006d4        0x4 LONG 0x200000c8 __cy_region_start_data
                0x000006d8        0x4 LONG 0x80 __cy_region_init_size_ram
                0x000006dc        0x4 LONG 0x20 __cy_region_zero_size_ram
                0x000006e0                __cy_regions_end = .
                0x000006e0                . = ALIGN (0x8)
                0x000006e0                _etext = .

.cy_checksum_exclude
                0x000006e0        0x0
 *(.cy_checksum_exclude)

.ramvectors     0x20000000       0xc0
                0x20000000                __cy_region_start_ram = .
 *(.ramvectors)
 .ramvectors    0x20000000       0xc0 .\CortexM0\ARM_GCC_493\Debug\Cm0Start.o
                0x20000000                CyRamVectors

.noinit         0x200000c0        0x4
 *(.noinit)
 .noinit        0x200000c0        0x4 .\CortexM0\ARM_GCC_493\Debug\Cm0Start.o

.data           0x200000c8       0x80 load address 0x000006e0
                0x200000c8                __cy_region_start_data = .
 *(.jcr)
 .jcr           0x200000c8        0x0 c:/program files (x86)/cypress/psoc creator/4.0/psoc creator/import/gnu/arm/4.9.3/bin/../lib/gcc/arm-none-eabi/4.9.3/armv6-m/crtbegin.o
 .jcr           0x200000c8        0x4 c:/program files (x86)/cypress/psoc creator/4.0/psoc creator/import/gnu/arm/4.9.3/bin/../lib/gcc/arm-none-eabi/4.9.3/armv6-m/crtend.o
 *(.got.plt)
 *(.got)
 *(.shdata)
 *(.data .data.* .gnu.linkonce.d.*)
 .data          0x200000cc       0x14 .\CortexM0\ARM_GCC_493\Debug\Interrupts_Example01.a(CyLib.o)
                0x200000cc                CySysClkPumpConfig
                0x200000d0                cydelay32kMs
                0x200000d4                cydelayFreqKhz
                0x200000d8                cydelayFreqMhz
                0x200000dc                cydelayFreqHz
 .data.impure_data
                0x200000e0       0x60 c:/program files (x86)/cypress/psoc creator/4.0/psoc creator/import/gnu/arm/4.9.3/bin/../lib/gcc/arm-none-eabi/4.9.3/../../../../arm-none-eabi/lib/armv6-m\libg_nano.a(lib_a-impure.o)
 .data._impure_ptr
                0x20000140        0x4 c:/program files (x86)/cypress/psoc creator/4.0/psoc creator/import/gnu/arm/4.9.3/bin/../lib/gcc/arm-none-eabi/4.9.3/../../../../arm-none-eabi/lib/armv6-m\libg_nano.a(lib_a-impure.o)
                0x20000140                _impure_ptr
                0x20000148                . = ALIGN (0x8)
 *fill*         0x20000144        0x4 
 *(.ram)
                0x20000148                _edata = .

.igot.plt       0x20000148        0x0 load address 0x00000760
 .igot.plt      0x00000000        0x0 c:/program files (x86)/cypress/psoc creator/4.0/psoc creator/import/gnu/arm/4.9.3/bin/../lib/gcc/arm-none-eabi/4.9.3/armv6-m/crtbegin.o

.bss            0x20000148       0x20 load address 0x00000760
                0x20000148                PROVIDE (__bss_start__, .)
 *(.shbss)
 *(.bss .bss.* .gnu.linkonce.b.*)
 .bss           0x20000148       0x1c c:/program files (x86)/cypress/psoc creator/4.0/psoc creator/import/gnu/arm/4.9.3/bin/../lib/gcc/arm-none-eabi/4.9.3/armv6-m/crtbegin.o
 *(COMMON)
                0x20000168                . = ALIGN (0x8)
 *fill*         0x20000164        0x4 
 *(.ram.b)
                0x20000168                _end = .
                0x20000168                __end = .
                0x20000168                PROVIDE (end, .)
                0x20000168                PROVIDE (__bss_end__, .)
                0x000006e0                __cy_region_init_ram = LOADADDR (.data)
                0x00000080                __cy_region_init_size_ram = (_edata - ADDR (.data))
                0x00000020                __cy_region_zero_size_ram = (_end - _edata)

.heap           0x20000168       0x80 load address 0x00000760
                0x20000168                . = _end
                0x200001e8                . = (. + 0x80)
 *fill*         0x20000168       0x80 
                0x200001e8                __cy_heap_limit = .

.stack          0x20000c00      0x400
                0x20000c00                __cy_stack_limit = .
                0x20001000                . = (. + 0x400)
 *fill*         0x20000c00      0x400 
                0x00000001                ASSERT ((__cy_stack_limit >= __cy_heap_limit), region RAM overflowed with stack)
                0x00000000                cy_checksum_exclude_size = (CY_APPL_LOADABLE == 0x1)?SIZEOF (.cy_checksum_exclude):0x0
                0x00000001                ASSERT ((cy_checksum_exclude_size <= CY_CHECKSUM_EXCLUDE_SIZE), CY_BOOT: Section .cy_checksum_exclude size exceedes specified limit.)
                0x00007fc0                cyloadermeta_start = (cy_project_type_bootloader || cy_project_type_app_for_stack_and_copier)?(0x8000 - CY_METADATA_SIZE):0xf0000000

.cyloadermeta
 *(.cyloadermeta)
                0x00007fc0                cyloadablemeta_start = cy_project_type_app_for_stack_and_copier?((0x8000 - CY_FLASH_ROW_SIZE) - CY_METADATA_SIZE):((0x8000 - (CY_FLASH_ROW_SIZE * (CY_APPL_NUM - 0x1))) - CY_METADATA_SIZE)

.cyloadablemeta
 *(.cyloadablemeta)

.cyflashprotect
                0x90400000       0x20
 *(.cyflashprotect)
 .cyflashprotect
                0x90400000       0x20 .\CortexM0\ARM_GCC_493\Debug\cymetadata.o
                0x90400000                cy_meta_flashprotect

.cymeta         0x90500000        0xc
 *(.cymeta)
 .cymeta        0x90500000        0xc .\CortexM0\ARM_GCC_493\Debug\cymetadata.o
                0x90500000                cy_metadata

.cychipprotect  0x90600000        0x4
 *(.cychipprotect)
 .cychipprotect
                0x90600000        0x4 .\CortexM0\ARM_GCC_493\Debug\cymetadata.o
                0x90600000                cy_meta_chipprotect

.rel.dyn        0x00000760        0x0 load address 0x90600004
 .rel.iplt      0x00000000        0x0 c:/program files (x86)/cypress/psoc creator/4.0/psoc creator/import/gnu/arm/4.9.3/bin/../lib/gcc/arm-none-eabi/4.9.3/armv6-m/crtbegin.o

.stab
 *(.stab)

.stabstr
 *(.stabstr)

.debug
 *(.debug)

.line
 *(.line)

.debug_srcinfo
 *(.debug_srcinfo)

.debug_sfnames
 *(.debug_sfnames)

.debug_aranges  0x00000000      0x3b8
 *(.debug_aranges)
 .debug_aranges
                0x00000000       0x30 .\CortexM0\ARM_GCC_493\Debug\main.o
 .debug_aranges
                0x00000030       0x18 .\CortexM0\ARM_GCC_493\Debug\cymetadata.o
 .debug_aranges
                0x00000048       0x48 .\CortexM0\ARM_GCC_493\Debug\Cm0Start.o
 .debug_aranges
                0x00000090       0x30 .\CortexM0\ARM_GCC_493\Debug\Interrupts_Example01.a(cyfitter_cfg.o)
 .debug_aranges
                0x000000c0       0x80 .\CortexM0\ARM_GCC_493\Debug\Interrupts_Example01.a(isr_GPIO.o)
 .debug_aranges
                0x00000140       0x48 .\CortexM0\ARM_GCC_493\Debug\Interrupts_Example01.a(Pin_Sw.o)
 .debug_aranges
                0x00000188       0x48 .\CortexM0\ARM_GCC_493\Debug\Interrupts_Example01.a(LED_Isr.o)
 .debug_aranges
                0x000001d0       0x48 .\CortexM0\ARM_GCC_493\Debug\Interrupts_Example01.a(LED_Nested.o)
 .debug_aranges
                0x00000218      0x180 .\CortexM0\ARM_GCC_493\Debug\Interrupts_Example01.a(CyLib.o)
 .debug_aranges
                0x00000398       0x20 .\CortexM0\ARM_GCC_493\Debug\Interrupts_Example01.a(CyBootAsmGnu.o)

.debug_pubnames
 *(.debug_pubnames)

.debug_info     0x00000000     0x1d32
 *(.debug_info .gnu.linkonce.wi.*)
 .debug_info    0x00000000      0x30b .\CortexM0\ARM_GCC_493\Debug\main.o
 .debug_info    0x0000030b       0xfe .\CortexM0\ARM_GCC_493\Debug\cymetadata.o
 .debug_info    0x00000409      0x39a .\CortexM0\ARM_GCC_493\Debug\Cm0Start.o
 .debug_info    0x000007a3      0x22f .\CortexM0\ARM_GCC_493\Debug\Interrupts_Example01.a(cyfitter_cfg.o)
 .debug_info    0x000009d2      0x300 .\CortexM0\ARM_GCC_493\Debug\Interrupts_Example01.a(isr_GPIO.o)
 .debug_info    0x00000cd2      0x19d .\CortexM0\ARM_GCC_493\Debug\Interrupts_Example01.a(Pin_Sw.o)
 .debug_info    0x00000e6f      0x19d .\CortexM0\ARM_GCC_493\Debug\Interrupts_Example01.a(LED_Isr.o)
 .debug_info    0x0000100c      0x19d .\CortexM0\ARM_GCC_493\Debug\Interrupts_Example01.a(LED_Nested.o)
 .debug_info    0x000011a9      0xb07 .\CortexM0\ARM_GCC_493\Debug\Interrupts_Example01.a(CyLib.o)
 .debug_info    0x00001cb0       0x82 .\CortexM0\ARM_GCC_493\Debug\Interrupts_Example01.a(CyBootAsmGnu.o)

.debug_abbrev   0x00000000      0xace
 *(.debug_abbrev)
 .debug_abbrev  0x00000000      0x10e .\CortexM0\ARM_GCC_493\Debug\main.o
 .debug_abbrev  0x0000010e       0x5d .\CortexM0\ARM_GCC_493\Debug\cymetadata.o
 .debug_abbrev  0x0000016b      0x1e6 .\CortexM0\ARM_GCC_493\Debug\Cm0Start.o
 .debug_abbrev  0x00000351      0x150 .\CortexM0\ARM_GCC_493\Debug\Interrupts_Example01.a(cyfitter_cfg.o)
 .debug_abbrev  0x000004a1      0x1b4 .\CortexM0\ARM_GCC_493\Debug\Interrupts_Example01.a(isr_GPIO.o)
 .debug_abbrev  0x00000655       0xc8 .\CortexM0\ARM_GCC_493\Debug\Interrupts_Example01.a(Pin_Sw.o)
 .debug_abbrev  0x0000071d       0xc8 .\CortexM0\ARM_GCC_493\Debug\Interrupts_Example01.a(LED_Isr.o)
 .debug_abbrev  0x000007e5       0xc8 .\CortexM0\ARM_GCC_493\Debug\Interrupts_Example01.a(LED_Nested.o)
 .debug_abbrev  0x000008ad      0x20d .\CortexM0\ARM_GCC_493\Debug\Interrupts_Example01.a(CyLib.o)
 .debug_abbrev  0x00000aba       0x14 .\CortexM0\ARM_GCC_493\Debug\Interrupts_Example01.a(CyBootAsmGnu.o)

.debug_line     0x00000000      0xcfd
 *(.debug_line)
 .debug_line    0x00000000       0xd6 .\CortexM0\ARM_GCC_493\Debug\main.o
 .debug_line    0x000000d6       0x51 .\CortexM0\ARM_GCC_493\Debug\cymetadata.o
 .debug_line    0x00000127      0x24e .\CortexM0\ARM_GCC_493\Debug\Cm0Start.o
 .debug_line    0x00000375      0x130 .\CortexM0\ARM_GCC_493\Debug\Interrupts_Example01.a(cyfitter_cfg.o)
 .debug_line    0x000004a5      0x150 .\CortexM0\ARM_GCC_493\Debug\Interrupts_Example01.a(isr_GPIO.o)
 .debug_line    0x000005f5       0xbe .\CortexM0\ARM_GCC_493\Debug\Interrupts_Example01.a(Pin_Sw.o)
 .debug_line    0x000006b3       0xbf .\CortexM0\ARM_GCC_493\Debug\Interrupts_Example01.a(LED_Isr.o)
 .debug_line    0x00000772       0xc2 .\CortexM0\ARM_GCC_493\Debug\Interrupts_Example01.a(LED_Nested.o)
 .debug_line    0x00000834      0x460 .\CortexM0\ARM_GCC_493\Debug\Interrupts_Example01.a(CyLib.o)
 .debug_line    0x00000c94       0x69 .\CortexM0\ARM_GCC_493\Debug\Interrupts_Example01.a(CyBootAsmGnu.o)

.debug_frame    0x00000000      0x878
 *(.debug_frame)
 .debug_frame   0x00000000       0x64 .\CortexM0\ARM_GCC_493\Debug\main.o
 .debug_frame   0x00000064       0xbc .\CortexM0\ARM_GCC_493\Debug\Cm0Start.o
 .debug_frame   0x00000120       0x64 .\CortexM0\ARM_GCC_493\Debug\Interrupts_Example01.a(cyfitter_cfg.o)
 .debug_frame   0x00000184      0x110 .\CortexM0\ARM_GCC_493\Debug\Interrupts_Example01.a(isr_GPIO.o)
 .debug_frame   0x00000294       0x70 .\CortexM0\ARM_GCC_493\Debug\Interrupts_Example01.a(Pin_Sw.o)
 .debug_frame   0x00000304       0x70 .\CortexM0\ARM_GCC_493\Debug\Interrupts_Example01.a(LED_Isr.o)
 .debug_frame   0x00000374       0x70 .\CortexM0\ARM_GCC_493\Debug\Interrupts_Example01.a(LED_Nested.o)
 .debug_frame   0x000003e4      0x3e0 .\CortexM0\ARM_GCC_493\Debug\Interrupts_Example01.a(CyLib.o)
 .debug_frame   0x000007c4       0x20 c:/program files (x86)/cypress/psoc creator/4.0/psoc creator/import/gnu/arm/4.9.3/bin/../lib/gcc/arm-none-eabi/4.9.3/armv6-m\libgcc.a(_udivsi3.o)
 .debug_frame   0x000007e4       0x20 c:/program files (x86)/cypress/psoc creator/4.0/psoc creator/import/gnu/arm/4.9.3/bin/../lib/gcc/arm-none-eabi/4.9.3/../../../../arm-none-eabi/lib/armv6-m\libg_nano.a(lib_a-errno.o)
 .debug_frame   0x00000804       0x28 c:/program files (x86)/cypress/psoc creator/4.0/psoc creator/import/gnu/arm/4.9.3/bin/../lib/gcc/arm-none-eabi/4.9.3/../../../../arm-none-eabi/lib/armv6-m\libg_nano.a(lib_a-exit.o)
 .debug_frame   0x0000082c       0x2c c:/program files (x86)/cypress/psoc creator/4.0/psoc creator/import/gnu/arm/4.9.3/bin/../lib/gcc/arm-none-eabi/4.9.3/../../../../arm-none-eabi/lib/armv6-m\libg_nano.a(lib_a-init.o)
 .debug_frame   0x00000858       0x20 c:/program files (x86)/cypress/psoc creator/4.0/psoc creator/import/gnu/arm/4.9.3/bin/../lib/gcc/arm-none-eabi/4.9.3/../../../../arm-none-eabi/lib/armv6-m\libg_nano.a(lib_a-memset.o)

.debug_str      0x00000000      0xba9
 *(.debug_str)
 .debug_str     0x00000000      0x235 .\CortexM0\ARM_GCC_493\Debug\main.o
                                0x26e (size before relaxing)
 .debug_str     0x00000235       0x59 .\CortexM0\ARM_GCC_493\Debug\cymetadata.o
                                0x1c0 (size before relaxing)
 .debug_str     0x0000028e      0x154 .\CortexM0\ARM_GCC_493\Debug\Cm0Start.o
                                0x2e7 (size before relaxing)
 .debug_str     0x000003e2       0x80 .\CortexM0\ARM_GCC_493\Debug\Interrupts_Example01.a(cyfitter_cfg.o)
                                0x215 (size before relaxing)
 .debug_str     0x00000462      0x128 .\CortexM0\ARM_GCC_493\Debug\Interrupts_Example01.a(isr_GPIO.o)
                                0x2fa (size before relaxing)
 .debug_str     0x0000058a       0xa7 .\CortexM0\ARM_GCC_493\Debug\Interrupts_Example01.a(Pin_Sw.o)
                                0x22f (size before relaxing)
 .debug_str     0x00000631       0x87 .\CortexM0\ARM_GCC_493\Debug\Interrupts_Example01.a(LED_Isr.o)
                                0x236 (size before relaxing)
 .debug_str     0x000006b8       0x99 .\CortexM0\ARM_GCC_493\Debug\Interrupts_Example01.a(LED_Nested.o)
                                0x24b (size before relaxing)
 .debug_str     0x00000751      0x458 .\CortexM0\ARM_GCC_493\Debug\Interrupts_Example01.a(CyLib.o)
                                0x6aa (size before relaxing)

.debug_loc      0x00000000      0xa15
 *(.debug_loc)
 .debug_loc     0x00000000      0x14f .\CortexM0\ARM_GCC_493\Debug\Cm0Start.o
 .debug_loc     0x0000014f       0xa9 .\CortexM0\ARM_GCC_493\Debug\Interrupts_Example01.a(cyfitter_cfg.o)
 .debug_loc     0x000001f8       0x82 .\CortexM0\ARM_GCC_493\Debug\Interrupts_Example01.a(isr_GPIO.o)
 .debug_loc     0x0000027a       0xa2 .\CortexM0\ARM_GCC_493\Debug\Interrupts_Example01.a(Pin_Sw.o)
 .debug_loc     0x0000031c       0xa2 .\CortexM0\ARM_GCC_493\Debug\Interrupts_Example01.a(LED_Isr.o)
 .debug_loc     0x000003be       0xa2 .\CortexM0\ARM_GCC_493\Debug\Interrupts_Example01.a(LED_Nested.o)
 .debug_loc     0x00000460      0x5b5 .\CortexM0\ARM_GCC_493\Debug\Interrupts_Example01.a(CyLib.o)

.debug_macinfo
 *(.debug_macinfo)

.debug_ranges   0x00000000      0x300
 *(.debug_ranges)
 .debug_ranges  0x00000000       0x20 .\CortexM0\ARM_GCC_493\Debug\main.o
 .debug_ranges  0x00000020       0x38 .\CortexM0\ARM_GCC_493\Debug\Cm0Start.o
 .debug_ranges  0x00000058       0x20 .\CortexM0\ARM_GCC_493\Debug\Interrupts_Example01.a(cyfitter_cfg.o)
 .debug_ranges  0x00000078       0x70 .\CortexM0\ARM_GCC_493\Debug\Interrupts_Example01.a(isr_GPIO.o)
 .debug_ranges  0x000000e8       0x38 .\CortexM0\ARM_GCC_493\Debug\Interrupts_Example01.a(Pin_Sw.o)
 .debug_ranges  0x00000120       0x38 .\CortexM0\ARM_GCC_493\Debug\Interrupts_Example01.a(LED_Isr.o)
 .debug_ranges  0x00000158       0x38 .\CortexM0\ARM_GCC_493\Debug\Interrupts_Example01.a(LED_Nested.o)
 .debug_ranges  0x00000190      0x170 .\CortexM0\ARM_GCC_493\Debug\Interrupts_Example01.a(CyLib.o)

.comment        0x00000000       0x70
 .comment       0x00000000       0x70 .\CortexM0\ARM_GCC_493\Debug\main.o
                                 0x71 (size before relaxing)
 .comment       0x00000000       0x71 .\CortexM0\ARM_GCC_493\Debug\cymetadata.o
 .comment       0x00000000       0x71 .\CortexM0\ARM_GCC_493\Debug\Cm0Start.o
 .comment       0x00000000       0x71 .\CortexM0\ARM_GCC_493\Debug\Interrupts_Example01.a(cyfitter_cfg.o)
 .comment       0x00000000       0x71 .\CortexM0\ARM_GCC_493\Debug\Interrupts_Example01.a(isr_GPIO.o)
 .comment       0x00000000       0x71 .\CortexM0\ARM_GCC_493\Debug\Interrupts_Example01.a(Pin_Sw.o)
 .comment       0x00000000       0x71 .\CortexM0\ARM_GCC_493\Debug\Interrupts_Example01.a(LED_Isr.o)
 .comment       0x00000000       0x71 .\CortexM0\ARM_GCC_493\Debug\Interrupts_Example01.a(LED_Nested.o)
 .comment       0x00000000       0x71 .\CortexM0\ARM_GCC_493\Debug\Interrupts_Example01.a(CyLib.o)

.debug_weaknames
 *(.debug_weaknames)

.debug_funcnames
 *(.debug_funcnames)

.debug_typenames
 *(.debug_typenames)

.debug_varnames
 *(.debug_varnames)

.note.gnu.arm.ident
 *(.note.gnu.arm.ident)

.ARM.attributes
                0x00000000       0x28
 *(.ARM.attributes)
 .ARM.attributes
                0x00000000       0x1e c:/program files (x86)/cypress/psoc creator/4.0/psoc creator/import/gnu/arm/4.9.3/bin/../lib/gcc/arm-none-eabi/4.9.3/armv6-m/crti.o
 .ARM.attributes
                0x0000001e       0x2c c:/program files (x86)/cypress/psoc creator/4.0/psoc creator/import/gnu/arm/4.9.3/bin/../lib/gcc/arm-none-eabi/4.9.3/armv6-m/crtbegin.o
 .ARM.attributes
                0x0000004a       0x1b c:/program files (x86)/cypress/psoc creator/4.0/psoc creator/import/gnu/arm/4.9.3/bin/../lib/gcc/arm-none-eabi/4.9.3/../../../../arm-none-eabi/lib/armv6-m/crt0.o
 .ARM.attributes
                0x00000065       0x31 .\CortexM0\ARM_GCC_493\Debug\main.o
 .ARM.attributes
                0x00000096       0x31 .\CortexM0\ARM_GCC_493\Debug\cymetadata.o
 .ARM.attributes
                0x000000c7       0x31 .\CortexM0\ARM_GCC_493\Debug\Cm0Start.o
 .ARM.attributes
                0x000000f8       0x31 .\CortexM0\ARM_GCC_493\Debug\Interrupts_Example01.a(cyfitter_cfg.o)
 .ARM.attributes
                0x00000129       0x31 .\CortexM0\ARM_GCC_493\Debug\Interrupts_Example01.a(isr_GPIO.o)
 .ARM.attributes
                0x0000015a       0x31 .\CortexM0\ARM_GCC_493\Debug\Interrupts_Example01.a(Pin_Sw.o)
 .ARM.attributes
                0x0000018b       0x31 .\CortexM0\ARM_GCC_493\Debug\Interrupts_Example01.a(LED_Isr.o)
 .ARM.attributes
                0x000001bc       0x31 .\CortexM0\ARM_GCC_493\Debug\Interrupts_Example01.a(LED_Nested.o)
 .ARM.attributes
                0x000001ed       0x31 .\CortexM0\ARM_GCC_493\Debug\Interrupts_Example01.a(CyLib.o)
 .ARM.attributes
                0x0000021e       0x21 .\CortexM0\ARM_GCC_493\Debug\Interrupts_Example01.a(CyBootAsmGnu.o)
 .ARM.attributes
                0x0000023f       0x1e c:/program files (x86)/cypress/psoc creator/4.0/psoc creator/import/gnu/arm/4.9.3/bin/../lib/gcc/arm-none-eabi/4.9.3/armv6-m\libgcc.a(_udivsi3.o)
 .ARM.attributes
                0x0000025d       0x1e c:/program files (x86)/cypress/psoc creator/4.0/psoc creator/import/gnu/arm/4.9.3/bin/../lib/gcc/arm-none-eabi/4.9.3/armv6-m\libgcc.a(_dvmd_tls.o)
 .ARM.attributes
                0x0000027b       0x2c c:/program files (x86)/cypress/psoc creator/4.0/psoc creator/import/gnu/arm/4.9.3/bin/../lib/gcc/arm-none-eabi/4.9.3/../../../../arm-none-eabi/lib/armv6-m\libg_nano.a(lib_a-errno.o)
 .ARM.attributes
                0x000002a7       0x2c c:/program files (x86)/cypress/psoc creator/4.0/psoc creator/import/gnu/arm/4.9.3/bin/../lib/gcc/arm-none-eabi/4.9.3/../../../../arm-none-eabi/lib/armv6-m\libg_nano.a(lib_a-exit.o)
 .ARM.attributes
                0x000002d3       0x2c c:/program files (x86)/cypress/psoc creator/4.0/psoc creator/import/gnu/arm/4.9.3/bin/../lib/gcc/arm-none-eabi/4.9.3/../../../../arm-none-eabi/lib/armv6-m\libg_nano.a(lib_a-impure.o)
 .ARM.attributes
                0x000002ff       0x2c c:/program files (x86)/cypress/psoc creator/4.0/psoc creator/import/gnu/arm/4.9.3/bin/../lib/gcc/arm-none-eabi/4.9.3/../../../../arm-none-eabi/lib/armv6-m\libg_nano.a(lib_a-init.o)
 .ARM.attributes
                0x0000032b       0x2c c:/program files (x86)/cypress/psoc creator/4.0/psoc creator/import/gnu/arm/4.9.3/bin/../lib/gcc/arm-none-eabi/4.9.3/../../../../arm-none-eabi/lib/armv6-m\libg_nano.a(lib_a-memset.o)
 .ARM.attributes
                0x00000357       0x2c c:/program files (x86)/cypress/psoc creator/4.0/psoc creator/import/gnu/arm/4.9.3/bin/../lib/gcc/arm-none-eabi/4.9.3/armv6-m/crtend.o
 .ARM.attributes
                0x00000383       0x1e c:/program files (x86)/cypress/psoc creator/4.0/psoc creator/import/gnu/arm/4.9.3/bin/../lib/gcc/arm-none-eabi/4.9.3/armv6-m/crtn.o

/DISCARD/
 *(.note.GNU-stack)
OUTPUT(.\CortexM0\ARM_GCC_493\Debug\Interrupts_Example01.elf elf32-littlearm)
