Archive member included because of file (symbol)

.\ARM_GCC_493\Debug\SoundSystem.a(cyfitter_cfg.o)
                              .\ARM_GCC_493\Debug\Cm3Start.o (cyfitter_cfg)
.\ARM_GCC_493\Debug\SoundSystem.a(USBFS.o)
                              .\ARM_GCC_493\Debug\main.o (USBFS_Start)
.\ARM_GCC_493\Debug\SoundSystem.a(USBFS_drv.o)
                              .\ARM_GCC_493\Debug\SoundSystem.a(USBFS.o) (USBFS_EP)
.\ARM_GCC_493\Debug\SoundSystem.a(USBFS_episr.o)
                              .\ARM_GCC_493\Debug\SoundSystem.a(USBFS.o) (USBFS_EP_2_ISR)
.\ARM_GCC_493\Debug\SoundSystem.a(USBFS_std.o)
                              .\ARM_GCC_493\Debug\SoundSystem.a(USBFS_drv.o) (USBFS_HandleStandardRqst)
.\ARM_GCC_493\Debug\SoundSystem.a(USBFS_vnd.o)
                              .\ARM_GCC_493\Debug\SoundSystem.a(USBFS_drv.o) (USBFS_HandleVendorRqst)
.\ARM_GCC_493\Debug\SoundSystem.a(VDAC8.o)
                              .\ARM_GCC_493\Debug\main.o (VDAC8_Start)
.\ARM_GCC_493\Debug\SoundSystem.a(VDACoutDMA_dma.o)
                              .\ARM_GCC_493\Debug\main.o (VDACoutDMA_DmaInitialize)
.\ARM_GCC_493\Debug\SoundSystem.a(VDACoutDMA_done_isr.o)
                              .\ARM_GCC_493\Debug\main.o (VDACoutDMA_done_isr_StartEx)
.\ARM_GCC_493\Debug\SoundSystem.a(LCD.o)
                              .\ARM_GCC_493\Debug\main.o (LCD_Start)
.\ARM_GCC_493\Debug\SoundSystem.a(USBFS_ep2_dma.o)
                              .\ARM_GCC_493\Debug\SoundSystem.a(USBFS.o) (USBFS_ep2_DmaInitialize)
.\ARM_GCC_493\Debug\SoundSystem.a(CyDmac.o)
                              .\ARM_GCC_493\Debug\Cm3Start.o (CyDmacConfigure)
.\ARM_GCC_493\Debug\SoundSystem.a(CyLib.o)
                              .\ARM_GCC_493\Debug\Cm3Start.o (CyResetStatus)
.\ARM_GCC_493\Debug\SoundSystem.a(cyPm.o)
                              .\ARM_GCC_493\Debug\SoundSystem.a(CyLib.o) (CyPmReadStatus)
.\ARM_GCC_493\Debug\SoundSystem.a(interrupcionDMA.o)
                              .\ARM_GCC_493\Debug\main.o (interrupcionDMA_Write)
.\ARM_GCC_493\Debug\SoundSystem.a(outindexinIndex.o)
                              .\ARM_GCC_493\Debug\main.o (outindexinIndex_Write)
.\ARM_GCC_493\Debug\SoundSystem.a(leyendoDelUSB.o)
                              .\ARM_GCC_493\Debug\main.o (leyendoDelUSB_Write)
.\ARM_GCC_493\Debug\SoundSystem.a(CyBootAsmGnu.o)
                              .\ARM_GCC_493\Debug\SoundSystem.a(cyfitter_cfg.o) (CyDelayCycles)
.\ARM_GCC_493\Debug\SoundSystem.a(USBFS_cls.o)
                              .\ARM_GCC_493\Debug\SoundSystem.a(USBFS_drv.o) (USBFS_DispatchClassRqst)
.\ARM_GCC_493\Debug\SoundSystem.a(USBFS_descr.o)
                              .\ARM_GCC_493\Debug\SoundSystem.a(USBFS_std.o) (USBFS_STRING_DESCRIPTORS)
.\ARM_GCC_493\Debug\SoundSystem.a(CyFlash.o)
                              .\ARM_GCC_493\Debug\SoundSystem.a(cyPm.o) (CyFlash_SetWaitCycles)
.\ARM_GCC_493\Debug\SoundSystem.a(CySpc.o)
                              .\ARM_GCC_493\Debug\SoundSystem.a(CyFlash.o) (CySpcStart)
.\ARM_GCC_493\Debug\SoundSystem.a(USBFS_audio.o)
                              .\ARM_GCC_493\Debug\SoundSystem.a(USBFS_cls.o) (USBFS_DispatchAUDIOClassRqst)
c:/program files (x86)/cypress/psoc creator/4.0/psoc creator/import/gnu/arm/4.9.3/bin/../lib/gcc/arm-none-eabi/4.9.3/../../../../arm-none-eabi/lib/armv7-m\libg_nano.a(lib_a-exit.o)
                              c:/program files (x86)/cypress/psoc creator/4.0/psoc creator/import/gnu/arm/4.9.3/bin/../lib/gcc/arm-none-eabi/4.9.3/../../../../arm-none-eabi/lib/armv7-m/crt0.o (exit)
c:/program files (x86)/cypress/psoc creator/4.0/psoc creator/import/gnu/arm/4.9.3/bin/../lib/gcc/arm-none-eabi/4.9.3/../../../../arm-none-eabi/lib/armv7-m\libg_nano.a(lib_a-impure.o)
                              c:/program files (x86)/cypress/psoc creator/4.0/psoc creator/import/gnu/arm/4.9.3/bin/../lib/gcc/arm-none-eabi/4.9.3/../../../../arm-none-eabi/lib/armv7-m\libg_nano.a(lib_a-exit.o) (_global_impure_ptr)
c:/program files (x86)/cypress/psoc creator/4.0/psoc creator/import/gnu/arm/4.9.3/bin/../lib/gcc/arm-none-eabi/4.9.3/../../../../arm-none-eabi/lib/armv7-m\libg_nano.a(lib_a-init.o)
                              c:/program files (x86)/cypress/psoc creator/4.0/psoc creator/import/gnu/arm/4.9.3/bin/../lib/gcc/arm-none-eabi/4.9.3/../../../../arm-none-eabi/lib/armv7-m/crt0.o (__libc_init_array)
c:/program files (x86)/cypress/psoc creator/4.0/psoc creator/import/gnu/arm/4.9.3/bin/../lib/gcc/arm-none-eabi/4.9.3/../../../../arm-none-eabi/lib/armv7-m\libg_nano.a(lib_a-memcpy.o)
                              .\ARM_GCC_493\Debug\SoundSystem.a(cyfitter_cfg.o) (memcpy)
c:/program files (x86)/cypress/psoc creator/4.0/psoc creator/import/gnu/arm/4.9.3/bin/../lib/gcc/arm-none-eabi/4.9.3/../../../../arm-none-eabi/lib/armv7-m\libg_nano.a(lib_a-memset.o)
[...]
Memory Configuration

Name             Origin             Length             Attributes
rom              0x00000000         0x00040000         xr
ram              0x1fff8000         0x00010000         xrw
*default*        0x00000000         0xffffffff

Linker script and memory map

LOAD c:/program files (x86)/cypress/psoc creator/4.0/psoc creator/import/gnu/arm/4.9.3/bin/../lib/gcc/arm-none-eabi/4.9.3/armv7-m/crti.o
LOAD c:/program files (x86)/cypress/psoc creator/4.0/psoc creator/import/gnu/arm/4.9.3/bin/../lib/gcc/arm-none-eabi/4.9.3/armv7-m/crtbegin.o
LOAD c:/program files (x86)/cypress/psoc creator/4.0/psoc creator/import/gnu/arm/4.9.3/bin/../lib/gcc/arm-none-eabi/4.9.3/../../../../arm-none-eabi/lib/armv7-m/crt0.o
START GROUP
LOAD .\ARM_GCC_493\Debug\main.o
LOAD .\ARM_GCC_493\Debug\cymetadata.o
LOAD .\ARM_GCC_493\Debug\Cm3Start.o
LOAD .\ARM_GCC_493\Debug\SoundSystem.a
LOAD C:\Program Files (x86)\Cypress\PSoC Creator\4.0\PSoC Creator\psoc\content\cycomponentlibrary\CyComponentLibrary.cylib\CortexM3\ARM_GCC_493\Debug\CyComponentLibrary.a
END GROUP
START GROUP
LOAD c:/program files (x86)/cypress/psoc creator/4.0/psoc creator/import/gnu/arm/4.9.3/bin/../lib/gcc/arm-none-eabi/4.9.3/armv7-m\libgcc.a
LOAD c:/program files (x86)/cypress/psoc creator/4.0/psoc creator/import/gnu/arm/4.9.3/bin/../lib/gcc/arm-none-eabi/4.9.3/../../../../arm-none-eabi/lib/armv7-m\libg_nano.a
LOAD c:/program files (x86)/cypress/psoc creator/4.0/psoc creator/import/gnu/arm/4.9.3/bin/../lib/gcc/arm-none-eabi/4.9.3/../../../../arm-none-eabi/lib/armv7-m\libc_nano.a
END GROUP
START GROUP
LOAD c:/program files (x86)/cypress/psoc creator/4.0/psoc creator/import/gnu/arm/4.9.3/bin/../lib/gcc/arm-none-eabi/4.9.3/armv7-m\libgcc.a
LOAD c:/program files (x86)/cypress/psoc creator/4.0/psoc creator/import/gnu/arm/4.9.3/bin/../lib/gcc/arm-none-eabi/4.9.3/../../../../arm-none-eabi/lib/armv7-m\libc_nano.a
END GROUP
LOAD c:/program files (x86)/cypress/psoc creator/4.0/psoc creator/import/gnu/arm/4.9.3/bin/../lib/gcc/arm-none-eabi/4.9.3/armv7-m/crtend.o
LOAD c:/program files (x86)/cypress/psoc creator/4.0/psoc creator/import/gnu/arm/4.9.3/bin/../lib/gcc/arm-none-eabi/4.9.3/armv7-m/crtn.o
START GROUP
LOAD c:/program files (x86)/cypress/psoc creator/4.0/psoc creator/import/gnu/arm/4.9.3/bin/../lib/gcc/arm-none-eabi/4.9.3/armv7-m\libgcc.a
LOAD c:/program files (x86)/cypress/psoc creator/4.0/psoc creator/import/gnu/arm/4.9.3/bin/../lib/gcc/arm-none-eabi/4.9.3/../../../../arm-none-eabi/lib/armv7-m\libc.a
LOAD c:/program files (x86)/cypress/psoc creator/4.0/psoc creator/import/gnu/arm/4.9.3/bin/../lib/gcc/arm-none-eabi/4.9.3/../../../../arm-none-eabi/lib/armv7-m\libnosys.a
END GROUP
                0x00000000                CY_APPL_ORIGIN = 0x0
                0x00000100                CY_FLASH_ROW_SIZE = 0x100
                0x00000020                CY_ECC_ROW_SIZE = 0x20
                0x00000000                CY_EE_IN_BTLDR = 0x0
                0x00000000                CY_APPL_LOADABLE = 0x0
                0x00000800                CY_EE_SIZE = 0x800
                0x00000001                CY_APPL_NUM = 0x1
                0x00000001                CY_APPL_MAX = 0x1
                0x00000040                CY_METADATA_SIZE = 0x40
                0x1fff8388                PROVIDE (__cy_heap_start, _end)
                0x00000001                PROVIDE (__cy_region_num, ((__cy_regions_end - __cy_regions) / 0x10))
                0x20008000                PROVIDE (__cy_stack, (ORIGIN (ram) + 0x10000))
                0x20007800                PROVIDE (__cy_heap_end, (__cy_stack - 0x800))

.cybootloader   0x00000000        0x0
 *(.cybootloader)
                0x00000000                appl1_start = CY_APPL_ORIGIN?CY_APPL_ORIGIN:ALIGN (CY_FLASH_ROW_SIZE)
                0x0001ff00                appl2_start = (appl1_start + ALIGN ((((0x40000 - appl1_start) - (0x2 * CY_FLASH_ROW_SIZE)) / 0x2), CY_FLASH_ROW_SIZE))
                0x00000000                appl_start = (CY_APPL_NUM == 0x1)?appl1_start:appl2_start
                0x00000000                ecc_offset = ((appl_start / CY_FLASH_ROW_SIZE) * CY_ECC_ROW_SIZE)
                0x00000000                ee_offset = (CY_APPL_LOADABLE && ! (CY_EE_IN_BTLDR))?((CY_EE_SIZE / CY_APPL_MAX) * (CY_APPL_NUM - 0x1)):0x0
                0x00000800                ee_size = (CY_APPL_LOADABLE && ! (CY_EE_IN_BTLDR))?(CY_EE_SIZE / CY_APPL_MAX):CY_EE_SIZE
                0x00000000                PROVIDE (CY_ECC_OFFSET, ecc_offset)

.text           0x00000000     0x3572
 CREATE_OBJECT_SYMBOLS
                0x00000000                PROVIDE (__cy_interrupt_vector, RomVectors)
 *(.romvectors)
 .romvectors    0x00000000       0x10 .\ARM_GCC_493\Debug\Cm3Start.o
                0x00000000                RomVectors
                0x00000001                ASSERT ((. != __cy_interrupt_vector), No interrupt vector)
                0x00000001                ASSERT (CY_APPL_ORIGIN?(SIZEOF (.cybootloader) <= CY_APPL_ORIGIN):0x1, Wrong image location)
                0x00000010                PROVIDE (__cy_reset, Reset)
 *(.text.Reset)
 .text.Reset    0x00000010       0x18 .\ARM_GCC_493\Debug\Cm3Start.o
                0x00000010                Reset
                0x00000001                ASSERT ((. != __cy_reset), No reset code)
 *(.dma_init)
                0x00000001                ASSERT ((((appl_start + .) <= 0x10000) || 0x1), DMA Init must be within the first 64k of flash)
 *(.text .text.* .gnu.linkonce.t.*)
 .text          0x00000028       0x5c c:/program files (x86)/cypress/psoc creator/4.0/psoc creator/import/gnu/arm/4.9.3/bin/../lib/gcc/arm-none-eabi/4.9.3/armv7-m/crtbegin.o
 .text.DMA_done
                0x00000084       0x5c .\ARM_GCC_493\Debug\main.o
                0x00000084                DMA_done
 .text.main     0x000000e0      0x244 .\ARM_GCC_493\Debug\main.o
                0x000000e0                main
 .text.IntDefaultHandler
                0x00000324        0x8 .\ARM_GCC_493\Debug\Cm3Start.o
                0x00000324                IntDefaultHandler
 .text.Start_c  0x0000032c       0x94 .\ARM_GCC_493\Debug\Cm3Start.o
                0x0000032c                Start_c
 .text.initialize_psoc
                0x000003c0       0x90 .\ARM_GCC_493\Debug\Cm3Start.o
                0x000003c0                initialize_psoc
 .text.CYMEMZERO
                0x00000450       0x1c .\ARM_GCC_493\Debug\SoundSystem.a(cyfitter_cfg.o)
 .text.CYCONFIGCPY
                0x0000046c       0x1c .\ARM_GCC_493\Debug\SoundSystem.a(cyfitter_cfg.o)
 .text.CYCONFIGCPYCODE
                0x00000488       0x1c .\ARM_GCC_493\Debug\SoundSystem.a(cyfitter_cfg.o)
 .text.CyClockStartupError
                0x000004a4        0xc .\ARM_GCC_493\Debug\SoundSystem.a(cyfitter_cfg.o)
 .text.cfg_write_bytes32
                0x000004b0       0x74 .\ARM_GCC_493\Debug\SoundSystem.a(cyfitter_cfg.o)
 .text.ClockSetup
                0x00000524      0x104 .\ARM_GCC_493\Debug\SoundSystem.a(cyfitter_cfg.o)
 .text.AnalogSetDefault
                0x00000628       0x58 .\ARM_GCC_493\Debug\SoundSystem.a(cyfitter_cfg.o)
 .text.cyfitter_cfg
                0x00000680      0x160 .\ARM_GCC_493\Debug\SoundSystem.a(cyfitter_cfg.o)
                0x00000680                cyfitter_cfg
 .text.USBFS_Start
                0x000007e0       0x38 .\ARM_GCC_493\Debug\SoundSystem.a(USBFS.o)
                0x000007e0                USBFS_Start
 .text.USBFS_Init
                0x00000818      0x198 .\ARM_GCC_493\Debug\SoundSystem.a(USBFS.o)
                0x00000818                USBFS_Init
 .text.USBFS_InitComponent
                0x000009b0       0xe8 .\ARM_GCC_493\Debug\SoundSystem.a(USBFS.o)
                0x000009b0                USBFS_InitComponent
 .text.USBFS_ReInitComponent
                0x00000a98       0x68 .\ARM_GCC_493\Debug\SoundSystem.a(USBFS.o)
                0x00000a98                USBFS_ReInitComponent
 .text.USBFS_GetConfiguration
                0x00000b00       0x18 .\ARM_GCC_493\Debug\SoundSystem.a(USBFS.o)
                0x00000b00                USBFS_GetConfiguration
 .text.USBFS_IsConfigurationChanged
                0x00000b18       0x34 .\ARM_GCC_493\Debug\SoundSystem.a(USBFS.o)
                0x00000b18                USBFS_IsConfigurationChanged
 .text.USBFS_GetInterfaceSetting
                0x00000b4c       0x24 .\ARM_GCC_493\Debug\SoundSystem.a(USBFS.o)
                0x00000b4c                USBFS_GetInterfaceSetting
 .text.USBFS_GetEPState
                0x00000b70       0x2c .\ARM_GCC_493\Debug\SoundSystem.a(USBFS.o)
                0x00000b70                USBFS_GetEPState
 .text.USBFS_GetEPCount
                0x00000b9c       0x6c .\ARM_GCC_493\Debug\SoundSystem.a(USBFS.o)
                0x00000b9c                USBFS_GetEPCount
 .text.USBFS_InitEP_DMA
                0x00000c08       0xb8 .\ARM_GCC_493\Debug\SoundSystem.a(USBFS.o)
                0x00000c08                USBFS_InitEP_DMA
 .text.USBFS_ReadOutEP
                0x00000cc0      0x11c .\ARM_GCC_493\Debug\SoundSystem.a(USBFS.o)
                0x00000cc0                USBFS_ReadOutEP
 .text.USBFS_EnableOutEP
                0x00000ddc       0x60 .\ARM_GCC_493\Debug\SoundSystem.a(USBFS.o)
                0x00000ddc                USBFS_EnableOutEP
 .text.USBFS_EP_0_ISR
                0x00000e3c       0xf8 .\ARM_GCC_493\Debug\SoundSystem.a(USBFS_drv.o)
                0x00000e3c                USBFS_EP_0_ISR
 .text.USBFS_HandleSetup
                0x00000f34       0x88 .\ARM_GCC_493\Debug\SoundSystem.a(USBFS_drv.o)
                0x00000f34                USBFS_HandleSetup
 .text.USBFS_HandleIN
                0x00000fbc       0x4c .\ARM_GCC_493\Debug\SoundSystem.a(USBFS_drv.o)
                0x00000fbc                USBFS_HandleIN
 .text.USBFS_HandleOUT
                0x00001008       0x58 .\ARM_GCC_493\Debug\SoundSystem.a(USBFS_drv.o)
                0x00001008                USBFS_HandleOUT
 .text.USBFS_LoadEP0
                0x00001060       0xd4 .\ARM_GCC_493\Debug\SoundSystem.a(USBFS_drv.o)
                0x00001060                USBFS_LoadEP0
 .text.USBFS_InitControlRead
                0x00001134       0x74 .\ARM_GCC_493\Debug\SoundSystem.a(USBFS_drv.o)
                0x00001134                USBFS_InitControlRead
 .text.USBFS_InitZeroLengthControlTransfer
                0x000011a8       0x44 .\ARM_GCC_493\Debug\SoundSystem.a(USBFS_drv.o)
                0x000011a8                USBFS_InitZeroLengthControlTransfer
 .text.USBFS_ControlReadDataStage
                0x000011ec        0xc .\ARM_GCC_493\Debug\SoundSystem.a(USBFS_drv.o)
                0x000011ec                USBFS_ControlReadDataStage
 .text.USBFS_ControlReadStatusStage
                0x000011f8       0x40 .\ARM_GCC_493\Debug\SoundSystem.a(USBFS_drv.o)
                0x000011f8                USBFS_ControlReadStatusStage
 .text.USBFS_InitControlWrite
                0x00001238       0x68 .\ARM_GCC_493\Debug\SoundSystem.a(USBFS_drv.o)
                0x00001238                USBFS_InitControlWrite
 .text.USBFS_ControlWriteDataStage
                0x000012a0       0xb8 .\ARM_GCC_493\Debug\SoundSystem.a(USBFS_drv.o)
                0x000012a0                USBFS_ControlWriteDataStage
 .text.USBFS_ControlWriteStatusStage
                0x00001358       0x20 .\ARM_GCC_493\Debug\SoundSystem.a(USBFS_drv.o)
                0x00001358                USBFS_ControlWriteStatusStage
 .text.USBFS_InitNoDataControlTransfer
                0x00001378       0x38 .\ARM_GCC_493\Debug\SoundSystem.a(USBFS_drv.o)
                0x00001378                USBFS_InitNoDataControlTransfer
 .text.USBFS_NoDataControlStatusStage
                0x000013b0       0x48 .\ARM_GCC_493\Debug\SoundSystem.a(USBFS_drv.o)
                0x000013b0                USBFS_NoDataControlStatusStage
 .text.USBFS_UpdateStatusBlock
                0x000013f8       0x40 .\ARM_GCC_493\Debug\SoundSystem.a(USBFS_drv.o)
                0x000013f8                USBFS_UpdateStatusBlock
 .text.USBFS_InitializeStatusBlock
                0x00001438       0x34 .\ARM_GCC_493\Debug\SoundSystem.a(USBFS_drv.o)
                0x00001438                USBFS_InitializeStatusBlock
 .text.USBFS_EP_2_ISR
                0x0000146c       0x54 .\ARM_GCC_493\Debug\SoundSystem.a(USBFS_episr.o)
                0x0000146c                USBFS_EP_2_ISR
 .text.USBFS_SOF_ISR
                0x000014c0        0xc .\ARM_GCC_493\Debug\SoundSystem.a(USBFS_episr.o)
                0x000014c0                USBFS_SOF_ISR
 .text.USBFS_BUS_RESET_ISR
                0x000014cc        0xc .\ARM_GCC_493\Debug\SoundSystem.a(USBFS_episr.o)
                0x000014cc                USBFS_BUS_RESET_ISR
 .text.USBFS_ARB_ISR
                0x000014d8      0x124 .\ARM_GCC_493\Debug\SoundSystem.a(USBFS_episr.o)
                0x000014d8                USBFS_ARB_ISR
 .text.USBFS_HandleStandardRqst
                0x000015fc      0x46c .\ARM_GCC_493\Debug\SoundSystem.a(USBFS_std.o)
                0x000015fc                USBFS_HandleStandardRqst
 .text.USBFS_ConfigReg
                0x00001a68      0x18c .\ARM_GCC_493\Debug\SoundSystem.a(USBFS_std.o)
                0x00001a68                USBFS_ConfigReg
 .text.USBFS_Config
                0x00001bf4      0x308 .\ARM_GCC_493\Debug\SoundSystem.a(USBFS_std.o)
                0x00001bf4                USBFS_Config
 .text.USBFS_ConfigAltChanged
                0x00001efc      0x27c .\ARM_GCC_493\Debug\SoundSystem.a(USBFS_std.o)
                0x00001efc                USBFS_ConfigAltChanged
 .text.USBFS_GetConfigTablePtr
                0x00002178       0x54 .\ARM_GCC_493\Debug\SoundSystem.a(USBFS_std.o)
                0x00002178                USBFS_GetConfigTablePtr
 .text.USBFS_GetDeviceTablePtr
                0x000021cc       0x24 .\ARM_GCC_493\Debug\SoundSystem.a(USBFS_std.o)
                0x000021cc                USBFS_GetDeviceTablePtr
 .text.USBFS_GetInterfaceClassTablePtr
                0x000021f0       0x4c .\ARM_GCC_493\Debug\SoundSystem.a(USBFS_std.o)
                0x000021f0                USBFS_GetInterfaceClassTablePtr
 .text.USBFS_SetEndpointHalt
                0x0000223c       0xe0 .\ARM_GCC_493\Debug\SoundSystem.a(USBFS_std.o)
                0x0000223c                USBFS_SetEndpointHalt
 .text.USBFS_ClearEndpointHalt
                0x0000231c      0x144 .\ARM_GCC_493\Debug\SoundSystem.a(USBFS_std.o)
                0x0000231c                USBFS_ClearEndpointHalt
 .text.USBFS_ValidateAlternateSetting
                0x00002460       0x78 .\ARM_GCC_493\Debug\SoundSystem.a(USBFS_std.o)
                0x00002460                USBFS_ValidateAlternateSetting
 .text.USBFS_HandleVendorRqst
                0x000024d8       0x3c .\ARM_GCC_493\Debug\SoundSystem.a(USBFS_vnd.o)
                0x000024d8                USBFS_HandleVendorRqst
 .text.VDAC8_Init
                0x00002514       0x28 .\ARM_GCC_493\Debug\SoundSystem.a(VDAC8.o)
                0x00002514                VDAC8_Init
 .text.VDAC8_Enable
                0x0000253c       0x34 .\ARM_GCC_493\Debug\SoundSystem.a(VDAC8.o)
                0x0000253c                VDAC8_Enable
 .text.VDAC8_Start
                0x00002570       0x28 .\ARM_GCC_493\Debug\SoundSystem.a(VDAC8.o)
                0x00002570                VDAC8_Start
 .text.VDAC8_SetSpeed
                0x00002598       0x40 .\ARM_GCC_493\Debug\SoundSystem.a(VDAC8.o)
                0x00002598                VDAC8_SetSpeed
 .text.VDAC8_SetRange
                0x000025d8       0x40 .\ARM_GCC_493\Debug\SoundSystem.a(VDAC8.o)
                0x000025d8                VDAC8_SetRange
 .text.VDAC8_SetValue
                0x00002618       0x20 .\ARM_GCC_493\Debug\SoundSystem.a(VDAC8.o)
                0x00002618                VDAC8_SetValue
 .text.VDAC8_DacTrim
                0x00002638       0x3c .\ARM_GCC_493\Debug\SoundSystem.a(VDAC8.o)
                0x00002638                VDAC8_DacTrim
 .text.VDACoutDMA_DmaInitialize
                0x00002674       0x68 .\ARM_GCC_493\Debug\SoundSystem.a(VDACoutDMA_dma.o)
                0x00002674                VDACoutDMA_DmaInitialize
 .text.VDACoutDMA_done_isr_StartEx
                0x000026dc       0x24 .\ARM_GCC_493\Debug\SoundSystem.a(VDACoutDMA_done_isr.o)
                0x000026dc                VDACoutDMA_done_isr_StartEx
 .text.VDACoutDMA_done_isr_SetVector
                0x00002700       0x24 .\ARM_GCC_493\Debug\SoundSystem.a(VDACoutDMA_done_isr.o)
                0x00002700                VDACoutDMA_done_isr_SetVector
 .text.VDACoutDMA_done_isr_SetPriority
                0x00002724       0x24 .\ARM_GCC_493\Debug\SoundSystem.a(VDACoutDMA_done_isr.o)
                0x00002724                VDACoutDMA_done_isr_SetPriority
 .text.VDACoutDMA_done_isr_Enable
                0x00002748       0x18 .\ARM_GCC_493\Debug\SoundSystem.a(VDACoutDMA_done_isr.o)
                0x00002748                VDACoutDMA_done_isr_Enable
 .text.VDACoutDMA_done_isr_Disable
                0x00002760       0x18 .\ARM_GCC_493\Debug\SoundSystem.a(VDACoutDMA_done_isr.o)
                0x00002760                VDACoutDMA_done_isr_Disable
 .text.LCD_Init
                0x00002778       0x6c .\ARM_GCC_493\Debug\SoundSystem.a(LCD.o)
                0x00002778                LCD_Init
 .text.LCD_Enable
                0x000027e4       0x18 .\ARM_GCC_493\Debug\SoundSystem.a(LCD.o)
                0x000027e4                LCD_Enable
 .text.LCD_Start
                0x000027fc       0x20 .\ARM_GCC_493\Debug\SoundSystem.a(LCD.o)
                0x000027fc                LCD_Start
 .text.LCD_Position
                0x0000281c       0x6c .\ARM_GCC_493\Debug\SoundSystem.a(LCD.o)
                0x0000281c                LCD_Position
 .text.LCD_PrintString
                0x00002888       0x38 .\ARM_GCC_493\Debug\SoundSystem.a(LCD.o)
                0x00002888                LCD_PrintString
 .text.LCD_WriteData
                0x000028c0       0x34 .\ARM_GCC_493\Debug\SoundSystem.a(LCD.o)
                0x000028c0                LCD_WriteData
 .text.LCD_WriteControl
                0x000028f4       0x34 .\ARM_GCC_493\Debug\SoundSystem.a(LCD.o)
                0x000028f4                LCD_WriteControl
 .text.LCD_IsReady
                0x00002928      0x158 .\ARM_GCC_493\Debug\SoundSystem.a(LCD.o)
                0x00002928                LCD_IsReady
 .text.LCD_WrDatNib
                0x00002a80       0x78 .\ARM_GCC_493\Debug\SoundSystem.a(LCD.o)
 .text.LCD_WrCntrlNib
                0x00002af8       0x60 .\ARM_GCC_493\Debug\SoundSystem.a(LCD.o)
 .text.USBFS_ep2_DmaInitialize
                0x00002b58       0x68 .\ARM_GCC_493\Debug\SoundSystem.a(USBFS_ep2_dma.o)
                0x00002b58                USBFS_ep2_DmaInitialize
 .text.CyDmacConfigure
                0x00002bc0       0x5c .\ARM_GCC_493\Debug\SoundSystem.a(CyDmac.o)
                0x00002bc0                CyDmacConfigure
 .text.CyDmaChEnable
                0x00002c1c       0x8c .\ARM_GCC_493\Debug\SoundSystem.a(CyDmac.o)
                0x00002c1c                CyDmaChEnable
 .text.CyDmaChDisable
                0x00002ca8       0x64 .\ARM_GCC_493\Debug\SoundSystem.a(CyDmac.o)
                0x00002ca8                CyDmaChDisable
 .text.CyDmaChPriority
                0x00002d0c       0x60 .\ARM_GCC_493\Debug\SoundSystem.a(CyDmac.o)
                0x00002d0c                CyDmaChPriority
 .text.CyDmaChSetExtendedAddress
                0x00002d6c       0x7c .\ARM_GCC_493\Debug\SoundSystem.a(CyDmac.o)
                0x00002d6c                CyDmaChSetExtendedAddress
 .text.CyDmaChSetInitialTd
                0x00002de8       0x3c .\ARM_GCC_493\Debug\SoundSystem.a(CyDmac.o)
                0x00002de8                CyDmaChSetInitialTd
 .text.CyDmaChSetConfiguration
                0x00002e24       0xa0 .\ARM_GCC_493\Debug\SoundSystem.a(CyDmac.o)
                0x00002e24                CyDmaChSetConfiguration
 .text.CyDmaTdAllocate
                0x00002ec4       0x5c .\ARM_GCC_493\Debug\SoundSystem.a(CyDmac.o)
                0x00002ec4                CyDmaTdAllocate
 .text.CyDmaTdSetConfiguration
                0x00002f20       0x80 .\ARM_GCC_493\Debug\SoundSystem.a(CyDmac.o)
                0x00002f20                CyDmaTdSetConfiguration
 .text.CyDmaTdSetAddress
                0x00002fa0       0x5c .\ARM_GCC_493\Debug\SoundSystem.a(CyDmac.o)
                0x00002fa0                CyDmaTdSetAddress
 .text.CyHalt   0x00002ffc       0x18 .\ARM_GCC_493\Debug\SoundSystem.a(CyLib.o)
                0x00002ffc                CyHalt
 .text.CyDelay  0x00003014       0x44 .\ARM_GCC_493\Debug\SoundSystem.a(CyLib.o)
                0x00003014                CyDelay
 .text.CyDelayUs
                0x00003058       0x24 .\ARM_GCC_493\Debug\SoundSystem.a(CyLib.o)
                0x00003058                CyDelayUs
 .text.CyIntSetVector
                0x0000307c       0x50 .\ARM_GCC_493\Debug\SoundSystem.a(CyLib.o)
                0x0000307c                CyIntSetVector
 .text.CyIntSetPriority
                0x000030cc       0x44 .\ARM_GCC_493\Debug\SoundSystem.a(CyLib.o)
                0x000030cc                CyIntSetPriority
 .text.interrupcionDMA_Write
                0x00003110       0x38 .\ARM_GCC_493\Debug\SoundSystem.a(interrupcionDMA.o)
                0x00003110                interrupcionDMA_Write
 .text.interrupcionDMA_Read
                0x00003148       0x20 .\ARM_GCC_493\Debug\SoundSystem.a(interrupcionDMA.o)
                0x00003148                interrupcionDMA_Read
 .text.outindexinIndex_Write
                0x00003168       0x3c .\ARM_GCC_493\Debug\SoundSystem.a(outindexinIndex.o)
                0x00003168                outindexinIndex_Write
 .text.outindexinIndex_Read
                0x000031a4       0x20 .\ARM_GCC_493\Debug\SoundSystem.a(outindexinIndex.o)
                0x000031a4                outindexinIndex_Read
 .text.leyendoDelUSB_Write
                0x000031c4       0x3c .\ARM_GCC_493\Debug\SoundSystem.a(leyendoDelUSB.o)
                0x000031c4                leyendoDelUSB_Write
 .text.leyendoDelUSB_Read
                0x00003200       0x20 .\ARM_GCC_493\Debug\SoundSystem.a(leyendoDelUSB.o)
                0x00003200                leyendoDelUSB_Read
 .text          0x00003220       0x20 .\ARM_GCC_493\Debug\SoundSystem.a(CyBootAsmGnu.o)
                0x00003220                CyDelayCycles
                0x00003230                CyEnterCriticalSection
                0x00003238                CyExitCriticalSection
 .text.USBFS_DispatchClassRqst
                0x00003240       0x8c .\ARM_GCC_493\Debug\SoundSystem.a(USBFS_cls.o)
                0x00003240                USBFS_DispatchClassRqst
 .text.USBFS_DispatchAUDIOClassRqst
                0x000032cc      0x234 .\ARM_GCC_493\Debug\SoundSystem.a(USBFS_audio.o)
                0x000032cc                USBFS_DispatchAUDIOClassRqst
 .text.__libc_init_array
                0x00003500       0x4c c:/program files (x86)/cypress/psoc creator/4.0/psoc creator/import/gnu/arm/4.9.3/bin/../lib/gcc/arm-none-eabi/4.9.3/../../../../arm-none-eabi/lib/armv7-m\libg_nano.a(lib_a-init.o)
                0x00003500                __libc_init_array
 .text.memcpy   0x0000354c       0x16 c:/program files (x86)/cypress/psoc creator/4.0/psoc creator/import/gnu/arm/4.9.3/bin/../lib/gcc/arm-none-eabi/4.9.3/../../../../arm-none-eabi/lib/armv7-m\libg_nano.a(lib_a-memcpy.o)
                0x0000354c                memcpy
 .text.memset   0x00003562       0x10 c:/program files (x86)/cypress/psoc creator/4.0/psoc creator/import/gnu/arm/4.9.3/bin/../lib/gcc/arm-none-eabi/4.9.3/../../../../arm-none-eabi/lib/armv7-m\libg_nano.a(lib_a-memset.o)
                0x00003562                memset
 *(.plt)
 *(.gnu.warning)
 *(.glue_7t)
 .glue_7t       0x00000000        0x0 linker stubs
 *(.glue_7)
 .glue_7        0x00000000        0x0 linker stubs
 *(.vfp11_veneer)
 .vfp11_veneer  0x00000000        0x0 linker stubs
 *(.bootloader)
 *(.ARM.extab* .gnu.linkonce.armextab.*)
 *(.gcc_except_table)

.v4_bx          0x00003574        0x0
 .v4_bx         0x00000000        0x0 linker stubs

.iplt           0x00003574        0x0
 .iplt          0x00000000        0x0 c:/program files (x86)/cypress/psoc creator/4.0/psoc creator/import/gnu/arm/4.9.3/bin/../lib/gcc/arm-none-eabi/4.9.3/armv7-m/crtbegin.o

.eh_frame_hdr
 *(.eh_frame_hdr)

.eh_frame       0x00003574        0x4
 *(.eh_frame)
 .eh_frame      0x00003574        0x0 c:/program files (x86)/cypress/psoc creator/4.0/psoc creator/import/gnu/arm/4.9.3/bin/../lib/gcc/arm-none-eabi/4.9.3/armv7-m/crtbegin.o
 .eh_frame      0x00003574        0x4 c:/program files (x86)/cypress/psoc creator/4.0/psoc creator/import/gnu/arm/4.9.3/bin/../lib/gcc/arm-none-eabi/4.9.3/armv7-m/crtend.o
                0x00003578                PROVIDE (__exidx_start, .)

.ARM.exidx
 *(.ARM.exidx* .gnu.linkonce.armexidx.*)
                0x00003578                __exidx_end = .

.rodata         0x00003578      0x358
 *(.rodata .rodata.* .gnu.linkonce.r.*)
 .rodata        0x00003578       0x2c .\ARM_GCC_493\Debug\main.o
 .rodata        0x000035a4       0xbc .\ARM_GCC_493\Debug\SoundSystem.a(cyfitter_cfg.o)
 .rodata        0x00003660      0x23c .\ARM_GCC_493\Debug\SoundSystem.a(USBFS_descr.o)
                0x00003660                USBFS_DEVICE0_DESCR
                0x00003674                USBFS_DEVICE0_CONFIGURATION0_DESCR
                0x000036dc                USBFS_STRING_DESCRIPTORS
                0x00003850                USBFS_DEVICE0_CONFIGURATION0_EP_SETTINGS_TABLE
                0x00003858                USBFS_DEVICE0_CONFIGURATION0_INTERFACE_CLASS
                0x0000385c                USBFS_DEVICE0_CONFIGURATION0_TABLE
                0x00003884                USBFS_DEVICE0_TABLE
                0x00003894                USBFS_TABLE
                0x0000389c                . = ALIGN (0x4)
 *(.init)
 .init          0x0000389c        0x4 c:/program files (x86)/cypress/psoc creator/4.0/psoc creator/import/gnu/arm/4.9.3/bin/../lib/gcc/arm-none-eabi/4.9.3/armv7-m/crti.o
                0x0000389c                _init
 .init          0x000038a0        0x8 c:/program files (x86)/cypress/psoc creator/4.0/psoc creator/import/gnu/arm/4.9.3/bin/../lib/gcc/arm-none-eabi/4.9.3/armv7-m/crtn.o
                0x000038a8                . = ALIGN (0x4)
                0x000038a8                __preinit_array_start = .
 *(.preinit_array)
                0x000038a8                __preinit_array_end = .
                0x000038a8                . = ALIGN (0x4)
                0x000038a8                __init_array_start = .
 *(SORT(.init_array.*))
 *(.init_array)
 .init_array    0x000038a8        0x4 c:/program files (x86)/cypress/psoc creator/4.0/psoc creator/import/gnu/arm/4.9.3/bin/../lib/gcc/arm-none-eabi/4.9.3/armv7-m/crtbegin.o
 .init_array    0x000038ac        0x4 .\ARM_GCC_493\Debug\Cm3Start.o
                0x000038b0                __init_array_end = .
                0x000038b0                . = ALIGN (0x4)
 *(.fini)
 .fini          0x000038b0        0x4 c:/program files (x86)/cypress/psoc creator/4.0/psoc creator/import/gnu/arm/4.9.3/bin/../lib/gcc/arm-none-eabi/4.9.3/armv7-m/crti.o
                0x000038b0                _fini
 .fini          0x000038b4        0x8 c:/program files (x86)/cypress/psoc creator/4.0/psoc creator/import/gnu/arm/4.9.3/bin/../lib/gcc/arm-none-eabi/4.9.3/armv7-m/crtn.o
                0x000038bc                . = ALIGN (0x4)
                0x000038bc                __fini_array_start = .
 *(.fini_array)
 .fini_array    0x000038bc        0x4 c:/program files (x86)/cypress/psoc creator/4.0/psoc creator/import/gnu/arm/4.9.3/bin/../lib/gcc/arm-none-eabi/4.9.3/armv7-m/crtbegin.o
 *(SORT(.fini_array.*))
                0x000038c0                __fini_array_end = .
                0x000038c0                . = ALIGN (0x4)
 *crtbegin.o(.ctors)
 *(EXCLUDE_FILE(*crtend.o) .ctors)
 *(SORT(.ctors.*))
 *crtend.o(.ctors)
                0x000038c0                . = ALIGN (0x4)
 *crtbegin.o(.dtors)
 *(EXCLUDE_FILE(*crtend.o) .dtors)
 *(SORT(.dtors.*))
 *crtend.o(.dtors)
                0x000038c0                . = ALIGN (0x4)
                0x000038c0                __cy_regions = .
                0x000038c0        0x4 LONG 0x38d0 __cy_region_init_ram
                0x000038c4        0x4 LONG 0x1fff8108 __cy_region_start_data
                0x000038c8        0x4 LONG 0x30 __cy_region_init_size_ram
                0x000038cc        0x4 LONG 0x250 __cy_region_zero_size_ram
                0x000038d0                __cy_regions_end = .
                0x000038d0                . = ALIGN (0x8)
                0x000038d0                _etext = .

.ramvectors     0x1fff8000      0x100
                0x1fff8000                __cy_region_start_ram = .
 *(.ramvectors)
 .ramvectors    0x1fff8000      0x100 .\ARM_GCC_493\Debug\Cm3Start.o
                0x1fff8000                CyRamVectors

.noinit         0x1fff8100        0x5
 *(.noinit)
 .noinit        0x1fff8100        0x4 .\ARM_GCC_493\Debug\Cm3Start.o
 .noinit        0x1fff8104        0x1 .\ARM_GCC_493\Debug\SoundSystem.a(CyLib.o)
                0x1fff8104                CyResetStatus

.data           0x1fff8108       0x30 load address 0x000038d0
                0x1fff8108                __cy_region_start_data = .
 *(.jcr)
 .jcr           0x1fff8108        0x0 c:/program files (x86)/cypress/psoc creator/4.0/psoc creator/import/gnu/arm/4.9.3/bin/../lib/gcc/arm-none-eabi/4.9.3/armv7-m/crtbegin.o
 .jcr           0x1fff8108        0x4 c:/program files (x86)/cypress/psoc creator/4.0/psoc creator/import/gnu/arm/4.9.3/bin/../lib/gcc/arm-none-eabi/4.9.3/armv7-m/crtend.o
 *(.got.plt)
 *(.got)
 *(.shdata)
 *(.data .data.* .gnu.linkonce.d.*)
 .data          0x1fff810c        0x1 .\ARM_GCC_493\Debug\SoundSystem.a(VDACoutDMA_dma.o)
                0x1fff810c                VDACoutDMA_DmaHandle
 .data          0x1fff810d        0x1 .\ARM_GCC_493\Debug\SoundSystem.a(USBFS_ep2_dma.o)
                0x1fff810d                USBFS_ep2_DmaHandle
 *fill*         0x1fff810e        0x2 
 .data          0x1fff8110        0x8 .\ARM_GCC_493\Debug\SoundSystem.a(CyDmac.o)
 .data          0x1fff8118       0x10 .\ARM_GCC_493\Debug\SoundSystem.a(CyLib.o)
                0x1fff8118                cydelay_freq_hz
                0x1fff811c                cydelay_freq_khz
                0x1fff8120                cydelay_freq_mhz
                0x1fff8124                cydelay_32k_ms
 .data          0x1fff8128        0xc .\ARM_GCC_493\Debug\SoundSystem.a(USBFS_audio.o)
                0x1fff8128                USBFS_minimumVolume
                0x1fff812c                USBFS_maximumVolume
                0x1fff8130                USBFS_resolutionVolume
                0x1fff8138                . = ALIGN (0x8)
 *fill*         0x1fff8134        0x4 
 *(.ram)
                0x1fff8138                _edata = .

.igot.plt       0x1fff8138        0x0 load address 0x00003900
 .igot.plt      0x00000000        0x0 c:/program files (x86)/cypress/psoc creator/4.0/psoc creator/import/gnu/arm/4.9.3/bin/../lib/gcc/arm-none-eabi/4.9.3/armv7-m/crtbegin.o

.bss            0x1fff8138      0x250 load address 0x00003900
                0x1fff8138                PROVIDE (__bss_start__, .)
 *(.shbss)
 *(.bss .bss.* .gnu.linkonce.b.*)
 .bss           0x1fff8138       0x1c c:/program files (x86)/cypress/psoc creator/4.0/psoc creator/import/gnu/arm/4.9.3/bin/../lib/gcc/arm-none-eabi/4.9.3/armv7-m/crtbegin.o
 .bss           0x1fff8154        0x6 .\ARM_GCC_493\Debug\main.o
                0x1fff8154                outIndex
                0x1fff8156                inIndex
                0x1fff8158                syncDMA
                0x1fff8159                syncDMA_counter
 .bss           0x1fff815a        0x1 .\ARM_GCC_493\Debug\SoundSystem.a(USBFS.o)
                0x1fff815a                USBFS_initVar
 *fill*         0x1fff815b        0x1 
 .bss           0x1fff815c        0x4 .\ARM_GCC_493\Debug\SoundSystem.a(USBFS_std.o)
 .bss           0x1fff8160        0x1 .\ARM_GCC_493\Debug\SoundSystem.a(VDAC8.o)
                0x1fff8160                VDAC8_initVar
 .bss           0x1fff8161        0x2 .\ARM_GCC_493\Debug\SoundSystem.a(LCD.o)
                0x1fff8161                LCD_enableState
                0x1fff8162                LCD_initVar
 *(COMMON)
 *fill*         0x1fff8163        0x1 
 COMMON         0x1fff8164      0x14b .\ARM_GCC_493\Debug\main.o
                0x1fff8164                soundBuffer
                0x1fff82a4                VDACoutDMA_TD
                0x1fff82ae                VDACoutDMA_Chan
 *fill*         0x1fff82af        0x1 
 COMMON         0x1fff82b0       0x15 .\ARM_GCC_493\Debug\SoundSystem.a(USBFS.o)
                0x1fff82b0                USBFS_DmaChan
                0x1fff82bc                USBFS_DmaTd
 *fill*         0x1fff82c5        0x3 
 COMMON         0x1fff82c8       0x96 .\ARM_GCC_493\Debug\SoundSystem.a(USBFS_drv.o)
                0x1fff82c8                USBFS_deviceAddress
                0x1fff82c9                USBFS_ep0Mode
                0x1fff82cc                USBFS_interfaceSetting
                0x1fff82d0                USBFS_currentTD
                0x1fff82dc                USBFS_device
                0x1fff82dd                USBFS_interfaceNumber
                0x1fff82de                USBFS_ep0Toggle
                0x1fff82df                USBFS_deviceStatus
                0x1fff82e0                USBFS_configurationChanged
                0x1fff82e1                USBFS_configuration
                0x1fff82e2                USBFS_transferState
                0x1fff82e4                USBFS_interfaceStatus
                0x1fff82e8                USBFS_interfaceClass
                0x1fff82ec                USBFS_EP
                0x1fff8358                USBFS_interfaceSetting_last
                0x1fff835a                USBFS_lastPacketSize
                0x1fff835b                USBFS_ep0Count
                0x1fff835c                USBFS_transferByteCount
 *fill*         0x1fff835e        0x2 
 COMMON         0x1fff8360       0x21 .\ARM_GCC_493\Debug\SoundSystem.a(USBFS_audio.o)
                0x1fff8360                USBFS_currentVolume
                0x1fff8364                USBFS_currentSampleFrequency
                0x1fff837f                USBFS_frequencyChanged
                0x1fff8380                USBFS_currentMute
                0x1fff8388                . = ALIGN (0x8)
 *fill*         0x1fff8381        0x7 
 *(.ram.b)
                0x1fff8388                _end = .
                0x1fff8388                __end = .
                0x1fff8388                PROVIDE (end, .)
                0x1fff8388                PROVIDE (__bss_end__, .)
                0x000038d0                __cy_region_init_ram = LOADADDR (.data)
                0x00000030                __cy_region_init_size_ram = (_edata - ADDR (.data))
                0x00000250                __cy_region_zero_size_ram = (_end - _edata)

.heap           0x1fff8388       0x80 load address 0x00003900
                0x1fff8388                . = _end
                0x1fff8408                . = (. + 0x80)
 *fill*         0x1fff8388       0x80 
                0x1fff8408                __cy_heap_limit = .

.stack          0x20007800      0x800
                0x20007800                __cy_stack_limit = .
                0x20008000                . = (. + 0x800)
 *fill*         0x20007800      0x800 
                0x00000001                ASSERT ((__cy_stack_limit >= __cy_heap_limit), region RAM overflowed with stack)

.cyloadermeta
 *(.cyloadermeta)

.cyloadablemeta
 *(.cyloadablemeta)

.cyconfigecc    0x80000000        0x4
 *(.cyconfigecc)
 .cyconfigecc   0x80000000        0x4 .\ARM_GCC_493\Debug\cymetadata.o
                0x80000000                cy_meta_configecc

.cycustnvl      0x90000000        0x4
 *(.cycustnvl)
 .cycustnvl     0x90000000        0x4 .\ARM_GCC_493\Debug\cymetadata.o
                0x90000000                cy_meta_custnvl

.cywolatch      0x90100000        0x4
 *(.cywolatch)
 .cywolatch     0x90100000        0x4 .\ARM_GCC_493\Debug\cymetadata.o
                0x90100000                cy_meta_wonvl

.cyeeprom       0x90200000        0x0
 *(.cyeeprom)
                0x00000001                ASSERT ((. <= ((0x90200000 + ee_offset) + ee_size)), .cyeeprom data will not fit in EEPROM)

.cyflashprotect
                0x90400000      0x100
 *(.cyflashprotect)
 .cyflashprotect
                0x90400000      0x100 .\ARM_GCC_493\Debug\cymetadata.o
                0x90400000                cy_meta_flashprotect

.cymeta         0x90500000        0xc
 *(.cymeta)
 .cymeta        0x90500000        0xc .\ARM_GCC_493\Debug\cymetadata.o
                0x90500000                cy_metadata

.rel.dyn        0x00003900        0x0 load address 0x9050000c
 .rel.iplt      0x00000000        0x0 c:/program files (x86)/cypress/psoc creator/4.0/psoc creator/import/gnu/arm/4.9.3/bin/../lib/gcc/arm-none-eabi/4.9.3/armv7-m/crtbegin.o

.stab
 *(.stab)

.stabstr
 *(.stabstr)

.debug
 *(.debug)

.line
 *(.line)

.debug_srcinfo
 *(.debug_srcinfo)

.debug_sfnames
 *(.debug_sfnames)

.debug_aranges  0x00000000      0xa48
 *(.debug_aranges)
 .debug_aranges
                0x00000000       0x28 .\ARM_GCC_493\Debug\main.o
 .debug_aranges
                0x00000028       0x18 .\ARM_GCC_493\Debug\cymetadata.o
 .debug_aranges
                0x00000040       0x40 .\ARM_GCC_493\Debug\Cm3Start.o
 .debug_aranges
                0x00000080       0x60 .\ARM_GCC_493\Debug\SoundSystem.a(cyfitter_cfg.o)
 .debug_aranges
                0x000000e0       0xc0 .\ARM_GCC_493\Debug\SoundSystem.a(USBFS.o)
 .debug_aranges
                0x000001a0       0x98 .\ARM_GCC_493\Debug\SoundSystem.a(USBFS_drv.o)
 .debug_aranges
                0x00000238       0x38 .\ARM_GCC_493\Debug\SoundSystem.a(USBFS_episr.o)
 .debug_aranges
                0x00000270       0x70 .\ARM_GCC_493\Debug\SoundSystem.a(USBFS_std.o)
 .debug_aranges
                0x000002e0       0x20 .\ARM_GCC_493\Debug\SoundSystem.a(USBFS_vnd.o)
 .debug_aranges
                0x00000300       0x58 .\ARM_GCC_493\Debug\SoundSystem.a(VDAC8.o)
 .debug_aranges
                0x00000358       0x28 .\ARM_GCC_493\Debug\SoundSystem.a(VDACoutDMA_dma.o)
 .debug_aranges
                0x00000380       0x80 .\ARM_GCC_493\Debug\SoundSystem.a(VDACoutDMA_done_isr.o)
 .debug_aranges
                0x00000400       0x98 .\ARM_GCC_493\Debug\SoundSystem.a(LCD.o)
 .debug_aranges
                0x00000498       0x28 .\ARM_GCC_493\Debug\SoundSystem.a(USBFS_ep2_dma.o)
 .debug_aranges
                0x000004c0       0xd8 .\ARM_GCC_493\Debug\SoundSystem.a(CyDmac.o)
 .debug_aranges
                0x00000598      0x218 .\ARM_GCC_493\Debug\SoundSystem.a(CyLib.o)
 .debug_aranges
                0x000007b0       0x90 .\ARM_GCC_493\Debug\SoundSystem.a(cyPm.o)
 .debug_aranges
                0x00000840       0x38 .\ARM_GCC_493\Debug\SoundSystem.a(interrupcionDMA.o)
 .debug_aranges
                0x00000878       0x38 .\ARM_GCC_493\Debug\SoundSystem.a(outindexinIndex.o)
 .debug_aranges
                0x000008b0       0x38 .\ARM_GCC_493\Debug\SoundSystem.a(leyendoDelUSB.o)
 .debug_aranges
                0x000008e8       0x20 .\ARM_GCC_493\Debug\SoundSystem.a(CyBootAsmGnu.o)
 .debug_aranges
                0x00000908       0x20 .\ARM_GCC_493\Debug\SoundSystem.a(USBFS_cls.o)
 .debug_aranges
                0x00000928       0x18 .\ARM_GCC_493\Debug\SoundSystem.a(USBFS_descr.o)
 .debug_aranges
                0x00000940       0x80 .\ARM_GCC_493\Debug\SoundSystem.a(CyFlash.o)
 .debug_aranges
                0x000009c0       0x68 .\ARM_GCC_493\Debug\SoundSystem.a(CySpc.o)
 .debug_aranges
                0x00000a28       0x20 .\ARM_GCC_493\Debug\SoundSystem.a(USBFS_audio.o)

.debug_pubnames
 *(.debug_pubnames)

.debug_info     0x00000000     0x52fb
 *(.debug_info .gnu.linkonce.wi.*)
 .debug_info    0x00000000      0x1be .\ARM_GCC_493\Debug\main.o
 .debug_info    0x000001be      0x139 .\ARM_GCC_493\Debug\cymetadata.o
 .debug_info    0x000002f7      0x2bc .\ARM_GCC_493\Debug\Cm3Start.o
 .debug_info    0x000005b3      0x473 .\ARM_GCC_493\Debug\SoundSystem.a(cyfitter_cfg.o)
 .debug_info    0x00000a26      0x679 .\ARM_GCC_493\Debug\SoundSystem.a(USBFS.o)
 .debug_info    0x0000109f      0x4ec .\ARM_GCC_493\Debug\SoundSystem.a(USBFS_drv.o)
 .debug_info    0x0000158b      0x1d5 .\ARM_GCC_493\Debug\SoundSystem.a(USBFS_episr.o)
 .debug_info    0x00001760      0x6d6 .\ARM_GCC_493\Debug\SoundSystem.a(USBFS_std.o)
 .debug_info    0x00001e36       0xc7 .\ARM_GCC_493\Debug\SoundSystem.a(USBFS_vnd.o)
 .debug_info    0x00001efd      0x183 .\ARM_GCC_493\Debug\SoundSystem.a(VDAC8.o)
 .debug_info    0x00002080      0x112 .\ARM_GCC_493\Debug\SoundSystem.a(VDACoutDMA_dma.o)
 .debug_info    0x00002192      0x236 .\ARM_GCC_493\Debug\SoundSystem.a(VDACoutDMA_done_isr.o)
 .debug_info    0x000023c8      0x3b4 .\ARM_GCC_493\Debug\SoundSystem.a(LCD.o)
 .debug_info    0x0000277c      0x112 .\ARM_GCC_493\Debug\SoundSystem.a(USBFS_ep2_dma.o)
 .debug_info    0x0000288e      0x8ae .\ARM_GCC_493\Debug\SoundSystem.a(CyDmac.o)
 .debug_info    0x0000313c      0xb90 .\ARM_GCC_493\Debug\SoundSystem.a(CyLib.o)
 .debug_info    0x00003ccc      0x534 .\ARM_GCC_493\Debug\SoundSystem.a(cyPm.o)
 .debug_info    0x00004200      0x11c .\ARM_GCC_493\Debug\SoundSystem.a(interrupcionDMA.o)
 .debug_info    0x0000431c      0x11c .\ARM_GCC_493\Debug\SoundSystem.a(outindexinIndex.o)
 .debug_info    0x00004438      0x11c .\ARM_GCC_493\Debug\SoundSystem.a(leyendoDelUSB.o)
 .debug_info    0x00004554       0x63 .\ARM_GCC_493\Debug\SoundSystem.a(CyBootAsmGnu.o)
 .debug_info    0x000045b7      0x19a .\ARM_GCC_493\Debug\SoundSystem.a(USBFS_cls.o)
 .debug_info    0x00004751      0x259 .\ARM_GCC_493\Debug\SoundSystem.a(USBFS_descr.o)
 .debug_info    0x000049aa      0x387 .\ARM_GCC_493\Debug\SoundSystem.a(CyFlash.o)
 .debug_info    0x00004d31      0x3a2 .\ARM_GCC_493\Debug\SoundSystem.a(CySpc.o)
 .debug_info    0x000050d3      0x228 .\ARM_GCC_493\Debug\SoundSystem.a(USBFS_audio.o)

.debug_abbrev   0x00000000     0x1ade
 *(.debug_abbrev)
 .debug_abbrev  0x00000000       0xc9 .\ARM_GCC_493\Debug\main.o
 .debug_abbrev  0x000000c9       0x5d .\ARM_GCC_493\Debug\cymetadata.o
 .debug_abbrev  0x00000126      0x173 .\ARM_GCC_493\Debug\Cm3Start.o
 .debug_abbrev  0x00000299      0x19f .\ARM_GCC_493\Debug\SoundSystem.a(cyfitter_cfg.o)
 .debug_abbrev  0x00000438      0x1d9 .\ARM_GCC_493\Debug\SoundSystem.a(USBFS.o)
 .debug_abbrev  0x00000611      0x16c .\ARM_GCC_493\Debug\SoundSystem.a(USBFS_drv.o)
 .debug_abbrev  0x0000077d       0xfd .\ARM_GCC_493\Debug\SoundSystem.a(USBFS_episr.o)
 .debug_abbrev  0x0000087a      0x1a8 .\ARM_GCC_493\Debug\SoundSystem.a(USBFS_std.o)
 .debug_abbrev  0x00000a22       0x67 .\ARM_GCC_493\Debug\SoundSystem.a(USBFS_vnd.o)
 .debug_abbrev  0x00000a89       0xeb .\ARM_GCC_493\Debug\SoundSystem.a(VDAC8.o)
 .debug_abbrev  0x00000b74       0x8b .\ARM_GCC_493\Debug\SoundSystem.a(VDACoutDMA_dma.o)
 .debug_abbrev  0x00000bff      0x17f .\ARM_GCC_493\Debug\SoundSystem.a(VDACoutDMA_done_isr.o)
 .debug_abbrev  0x00000d7e      0x120 .\ARM_GCC_493\Debug\SoundSystem.a(LCD.o)
 .debug_abbrev  0x00000e9e       0x8b .\ARM_GCC_493\Debug\SoundSystem.a(USBFS_ep2_dma.o)
 .debug_abbrev  0x00000f29      0x187 .\ARM_GCC_493\Debug\SoundSystem.a(CyDmac.o)
 .debug_abbrev  0x000010b0      0x205 .\ARM_GCC_493\Debug\SoundSystem.a(CyLib.o)
 .debug_abbrev  0x000012b5      0x16e .\ARM_GCC_493\Debug\SoundSystem.a(cyPm.o)
 .debug_abbrev  0x00001423       0x90 .\ARM_GCC_493\Debug\SoundSystem.a(interrupcionDMA.o)
 .debug_abbrev  0x000014b3       0x90 .\ARM_GCC_493\Debug\SoundSystem.a(outindexinIndex.o)
 .debug_abbrev  0x00001543       0x90 .\ARM_GCC_493\Debug\SoundSystem.a(leyendoDelUSB.o)
 .debug_abbrev  0x000015d3       0x14 .\ARM_GCC_493\Debug\SoundSystem.a(CyBootAsmGnu.o)
 .debug_abbrev  0x000015e7       0xb8 .\ARM_GCC_493\Debug\SoundSystem.a(USBFS_cls.o)
 .debug_abbrev  0x0000169f       0xb0 .\ARM_GCC_493\Debug\SoundSystem.a(USBFS_descr.o)
 .debug_abbrev  0x0000174f      0x170 .\ARM_GCC_493\Debug\SoundSystem.a(CyFlash.o)
 .debug_abbrev  0x000018bf      0x15d .\ARM_GCC_493\Debug\SoundSystem.a(CySpc.o)
 .debug_abbrev  0x00001a1c       0xc2 .\ARM_GCC_493\Debug\SoundSystem.a(USBFS_audio.o)

.debug_line     0x00000000     0x29f2
 *(.debug_line)
 .debug_line    0x00000000      0x1ee .\ARM_GCC_493\Debug\main.o
 .debug_line    0x000001ee       0x51 .\ARM_GCC_493\Debug\cymetadata.o
 .debug_line    0x0000023f      0x1a7 .\ARM_GCC_493\Debug\Cm3Start.o
 .debug_line    0x000003e6      0x1f4 .\ARM_GCC_493\Debug\SoundSystem.a(cyfitter_cfg.o)
 .debug_line    0x000005da      0x307 .\ARM_GCC_493\Debug\SoundSystem.a(USBFS.o)
 .debug_line    0x000008e1      0x210 .\ARM_GCC_493\Debug\SoundSystem.a(USBFS_drv.o)
 .debug_line    0x00000af1       0xd9 .\ARM_GCC_493\Debug\SoundSystem.a(USBFS_episr.o)
 .debug_line    0x00000bca      0x3c9 .\ARM_GCC_493\Debug\SoundSystem.a(USBFS_std.o)
 .debug_line    0x00000f93       0x6a .\ARM_GCC_493\Debug\SoundSystem.a(USBFS_vnd.o)
 .debug_line    0x00000ffd       0xee .\ARM_GCC_493\Debug\SoundSystem.a(VDAC8.o)
 .debug_line    0x000010eb       0x7d .\ARM_GCC_493\Debug\SoundSystem.a(VDACoutDMA_dma.o)
 .debug_line    0x00001168      0x14e .\ARM_GCC_493\Debug\SoundSystem.a(VDACoutDMA_done_isr.o)
 .debug_line    0x000012b6      0x202 .\ARM_GCC_493\Debug\SoundSystem.a(LCD.o)
 .debug_line    0x000014b8       0x7c .\ARM_GCC_493\Debug\SoundSystem.a(USBFS_ep2_dma.o)
 .debug_line    0x00001534      0x2b5 .\ARM_GCC_493\Debug\SoundSystem.a(CyDmac.o)
 .debug_line    0x000017e9      0x707 .\ARM_GCC_493\Debug\SoundSystem.a(CyLib.o)
 .debug_line    0x00001ef0      0x36d .\ARM_GCC_493\Debug\SoundSystem.a(cyPm.o)
 .debug_line    0x0000225d       0x9e .\ARM_GCC_493\Debug\SoundSystem.a(interrupcionDMA.o)
 .debug_line    0x000022fb       0x9e .\ARM_GCC_493\Debug\SoundSystem.a(outindexinIndex.o)
 .debug_line    0x00002399       0x9c .\ARM_GCC_493\Debug\SoundSystem.a(leyendoDelUSB.o)
 .debug_line    0x00002435       0x66 .\ARM_GCC_493\Debug\SoundSystem.a(CyBootAsmGnu.o)
 .debug_line    0x0000249b       0x95 .\ARM_GCC_493\Debug\SoundSystem.a(USBFS_cls.o)
 .debug_line    0x00002530       0x5d .\ARM_GCC_493\Debug\SoundSystem.a(USBFS_descr.o)
 .debug_line    0x0000258d      0x1c6 .\ARM_GCC_493\Debug\SoundSystem.a(CyFlash.o)
 .debug_line    0x00002753      0x1ac .\ARM_GCC_493\Debug\SoundSystem.a(CySpc.o)
 .debug_line    0x000028ff       0xf3 .\ARM_GCC_493\Debug\SoundSystem.a(USBFS_audio.o)

.debug_frame    0x00000000     0x26e4
 *(.debug_frame)
 .debug_frame   0x00000000       0x50 .\ARM_GCC_493\Debug\main.o
 .debug_frame   0x00000050       0xac .\ARM_GCC_493\Debug\Cm3Start.o
 .debug_frame   0x000000fc      0x16c .\ARM_GCC_493\Debug\SoundSystem.a(cyfitter_cfg.o)
 .debug_frame   0x00000268      0x34c .\ARM_GCC_493\Debug\SoundSystem.a(USBFS.o)
 .debug_frame   0x000005b4      0x23c .\ARM_GCC_493\Debug\SoundSystem.a(USBFS_drv.o)
 .debug_frame   0x000007f0       0x9c .\ARM_GCC_493\Debug\SoundSystem.a(USBFS_episr.o)
 .debug_frame   0x0000088c      0x1c4 .\ARM_GCC_493\Debug\SoundSystem.a(USBFS_std.o)
 .debug_frame   0x00000a50       0x38 .\ARM_GCC_493\Debug\SoundSystem.a(USBFS_vnd.o)
 .debug_frame   0x00000a88      0x130 .\ARM_GCC_493\Debug\SoundSystem.a(VDAC8.o)
 .debug_frame   0x00000bb8       0x58 .\ARM_GCC_493\Debug\SoundSystem.a(VDACoutDMA_dma.o)
 .debug_frame   0x00000c10      0x1e8 .\ARM_GCC_493\Debug\SoundSystem.a(VDACoutDMA_done_isr.o)
 .debug_frame   0x00000df8      0x260 .\ARM_GCC_493\Debug\SoundSystem.a(LCD.o)
 .debug_frame   0x00001058       0x58 .\ARM_GCC_493\Debug\SoundSystem.a(USBFS_ep2_dma.o)
 .debug_frame   0x000010b0      0x3d0 .\ARM_GCC_493\Debug\SoundSystem.a(CyDmac.o)
 .debug_frame   0x00001480      0x9a8 .\ARM_GCC_493\Debug\SoundSystem.a(CyLib.o)
 .debug_frame   0x00001e28      0x218 .\ARM_GCC_493\Debug\SoundSystem.a(cyPm.o)
 .debug_frame   0x00002040       0xa8 .\ARM_GCC_493\Debug\SoundSystem.a(interrupcionDMA.o)
 .debug_frame   0x000020e8       0xa8 .\ARM_GCC_493\Debug\SoundSystem.a(outindexinIndex.o)
 .debug_frame   0x00002190       0xa8 .\ARM_GCC_493\Debug\SoundSystem.a(leyendoDelUSB.o)
 .debug_frame   0x00002238       0x38 .\ARM_GCC_493\Debug\SoundSystem.a(USBFS_cls.o)
 .debug_frame   0x00002270      0x1f8 .\ARM_GCC_493\Debug\SoundSystem.a(CyFlash.o)
 .debug_frame   0x00002468      0x1a8 .\ARM_GCC_493\Debug\SoundSystem.a(CySpc.o)
 .debug_frame   0x00002610       0x38 .\ARM_GCC_493\Debug\SoundSystem.a(USBFS_audio.o)
 .debug_frame   0x00002648       0x28 c:/program files (x86)/cypress/psoc creator/4.0/psoc creator/import/gnu/arm/4.9.3/bin/../lib/gcc/arm-none-eabi/4.9.3/../../../../arm-none-eabi/lib/armv7-m\libg_nano.a(lib_a-exit.o)
 .debug_frame   0x00002670       0x2c c:/program files (x86)/cypress/psoc creator/4.0/psoc creator/import/gnu/arm/4.9.3/bin/../lib/gcc/arm-none-eabi/4.9.3/../../../../arm-none-eabi/lib/armv7-m\libg_nano.a(lib_a-init.o)
 .debug_frame   0x0000269c       0x28 c:/program files (x86)/cypress/psoc creator/4.0/psoc creator/import/gnu/arm/4.9.3/bin/../lib/gcc/arm-none-eabi/4.9.3/../../../../arm-none-eabi/lib/armv7-m\libg_nano.a(lib_a-memcpy.o)
 .debug_frame   0x000026c4       0x20 c:/program files (x86)/cypress/psoc creator/4.0/psoc creator/import/gnu/arm/4.9.3/bin/../lib/gcc/arm-none-eabi/4.9.3/../../../../arm-none-eabi/lib/armv7-m\libg_nano.a(lib_a-memset.o)

.debug_str      0x00000000     0x2556
 *(.debug_str)
 .debug_str     0x00000000      0x1af .\ARM_GCC_493\Debug\main.o
                                0x1f0 (size before relaxing)
 .debug_str     0x000001af       0x75 .\ARM_GCC_493\Debug\cymetadata.o
                                0x1bd (size before relaxing)
 .debug_str     0x00000224      0x10b .\ARM_GCC_493\Debug\Cm3Start.o
                                0x279 (size before relaxing)
 .debug_str     0x0000032f      0x1b8 .\ARM_GCC_493\Debug\SoundSystem.a(cyfitter_cfg.o)
                                0x343 (size before relaxing)
 .debug_str     0x000004e7      0x339 .\ARM_GCC_493\Debug\SoundSystem.a(USBFS.o)
                                0x4b1 (size before relaxing)
 .debug_str     0x00000820      0x2af .\ARM_GCC_493\Debug\SoundSystem.a(USBFS_drv.o)
                                0x558 (size before relaxing)
 .debug_str     0x00000acf       0x79 .\ARM_GCC_493\Debug\SoundSystem.a(USBFS_episr.o)
                                0x23c (size before relaxing)
 .debug_str     0x00000b48      0x230 .\ARM_GCC_493\Debug\SoundSystem.a(USBFS_std.o)
                                0x545 (size before relaxing)
 .debug_str     0x00000d78       0x3a .\ARM_GCC_493\Debug\SoundSystem.a(USBFS_vnd.o)
                                0x196 (size before relaxing)
 .debug_str     0x00000db2       0xa3 .\ARM_GCC_493\Debug\SoundSystem.a(VDAC8.o)
                                0x1f2 (size before relaxing)
 .debug_str     0x00000e55       0xa7 .\ARM_GCC_493\Debug\SoundSystem.a(VDACoutDMA_dma.o)
                                0x1f6 (size before relaxing)
 .debug_str     0x00000efc      0x1c2 .\ARM_GCC_493\Debug\SoundSystem.a(VDACoutDMA_done_isr.o)
                                0x331 (size before relaxing)
 .debug_str     0x000010be      0x177 .\ARM_GCC_493\Debug\SoundSystem.a(LCD.o)
                                0x2d8 (size before relaxing)
 .debug_str     0x00001235       0x68 .\ARM_GCC_493\Debug\SoundSystem.a(USBFS_ep2_dma.o)
                                0x1f2 (size before relaxing)
 .debug_str     0x0000129d      0x35e .\ARM_GCC_493\Debug\SoundSystem.a(CyDmac.o)
                                0x4e4 (size before relaxing)
 .debug_str     0x000015fb      0x5ef .\ARM_GCC_493\Debug\SoundSystem.a(CyLib.o)
                                0x7df (size before relaxing)
 .debug_str     0x00001bea      0x36f .\ARM_GCC_493\Debug\SoundSystem.a(cyPm.o)
                                0x4ee (size before relaxing)
 .debug_str     0x00001f59       0x98 .\ARM_GCC_493\Debug\SoundSystem.a(interrupcionDMA.o)
                                0x1e7 (size before relaxing)
 .debug_str     0x00001ff1       0x8d .\ARM_GCC_493\Debug\SoundSystem.a(outindexinIndex.o)
                                0x1e7 (size before relaxing)
 .debug_str     0x0000207e       0x83 .\ARM_GCC_493\Debug\SoundSystem.a(leyendoDelUSB.o)
                                0x1dd (size before relaxing)
 .debug_str     0x00002101       0x3b .\ARM_GCC_493\Debug\SoundSystem.a(USBFS_cls.o)
                                0x232 (size before relaxing)
 .debug_str     0x0000213c       0xef .\ARM_GCC_493\Debug\SoundSystem.a(USBFS_descr.o)
                                0x2c6 (size before relaxing)
 .debug_str     0x0000222b      0x146 .\ARM_GCC_493\Debug\SoundSystem.a(CyFlash.o)
                                0x2cc (size before relaxing)
 .debug_str     0x00002371       0xfc .\ARM_GCC_493\Debug\SoundSystem.a(CySpc.o)
                                0x290 (size before relaxing)
 .debug_str     0x0000246d       0xe9 .\ARM_GCC_493\Debug\SoundSystem.a(USBFS_audio.o)
                                0x2b1 (size before relaxing)

.debug_loc
 *(.debug_loc)

.debug_macinfo
 *(.debug_macinfo)

.debug_ranges   0x00000000      0x888
 *(.debug_ranges)
 .debug_ranges  0x00000000       0x18 .\ARM_GCC_493\Debug\main.o
 .debug_ranges  0x00000018       0x30 .\ARM_GCC_493\Debug\Cm3Start.o
 .debug_ranges  0x00000048       0x50 .\ARM_GCC_493\Debug\SoundSystem.a(cyfitter_cfg.o)
 .debug_ranges  0x00000098       0xb0 .\ARM_GCC_493\Debug\SoundSystem.a(USBFS.o)
 .debug_ranges  0x00000148       0x88 .\ARM_GCC_493\Debug\SoundSystem.a(USBFS_drv.o)
 .debug_ranges  0x000001d0       0x28 .\ARM_GCC_493\Debug\SoundSystem.a(USBFS_episr.o)
 .debug_ranges  0x000001f8       0x60 .\ARM_GCC_493\Debug\SoundSystem.a(USBFS_std.o)
 .debug_ranges  0x00000258       0x10 .\ARM_GCC_493\Debug\SoundSystem.a(USBFS_vnd.o)
 .debug_ranges  0x00000268       0x48 .\ARM_GCC_493\Debug\SoundSystem.a(VDAC8.o)
 .debug_ranges  0x000002b0       0x18 .\ARM_GCC_493\Debug\SoundSystem.a(VDACoutDMA_dma.o)
 .debug_ranges  0x000002c8       0x70 .\ARM_GCC_493\Debug\SoundSystem.a(VDACoutDMA_done_isr.o)
 .debug_ranges  0x00000338       0x88 .\ARM_GCC_493\Debug\SoundSystem.a(LCD.o)
 .debug_ranges  0x000003c0       0x18 .\ARM_GCC_493\Debug\SoundSystem.a(USBFS_ep2_dma.o)
 .debug_ranges  0x000003d8       0xc8 .\ARM_GCC_493\Debug\SoundSystem.a(CyDmac.o)
 .debug_ranges  0x000004a0      0x208 .\ARM_GCC_493\Debug\SoundSystem.a(CyLib.o)
 .debug_ranges  0x000006a8       0x80 .\ARM_GCC_493\Debug\SoundSystem.a(cyPm.o)
 .debug_ranges  0x00000728       0x28 .\ARM_GCC_493\Debug\SoundSystem.a(interrupcionDMA.o)
 .debug_ranges  0x00000750       0x28 .\ARM_GCC_493\Debug\SoundSystem.a(outindexinIndex.o)
 .debug_ranges  0x00000778       0x28 .\ARM_GCC_493\Debug\SoundSystem.a(leyendoDelUSB.o)
 .debug_ranges  0x000007a0       0x10 .\ARM_GCC_493\Debug\SoundSystem.a(USBFS_cls.o)
 .debug_ranges  0x000007b0       0x70 .\ARM_GCC_493\Debug\SoundSystem.a(CyFlash.o)
 .debug_ranges  0x00000820       0x58 .\ARM_GCC_493\Debug\SoundSystem.a(CySpc.o)
 .debug_ranges  0x00000878       0x10 .\ARM_GCC_493\Debug\SoundSystem.a(USBFS_audio.o)

.comment        0x00000000       0x70
 .comment       0x00000000       0x70 .\ARM_GCC_493\Debug\main.o
                                 0x71 (size before relaxing)
 .comment       0x00000000       0x71 .\ARM_GCC_493\Debug\cymetadata.o
 .comment       0x00000000       0x71 .\ARM_GCC_493\Debug\Cm3Start.o
 .comment       0x00000000       0x71 .\ARM_GCC_493\Debug\SoundSystem.a(cyfitter_cfg.o)
 .comment       0x00000000       0x71 .\ARM_GCC_493\Debug\SoundSystem.a(USBFS.o)
 .comment       0x00000000       0x71 .\ARM_GCC_493\Debug\SoundSystem.a(USBFS_drv.o)
 .comment       0x00000000       0x71 .\ARM_GCC_493\Debug\SoundSystem.a(USBFS_episr.o)
 .comment       0x00000000       0x71 .\ARM_GCC_493\Debug\SoundSystem.a(USBFS_std.o)
 .comment       0x00000000       0x71 .\ARM_GCC_493\Debug\SoundSystem.a(USBFS_vnd.o)
 .comment       0x00000000       0x71 .\ARM_GCC_493\Debug\SoundSystem.a(VDAC8.o)
 .comment       0x00000000       0x71 .\ARM_GCC_493\Debug\SoundSystem.a(VDACoutDMA_dma.o)
 .comment       0x00000000       0x71 .\ARM_GCC_493\Debug\SoundSystem.a(VDACoutDMA_done_isr.o)
 .comment       0x00000000       0x71 .\ARM_GCC_493\Debug\SoundSystem.a(LCD.o)
 .comment       0x00000000       0x71 .\ARM_GCC_493\Debug\SoundSystem.a(USBFS_ep2_dma.o)
 .comment       0x00000000       0x71 .\ARM_GCC_493\Debug\SoundSystem.a(CyDmac.o)
 .comment       0x00000000       0x71 .\ARM_GCC_493\Debug\SoundSystem.a(CyLib.o)
 .comment       0x00000000       0x71 .\ARM_GCC_493\Debug\SoundSystem.a(cyPm.o)
 .comment       0x00000000       0x71 .\ARM_GCC_493\Debug\SoundSystem.a(interrupcionDMA.o)
 .comment       0x00000000       0x71 .\ARM_GCC_493\Debug\SoundSystem.a(outindexinIndex.o)
 .comment       0x00000000       0x71 .\ARM_GCC_493\Debug\SoundSystem.a(leyendoDelUSB.o)
 .comment       0x00000000       0x71 .\ARM_GCC_493\Debug\SoundSystem.a(USBFS_cls.o)
 .comment       0x00000000       0x71 .\ARM_GCC_493\Debug\SoundSystem.a(USBFS_descr.o)
 .comment       0x00000000       0x71 .\ARM_GCC_493\Debug\SoundSystem.a(CyFlash.o)
 .comment       0x00000000       0x71 .\ARM_GCC_493\Debug\SoundSystem.a(CySpc.o)
 .comment       0x00000000       0x71 .\ARM_GCC_493\Debug\SoundSystem.a(USBFS_audio.o)

.debug_weaknames
 *(.debug_weaknames)

.debug_funcnames
 *(.debug_funcnames)

.debug_typenames
 *(.debug_typenames)

.debug_varnames
 *(.debug_varnames)

.note.gnu.arm.ident
 *(.note.gnu.arm.ident)

.ARM.attributes
                0x00000000       0x29
 *(.ARM.attributes)
 .ARM.attributes
                0x00000000       0x1d c:/program files (x86)/cypress/psoc creator/4.0/psoc creator/import/gnu/arm/4.9.3/bin/../lib/gcc/arm-none-eabi/4.9.3/armv7-m/crti.o
 .ARM.attributes
                0x0000001d       0x2d c:/program files (x86)/cypress/psoc creator/4.0/psoc creator/import/gnu/arm/4.9.3/bin/../lib/gcc/arm-none-eabi/4.9.3/armv7-m/crtbegin.o
 .ARM.attributes
                0x0000004a       0x1b c:/program files (x86)/cypress/psoc creator/4.0/psoc creator/import/gnu/arm/4.9.3/bin/../lib/gcc/arm-none-eabi/4.9.3/../../../../arm-none-eabi/lib/armv7-m/crt0.o
 .ARM.attributes
                0x00000065       0x33 .\ARM_GCC_493\Debug\main.o
 .ARM.attributes
                0x00000098       0x33 .\ARM_GCC_493\Debug\cymetadata.o
 .ARM.attributes
                0x000000cb       0x33 .\ARM_GCC_493\Debug\Cm3Start.o
 .ARM.attributes
                0x000000fe       0x33 .\ARM_GCC_493\Debug\SoundSystem.a(cyfitter_cfg.o)
 .ARM.attributes
                0x00000131       0x33 .\ARM_GCC_493\Debug\SoundSystem.a(USBFS.o)
 .ARM.attributes
                0x00000164       0x33 .\ARM_GCC_493\Debug\SoundSystem.a(USBFS_drv.o)
 .ARM.attributes
                0x00000197       0x33 .\ARM_GCC_493\Debug\SoundSystem.a(USBFS_episr.o)
 .ARM.attributes
                0x000001ca       0x33 .\ARM_GCC_493\Debug\SoundSystem.a(USBFS_std.o)
 .ARM.attributes
                0x000001fd       0x33 .\ARM_GCC_493\Debug\SoundSystem.a(USBFS_vnd.o)
 .ARM.attributes
                0x00000230       0x33 .\ARM_GCC_493\Debug\SoundSystem.a(VDAC8.o)
 .ARM.attributes
                0x00000263       0x33 .\ARM_GCC_493\Debug\SoundSystem.a(VDACoutDMA_dma.o)
 .ARM.attributes
                0x00000296       0x33 .\ARM_GCC_493\Debug\SoundSystem.a(VDACoutDMA_done_isr.o)
 .ARM.attributes
                0x000002c9       0x33 .\ARM_GCC_493\Debug\SoundSystem.a(LCD.o)
 .ARM.attributes
                0x000002fc       0x33 .\ARM_GCC_493\Debug\SoundSystem.a(USBFS_ep2_dma.o)
 .ARM.attributes
                0x0000032f       0x33 .\ARM_GCC_493\Debug\SoundSystem.a(CyDmac.o)
 .ARM.attributes
                0x00000362       0x33 .\ARM_GCC_493\Debug\SoundSystem.a(CyLib.o)
 .ARM.attributes
                0x00000395       0x33 .\ARM_GCC_493\Debug\SoundSystem.a(cyPm.o)
 .ARM.attributes
                0x000003c8       0x33 .\ARM_GCC_493\Debug\SoundSystem.a(interrupcionDMA.o)
 .ARM.attributes
                0x000003fb       0x33 .\ARM_GCC_493\Debug\SoundSystem.a(outindexinIndex.o)
 .ARM.attributes
                0x0000042e       0x33 .\ARM_GCC_493\Debug\SoundSystem.a(leyendoDelUSB.o)
 .ARM.attributes
                0x00000461       0x21 .\ARM_GCC_493\Debug\SoundSystem.a(CyBootAsmGnu.o)
 .ARM.attributes
                0x00000482       0x33 .\ARM_GCC_493\Debug\SoundSystem.a(USBFS_cls.o)
 .ARM.attributes
                0x000004b5       0x33 .\ARM_GCC_493\Debug\SoundSystem.a(USBFS_descr.o)
 .ARM.attributes
                0x000004e8       0x33 .\ARM_GCC_493\Debug\SoundSystem.a(CyFlash.o)
 .ARM.attributes
                0x0000051b       0x33 .\ARM_GCC_493\Debug\SoundSystem.a(CySpc.o)
 .ARM.attributes
                0x0000054e       0x33 .\ARM_GCC_493\Debug\SoundSystem.a(USBFS_audio.o)
 .ARM.attributes
                0x00000581       0x2d c:/program files (x86)/cypress/psoc creator/4.0/psoc creator/import/gnu/arm/4.9.3/bin/../lib/gcc/arm-none-eabi/4.9.3/../../../../arm-none-eabi/lib/armv7-m\libg_nano.a(lib_a-exit.o)
 .ARM.attributes
                0x000005ae       0x2d c:/program files (x86)/cypress/psoc creator/4.0/psoc creator/import/gnu/arm/4.9.3/bin/../lib/gcc/arm-none-eabi/4.9.3/../../../../arm-none-eabi/lib/armv7-m\libg_nano.a(lib_a-impure.o)
 .ARM.attributes
                0x000005db       0x2d c:/program files (x86)/cypress/psoc creator/4.0/psoc creator/import/gnu/arm/4.9.3/bin/../lib/gcc/arm-none-eabi/4.9.3/../../../../arm-none-eabi/lib/armv7-m\libg_nano.a(lib_a-init.o)
 .ARM.attributes
                0x00000608       0x2d c:/program files (x86)/cypress/psoc creator/4.0/psoc creator/import/gnu/arm/4.9.3/bin/../lib/gcc/arm-none-eabi/4.9.3/../../../../arm-none-eabi/lib/armv7-m\libg_nano.a(lib_a-memcpy.o)
 .ARM.attributes
                0x00000635       0x2d c:/program files (x86)/cypress/psoc creator/4.0/psoc creator/import/gnu/arm/4.9.3/bin/../lib/gcc/arm-none-eabi/4.9.3/../../../../arm-none-eabi/lib/armv7-m\libg_nano.a(lib_a-memset.o)
 .ARM.attributes
                0x00000662       0x2d c:/program files (x86)/cypress/psoc creator/4.0/psoc creator/import/gnu/arm/4.9.3/bin/../lib/gcc/arm-none-eabi/4.9.3/armv7-m/crtend.o
 .ARM.attributes
                0x0000068f       0x1d c:/program files (x86)/cypress/psoc creator/4.0/psoc creator/import/gnu/arm/4.9.3/bin/../lib/gcc/arm-none-eabi/4.9.3/armv7-m/crtn.o

/DISCARD/
 *(.note.GNU-stack)
OUTPUT(.\ARM_GCC_493\Debug\SoundSystem.elf elf32-littlearm)
